<html>
<body>
<pre>
<h1>µVision Build Log</h1>
<h2>Tool Versions:</h2>
IDE-Version: ¦ÌVision V5.26.2.0
Copyright (C) 2018 ARM Ltd and ARM Germany GmbH. All rights reserved.
License Information: sheldon dai, tencent, LIC=AK1CX-H5HPV-SGF7K-ZGDWF-QC6LB-GRJE8
 
Tool Versions:
Toolchain:       MDK-ARM Professional  Version: 5.26.2.0
Toolchain Path:  C:\Keil_v5\ARM\ARMCC\Bin
C Compiler:      Armcc.exe V5.06 update 6 (build 750)
Assembler:       Armasm.exe V5.06 update 6 (build 750)
Linker/Locator:  ArmLink.exe V5.06 update 6 (build 750)
Library Manager: ArmAr.exe V5.06 update 6 (build 750)
Hex Converter:   FromElf.exe V5.06 update 6 (build 750)
CPU DLL:         SARMCM3.DLL V5.26.2.0
Dialog DLL:      DCM.DLL V1.17.2.0
Target DLL:      STLink\ST-LINKIII-KEIL_SWO.dll V3.0.5.0
Dialog DLL:      TCM.DLL V1.36.1.0
 
<h2>Project:</h2>
D:\Code\tencentos_tiny\temp_develop\TencentOS-tiny\board\TOS_tiny_EVK_STM32L431CBT6\Keil\tencent_firmware_module\TencentOS_tiny.uvprojx
Project File Date:  07/26/2019

<h2>Output:</h2>
*** Using Compiler 'V5.06 update 6 (build 750)', folder: 'C:\Keil_v5\ARM\ARMCC\Bin'
Build target 'TOS_tiny'
compiling main.c...
compiling gpio.c...
compiling mcu_init.c...
compiling stm32l4xx_hal_msp.c...
compiling i2c.c...
compiling stm32l4xx_it_mqtt.c...
compiling usart.c...
compiling stm32l4xx_hal_i2c_ex.c...
compiling stm32l4xx_hal_uart.c...
compiling stm32l4xx_hal.c...
compiling stm32l4xx_hal_uart_ex.c...
compiling stm32l4xx_hal_i2c.c...
compiling stm32l4xx_hal_tim.c...
compiling stm32l4xx_hal_tim_ex.c...
compiling stm32l4xx_hal_rcc.c...
compiling stm32l4xx_hal_rcc_ex.c...
compiling stm32l4xx_hal_flash_ex.c...
compiling stm32l4xx_hal_flash.c...
compiling stm32l4xx_hal_dma.c...
compiling stm32l4xx_hal_flash_ramfunc.c...
compiling stm32l4xx_hal_gpio.c...
compiling stm32l4xx_hal_dma_ex.c...
compiling stm32l4xx_hal_pwr.c...
compiling system_stm32l4xx.c...
compiling DHT11_BUS.c...
compiling stm32l4xx_hal_pwr_ex.c...
compiling tos_event.c...
compiling oled.c...
compiling stm32l4xx_hal_cortex.c...
compiling BH1750.c...
compiling tos_fifo.c...
compiling tos_mmblk.c...
compiling tos_mutex.c...
compiling tos_msg.c...
compiling tos_global.c...
compiling tos_pend.c...
compiling tos_mmheap.c...
compiling tos_queue.c...
compiling tos_sem.c...
compiling tos_robin.c...
compiling tos_task.c...
compiling tos_sys.c...
compiling tos_sched.c...
compiling tos_tick.c...
compiling tencent_firmware_module_wrapper.c...
compiling tos_time.c...
compiling tos_timer.c...
compiling tos_cpu.c...
compiling cmsis_os.c...
compiling port_c.c...
compiling tos_hal_uart.c...
compiling app_demo.c...
compiling esp8266_tencent_firmware.c...
..\..\..\..\devices\esp8266_tencent_firmware\esp8266_tencent_firmware.c(70): warning:  #167-D: argument of type "char *" is incompatible with parameter of type "const uint8_t *"
      tos_at_raw_data_send(&echo, 1000, payload, strlen(payload));
..\..\..\..\devices\esp8266_tencent_firmware\esp8266_tencent_firmware.c: 1 warning, 0 errors
compiling tos_at.c...
compiling tos_at_utils.c...
linking...
Program Size: Code=31284 RO-data=2728 RW-data=144 ZI-data=44184  
FromELF: creating hex file...
"TOS_tiny\TOS_tiny.axf" - 0 Error(s), 1 Warning(s).

<h2>Software Packages used:</h2>

Package Vendor: ARM
                http://www.keil.com/pack/ARM.CMSIS.5.4.0.pack
                ARM.CMSIS.5.4.0
                CMSIS (Cortex Microcontroller Software Interface Standard)
   * Component: CORE Version: 5.1.2

Package Vendor: Keil
                http://www.keil.com/pack/Keil.STM32L4xx_DFP.2.0.0.pack
                Keil.STM32L4xx_DFP.2.0.0
                STMicroelectronics STM32L4 Series Device Support, Drivers and Examples

<h2>Collection of Component include folders:</h2>
  .\RTE\_TOS_tiny
  C:\Keil_v5\ARM\PACK\ARM\CMSIS\5.4.0\CMSIS\Core\Include
  C:\Keil_v5\ARM\PACK\Keil\STM32L4xx_DFP\2.0.0\Drivers\CMSIS\Device\ST\STM32L4xx\Include

<h2>Collection of Component Files used:</h2>

   * Component: ARM::CMSIS:CORE:5.1.2
Build Time Elapsed:  00:01:20
</pre>
</body>
</html>
