<html>
<body>
<pre>
<h1>µVision Build Log</h1>
<h2>Tool Versions:</h2>
IDE-Version: ¦ÌVision V5.26.2.0
Copyright (C) 2018 ARM Ltd and ARM Germany GmbH. All rights reserved.
License Information: sheldon dai, tencent, LIC=AK1CX-H5HPV-SGF7K-ZGDWF-QC6LB-GRJE8
 
Tool Versions:
Toolchain:       MDK-ARM Professional  Version: 5.26.2.0
Toolchain Path:  C:\Keil_v5\ARM\ARMCC\Bin
C Compiler:      Armcc.exe V5.06 update 6 (build 750)
Assembler:       Armasm.exe V5.06 update 6 (build 750)
Linker/Locator:  ArmLink.exe V5.06 update 6 (build 750)
Library Manager: ArmAr.exe V5.06 update 6 (build 750)
Hex Converter:   FromElf.exe V5.06 update 6 (build 750)
CPU DLL:         SARMCM3.DLL V5.26.2.0
Dialog DLL:      DCM.DLL V1.17.2.0
Target DLL:      STLink\ST-LINKIII-KEIL_SWO.dll V3.0.5.0
Dialog DLL:      TCM.DLL V1.36.1.0
 
<h2>Project:</h2>
D:\github\ble_dev\TencentOS-tiny\board\TencentOS_tiny_EVB_MX_Plus\KEIL\qcloud_iot_hub_sdk_mqtt\TencentOS_tiny.uvprojx
Project File Date:  11/14/2019

<h2>Output:</h2>
*** Using Compiler 'V5.06 update 6 (build 750)', folder: 'C:\Keil_v5\ARM\ARMCC\Bin'
Build target 'TencentOS_tiny'
compiling gpio.c...
compiling mcu_init.c...
compiling stm32l4xx_hal_msp.c...
compiling dac.c...
compiling adc.c...
compiling usart.c...
compiling main.c...
compiling i2c.c...
compiling spi.c...
compiling mqtt_sample.c...
..\..\..\..\components\connectivity\qcloud-iot-hub-sdk-3.1.2\3rdparty\include\exports\qcloud_iot_export_log.h(94): warning:  #1295-D: Deprecated declaration IOT_Log_Get_Level - give arg types
  LOG_LEVEL IOT_Log_Get_Level();
..\..\..\..\components\connectivity\qcloud-iot-hub-sdk-3.1.2\3rdparty\include\exports\qcloud_iot_export_log.h(108): warning:  #1295-D: Deprecated declaration IOT_Log_Get_Upload_Level - give arg types
  LOG_LEVEL IOT_Log_Get_Upload_Level();
..\..\..\..\components\connectivity\qcloud-iot-hub-sdk-3.1.2\3rdparty\include\exports\qcloud_iot_export_system.h(38): warning:  #1-D: last line of file ends without a newline
  #endif /* QCLOUD_IOT_EXPORT_COAP_H_ */
..\..\..\..\components\connectivity\qcloud-iot-hub-sdk-3.1.2\3rdparty\include\exports\qcloud_iot_export_dynreg.h(40): warning:  #1-D: last line of file ends without a newline
  #endif //QLCOUD_IOT_EXPORT_DYNREG_H_
..\..\..\..\examples\qcloud_iot_hub_sdk_mqtt\mqtt_sample.c: 4 warnings, 0 errors
compiling stm32l4xx_it_module.c...
compiling qcloud_iot_hub_sdk_mqtt.c...
compiling stm32l4xx_hal_tim_ex.c...
compiling stm32l4xx_hal_tim.c...
compiling stm32l4xx_hal_uart_ex.c...
compiling stm32l4xx_hal_uart.c...
compiling stm32l4xx_hal.c...
compiling stm32l4xx_hal_i2c_ex.c...
compiling stm32l4xx_hal_rcc.c...
compiling stm32l4xx_hal_i2c.c...
compiling stm32l4xx_hal_rcc_ex.c...
compiling stm32l4xx_hal_flash.c...
compiling stm32l4xx_hal_flash_ex.c...
compiling stm32l4xx_hal_flash_ramfunc.c...
compiling stm32l4xx_hal_gpio.c...
compiling stm32l4xx_hal_dma_ex.c...
compiling stm32l4xx_hal_dma.c...
compiling stm32l4xx_hal_pwr.c...
compiling stm32l4xx_hal_pwr_ex.c...
compiling stm32l4xx_hal_cortex.c...
compiling stm32l4xx_hal_adc_ex.c...
compiling stm32l4xx_hal_adc.c...
compiling stm32l4xx_hal_dac.c...
compiling stm32l4xx_hal_dac_ex.c...
compiling stm32l4xx_hal_spi.c...
compiling stm32l4xx_hal_spi_ex.c...
compiling system_stm32l4xx.c...
compiling DHT11_BUS.c...
compiling oled.c...
compiling BH1750.c...
compiling tos_binary_heap.c...
compiling tos_char_fifo.c...
compiling tos_completion.c...
compiling tos_countdownlatch.c...
compiling tos_event.c...
compiling tos_global.c...
compiling tos_mail_queue.c...
compiling tos_message_queue.c...
compiling tos_mmblk.c...
compiling tos_mmheap.c...
compiling tos_mutex.c...
compiling tos_pend.c...
compiling tos_priority_mail_queue.c...
compiling tos_priority_message_queue.c...
compiling tos_priority_queue.c...
compiling tos_ring_queue.c...
compiling tos_robin.c...
compiling tos_sched.c...
compiling tos_sem.c...
compiling tos_sys.c...
compiling tos_task.c...
compiling tos_tick.c...
compiling tos_time.c...
compiling tos_timer.c...
compiling tos_cpu.c...
compiling sal_module_wrapper.c...
compiling port_c.c...
compiling lora_module_wrapper.c...
compiling tencent_firmware_module_wrapper.c...
compiling cmsis_os.c...
compiling esp8266.c...
compiling RHF76.c...
compiling esp8266_tencent_firmware.c...
compiling bc35_28_95.c...
compiling sim800a.c...
compiling entropy_hardware_alt.c...
compiling tos_hal_uart.c...
compiling tos_at.c...
compiling tos_at_utils.c...
compiling aes.c...
compiling aesni.c...
compiling arc4.c...
compiling net_module_alt.c...
compiling timing_alt.c...
compiling aria.c...
compiling asn1parse.c...
compiling asn1write.c...
compiling base64.c...
compiling bignum.c...
compiling blowfish.c...
compiling camellia.c...
compiling ccm.c...
compiling certs.c...
compiling chacha20.c...
compiling chachapoly.c...
compiling cipher.c...
compiling cipher_wrap.c...
compiling cmac.c...
compiling ctr_drbg.c...
compiling debug.c...
compiling des.c...
compiling dhm.c...
compiling ecdh.c...
compiling ecdsa.c...
compiling ecjpake.c...
compiling ecp.c...
compiling ecp_curves.c...
compiling entropy.c...
compiling entropy_poll.c...
compiling error.c...
compiling gcm.c...
compiling havege.c...
compiling hkdf.c...
compiling hmac_drbg.c...
compiling md.c...
compiling md_wrap.c...
compiling md2.c...
compiling md4.c...
compiling memory_buffer_alloc.c...
compiling md5.c...
compiling net_sockets.c...
compiling nist_kw.c...
compiling oid.c...
compiling padlock.c...
compiling pem.c...
compiling pk.c...
compiling pk_wrap.c...
compiling pkcs5.c...
compiling pkcs11.c...
compiling pkcs12.c...
compiling pkparse.c...
compiling pkwrite.c...
compiling platform.c...
compiling platform_util.c...
compiling poly1305.c...
compiling ripemd160.c...
compiling rsa.c...
compiling rsa_internal.c...
compiling sha1.c...
compiling sha512.c...
compiling sha256.c...
compiling ssl_cache.c...
compiling ssl_ciphersuites.c...
compiling ssl_cookie.c...
compiling ssl_cli.c...
compiling ssl_srv.c...
compiling ssl_ticket.c...
compiling threading.c...
compiling timing.c...
compiling ssl_tls.c...
compiling version.c...
compiling version_features.c...
compiling x509.c...
compiling x509_create.c...
compiling x509_crl.c...
compiling x509_crt.c...
compiling x509_csr.c...
compiling x509write_crt.c...
compiling x509write_csr.c...
compiling xtea.c...
compiling HAL_AT_UART_tencentos_tiny.c...
..\..\..\..\components\connectivity\qcloud-iot-hub-sdk-3.1.2\3rdparty\include\exports\qcloud_iot_export_log.h(94): warning:  #1295-D: Deprecated declaration IOT_Log_Get_Level - give arg types
  LOG_LEVEL IOT_Log_Get_Level();
..\..\..\..\components\connectivity\qcloud-iot-hub-sdk-3.1.2\3rdparty\include\exports\qcloud_iot_export_log.h(108): warning:  #1295-D: Deprecated declaration IOT_Log_Get_Upload_Level - give arg types
  LOG_LEVEL IOT_Log_Get_Upload_Level();
..\..\..\..\components\connectivity\qcloud-iot-hub-sdk-3.1.2\3rdparty\include\exports\qcloud_iot_export_system.h(38): warning:  #1-D: last line of file ends without a newline
  #endif /* QCLOUD_IOT_EXPORT_COAP_H_ */
..\..\..\..\components\connectivity\qcloud-iot-hub-sdk-3.1.2\3rdparty\include\exports\qcloud_iot_export_dynreg.h(40): warning:  #1-D: last line of file ends without a newline
  #endif //QLCOUD_IOT_EXPORT_DYNREG_H_
..\..\..\..\components\connectivity\qcloud-iot-hub-sdk-3.1.2\port\TencentOS_tiny\HAL_AT_UART_tencentos_tiny.c: 4 warnings, 0 errors
compiling HAL_Device_tencentos_tiny.c...
..\..\..\..\components\connectivity\qcloud-iot-hub-sdk-3.1.2\3rdparty\include\exports\qcloud_iot_export_log.h(94): warning:  #1295-D: Deprecated declaration IOT_Log_Get_Level - give arg types
  LOG_LEVEL IOT_Log_Get_Level();
..\..\..\..\components\connectivity\qcloud-iot-hub-sdk-3.1.2\3rdparty\include\exports\qcloud_iot_export_log.h(108): warning:  #1295-D: Deprecated declaration IOT_Log_Get_Upload_Level - give arg types
  LOG_LEVEL IOT_Log_Get_Upload_Level();
..\..\..\..\components\connectivity\qcloud-iot-hub-sdk-3.1.2\3rdparty\include\exports\qcloud_iot_export_system.h(38): warning:  #1-D: last line of file ends without a newline
  #endif /* QCLOUD_IOT_EXPORT_COAP_H_ */
..\..\..\..\components\connectivity\qcloud-iot-hub-sdk-3.1.2\3rdparty\include\exports\qcloud_iot_export_dynreg.h(40): warning:  #1-D: last line of file ends without a newline
  #endif //QLCOUD_IOT_EXPORT_DYNREG_H_
..\..\..\..\components\connectivity\qcloud-iot-hub-sdk-3.1.2\port\TencentOS_tiny\HAL_Device_tencentos_tiny.c: 4 warnings, 0 errors
compiling HAL_OS_tencentos_tiny.c...
compiling mqtt_client.c...
..\..\..\..\components\connectivity\qcloud-iot-hub-sdk-3.1.2\3rdparty\include\exports\qcloud_iot_export_log.h(94): warning:  #1295-D: Deprecated declaration IOT_Log_Get_Level - give arg types
  LOG_LEVEL IOT_Log_Get_Level();
..\..\..\..\components\connectivity\qcloud-iot-hub-sdk-3.1.2\3rdparty\include\exports\qcloud_iot_export_log.h(108): warning:  #1295-D: Deprecated declaration IOT_Log_Get_Upload_Level - give arg types
  LOG_LEVEL IOT_Log_Get_Upload_Level();
..\..\..\..\components\connectivity\qcloud-iot-hub-sdk-3.1.2\3rdparty\include\exports\qcloud_iot_export_system.h(38): warning:  #1-D: last line of file ends without a newline
  #endif /* QCLOUD_IOT_EXPORT_COAP_H_ */
..\..\..\..\components\connectivity\qcloud-iot-hub-sdk-3.1.2\3rdparty\include\exports\qcloud_iot_export_dynreg.h(40): warning:  #1-D: last line of file ends without a newline
  #endif //QLCOUD_IOT_EXPORT_DYNREG_H_
..\..\..\..\components\connectivity\qcloud-iot-hub-sdk-3.1.2\3rdparty\sdk_src\protocol\mqtt\mqtt_client.c: 4 warnings, 0 errors
compiling HAL_TCP_module.c...
..\..\..\..\components\connectivity\qcloud-iot-hub-sdk-3.1.2\3rdparty\include\exports\qcloud_iot_export_log.h(94): warning:  #1295-D: Deprecated declaration IOT_Log_Get_Level - give arg types
  LOG_LEVEL IOT_Log_Get_Level();
..\..\..\..\components\connectivity\qcloud-iot-hub-sdk-3.1.2\3rdparty\include\exports\qcloud_iot_export_log.h(108): warning:  #1295-D: Deprecated declaration IOT_Log_Get_Upload_Level - give arg types
  LOG_LEVEL IOT_Log_Get_Upload_Level();
..\..\..\..\components\connectivity\qcloud-iot-hub-sdk-3.1.2\port\TencentOS_tiny\HAL_TCP_module.c(30): warning:  #177-D: function "_time_left"  was declared but never referenced
  static uint32_t _time_left(uint32_t t_end, uint32_t t_now)
..\..\..\..\components\connectivity\qcloud-iot-hub-sdk-3.1.2\port\TencentOS_tiny\HAL_TCP_module.c: 3 warnings, 0 errors
compiling HAL_Timer_tencentos_tiny.c...
compiling HAL_UDP_module.c...
..\..\..\..\components\connectivity\qcloud-iot-hub-sdk-3.1.2\3rdparty\include\exports\qcloud_iot_export_log.h(94): warning:  #1295-D: Deprecated declaration IOT_Log_Get_Level - give arg types
  LOG_LEVEL IOT_Log_Get_Level();
..\..\..\..\components\connectivity\qcloud-iot-hub-sdk-3.1.2\3rdparty\include\exports\qcloud_iot_export_log.h(108): warning:  #1295-D: Deprecated declaration IOT_Log_Get_Upload_Level - give arg types
  LOG_LEVEL IOT_Log_Get_Upload_Level();
..\..\..\..\components\connectivity\qcloud-iot-hub-sdk-3.1.2\port\TencentOS_tiny\HAL_UDP_module.c: 2 warnings, 0 errors
compiling mqtt_client_common.c...
..\..\..\..\components\connectivity\qcloud-iot-hub-sdk-3.1.2\3rdparty\include\exports\qcloud_iot_export_log.h(94): warning:  #1295-D: Deprecated declaration IOT_Log_Get_Level - give arg types
  LOG_LEVEL IOT_Log_Get_Level();
..\..\..\..\components\connectivity\qcloud-iot-hub-sdk-3.1.2\3rdparty\include\exports\qcloud_iot_export_log.h(108): warning:  #1295-D: Deprecated declaration IOT_Log_Get_Upload_Level - give arg types
  LOG_LEVEL IOT_Log_Get_Upload_Level();
..\..\..\..\components\connectivity\qcloud-iot-hub-sdk-3.1.2\3rdparty\include\exports\qcloud_iot_export_system.h(38): warning:  #1-D: last line of file ends without a newline
  #endif /* QCLOUD_IOT_EXPORT_COAP_H_ */
..\..\..\..\components\connectivity\qcloud-iot-hub-sdk-3.1.2\3rdparty\include\exports\qcloud_iot_export_dynreg.h(40): warning:  #1-D: last line of file ends without a newline
  #endif //QLCOUD_IOT_EXPORT_DYNREG_H_
..\..\..\..\components\connectivity\qcloud-iot-hub-sdk-3.1.2\3rdparty\sdk_src\protocol\mqtt\mqtt_client_common.c(65): warning:  #68-D: integer conversion resulted in a change of sign
      POINTER_SANITY_CHECK(pClient, QCLOUD_ERR_INVAL);
..\..\..\..\components\connectivity\qcloud-iot-hub-sdk-3.1.2\3rdparty\sdk_src\protocol\mqtt\mqtt_client_common.c(1319): warning:  #111-D: statement is unreachable
              break;
..\..\..\..\components\connectivity\qcloud-iot-hub-sdk-3.1.2\3rdparty\sdk_src\protocol\mqtt\mqtt_client_common.c: 6 warnings, 0 errors
compiling mqtt_client_connect.c...
..\..\..\..\components\connectivity\qcloud-iot-hub-sdk-3.1.2\3rdparty\include\exports\qcloud_iot_export_log.h(94): warning:  #1295-D: Deprecated declaration IOT_Log_Get_Level - give arg types
  LOG_LEVEL IOT_Log_Get_Level();
..\..\..\..\components\connectivity\qcloud-iot-hub-sdk-3.1.2\3rdparty\include\exports\qcloud_iot_export_log.h(108): warning:  #1295-D: Deprecated declaration IOT_Log_Get_Upload_Level - give arg types
  LOG_LEVEL IOT_Log_Get_Upload_Level();
..\..\..\..\components\connectivity\qcloud-iot-hub-sdk-3.1.2\3rdparty\include\exports\qcloud_iot_export_system.h(38): warning:  #1-D: last line of file ends without a newline
  #endif /* QCLOUD_IOT_EXPORT_COAP_H_ */
..\..\..\..\components\connectivity\qcloud-iot-hub-sdk-3.1.2\3rdparty\include\exports\qcloud_iot_export_dynreg.h(40): warning:  #1-D: last line of file ends without a newline
  #endif //QLCOUD_IOT_EXPORT_DYNREG_H_
..\..\..\..\components\connectivity\qcloud-iot-hub-sdk-3.1.2\3rdparty\sdk_src\protocol\mqtt\mqtt_client_connect.c: 4 warnings, 0 errors
compiling mqtt_client_net.c...
compiling mqtt_client_publish.c...
..\..\..\..\components\connectivity\qcloud-iot-hub-sdk-3.1.2\3rdparty\include\exports\qcloud_iot_export_log.h(94): warning:  #1295-D: Deprecated declaration IOT_Log_Get_Level - give arg types
  LOG_LEVEL IOT_Log_Get_Level();
..\..\..\..\components\connectivity\qcloud-iot-hub-sdk-3.1.2\3rdparty\include\exports\qcloud_iot_export_log.h(108): warning:  #1295-D: Deprecated declaration IOT_Log_Get_Upload_Level - give arg types
  LOG_LEVEL IOT_Log_Get_Upload_Level();
..\..\..\..\components\connectivity\qcloud-iot-hub-sdk-3.1.2\3rdparty\include\exports\qcloud_iot_export_system.h(38): warning:  #1-D: last line of file ends without a newline
  #endif /* QCLOUD_IOT_EXPORT_COAP_H_ */
..\..\..\..\components\connectivity\qcloud-iot-hub-sdk-3.1.2\3rdparty\include\exports\qcloud_iot_export_dynreg.h(40): warning:  #1-D: last line of file ends without a newline
  #endif //QLCOUD_IOT_EXPORT_DYNREG_H_
..\..\..\..\components\connectivity\qcloud-iot-hub-sdk-3.1.2\3rdparty\sdk_src\protocol\mqtt\mqtt_client_publish.c: 4 warnings, 0 errors
compiling mqtt_client_subscribe.c...
..\..\..\..\components\connectivity\qcloud-iot-hub-sdk-3.1.2\3rdparty\include\exports\qcloud_iot_export_log.h(94): warning:  #1295-D: Deprecated declaration IOT_Log_Get_Level - give arg types
  LOG_LEVEL IOT_Log_Get_Level();
..\..\..\..\components\connectivity\qcloud-iot-hub-sdk-3.1.2\3rdparty\include\exports\qcloud_iot_export_log.h(108): warning:  #1295-D: Deprecated declaration IOT_Log_Get_Upload_Level - give arg types
  LOG_LEVEL IOT_Log_Get_Upload_Level();
..\..\..\..\components\connectivity\qcloud-iot-hub-sdk-3.1.2\3rdparty\include\exports\qcloud_iot_export_system.h(38): warning:  #1-D: last line of file ends without a newline
  #endif /* QCLOUD_IOT_EXPORT_COAP_H_ */
..\..\..\..\components\connectivity\qcloud-iot-hub-sdk-3.1.2\3rdparty\include\exports\qcloud_iot_export_dynreg.h(40): warning:  #1-D: last line of file ends without a newline
  #endif //QLCOUD_IOT_EXPORT_DYNREG_H_
..\..\..\..\components\connectivity\qcloud-iot-hub-sdk-3.1.2\3rdparty\sdk_src\protocol\mqtt\mqtt_client_subscribe.c: 4 warnings, 0 errors
compiling mqtt_client_unsubscribe.c...
..\..\..\..\components\connectivity\qcloud-iot-hub-sdk-3.1.2\3rdparty\include\exports\qcloud_iot_export_log.h(94): warning:  #1295-D: Deprecated declaration IOT_Log_Get_Level - give arg types
  LOG_LEVEL IOT_Log_Get_Level();
..\..\..\..\components\connectivity\qcloud-iot-hub-sdk-3.1.2\3rdparty\include\exports\qcloud_iot_export_log.h(108): warning:  #1295-D: Deprecated declaration IOT_Log_Get_Upload_Level - give arg types
  LOG_LEVEL IOT_Log_Get_Upload_Level();
..\..\..\..\components\connectivity\qcloud-iot-hub-sdk-3.1.2\3rdparty\include\exports\qcloud_iot_export_system.h(38): warning:  #1-D: last line of file ends without a newline
  #endif /* QCLOUD_IOT_EXPORT_COAP_H_ */
..\..\..\..\components\connectivity\qcloud-iot-hub-sdk-3.1.2\3rdparty\include\exports\qcloud_iot_export_dynreg.h(40): warning:  #1-D: last line of file ends without a newline
  #endif //QLCOUD_IOT_EXPORT_DYNREG_H_
..\..\..\..\components\connectivity\qcloud-iot-hub-sdk-3.1.2\3rdparty\sdk_src\protocol\mqtt\mqtt_client_unsubscribe.c: 4 warnings, 0 errors
compiling mqtt_client_yield.c...
..\..\..\..\components\connectivity\qcloud-iot-hub-sdk-3.1.2\3rdparty\include\exports\qcloud_iot_export_log.h(94): warning:  #1295-D: Deprecated declaration IOT_Log_Get_Level - give arg types
  LOG_LEVEL IOT_Log_Get_Level();
..\..\..\..\components\connectivity\qcloud-iot-hub-sdk-3.1.2\3rdparty\include\exports\qcloud_iot_export_log.h(108): warning:  #1295-D: Deprecated declaration IOT_Log_Get_Upload_Level - give arg types
  LOG_LEVEL IOT_Log_Get_Upload_Level();
..\..\..\..\components\connectivity\qcloud-iot-hub-sdk-3.1.2\3rdparty\include\exports\qcloud_iot_export_system.h(38): warning:  #1-D: last line of file ends without a newline
  #endif /* QCLOUD_IOT_EXPORT_COAP_H_ */
..\..\..\..\components\connectivity\qcloud-iot-hub-sdk-3.1.2\3rdparty\include\exports\qcloud_iot_export_dynreg.h(40): warning:  #1-D: last line of file ends without a newline
  #endif //QLCOUD_IOT_EXPORT_DYNREG_H_
..\..\..\..\components\connectivity\qcloud-iot-hub-sdk-3.1.2\3rdparty\sdk_src\protocol\mqtt\mqtt_client_yield.c: 4 warnings, 0 errors
compiling json_parser.c...
..\..\..\..\components\connectivity\qcloud-iot-hub-sdk-3.1.2\3rdparty\include\exports\qcloud_iot_export_log.h(94): warning:  #1295-D: Deprecated declaration IOT_Log_Get_Level - give arg types
  LOG_LEVEL IOT_Log_Get_Level();
..\..\..\..\components\connectivity\qcloud-iot-hub-sdk-3.1.2\3rdparty\include\exports\qcloud_iot_export_log.h(108): warning:  #1295-D: Deprecated declaration IOT_Log_Get_Upload_Level - give arg types
  LOG_LEVEL IOT_Log_Get_Upload_Level();
..\..\..\..\components\connectivity\qcloud-iot-hub-sdk-3.1.2\3rdparty\sdk_src\utils\json_parser.c: 2 warnings, 0 errors
compiling json_token.c...
compiling qcloud_iot_ca.c...
compiling qcloud_iot_device.c...
..\..\..\..\components\connectivity\qcloud-iot-hub-sdk-3.1.2\3rdparty\include\exports\qcloud_iot_export_log.h(94): warning:  #1295-D: Deprecated declaration IOT_Log_Get_Level - give arg types
  LOG_LEVEL IOT_Log_Get_Level();
..\..\..\..\components\connectivity\qcloud-iot-hub-sdk-3.1.2\3rdparty\include\exports\qcloud_iot_export_log.h(108): warning:  #1295-D: Deprecated declaration IOT_Log_Get_Upload_Level - give arg types
  LOG_LEVEL IOT_Log_Get_Upload_Level();
..\..\..\..\components\connectivity\qcloud-iot-hub-sdk-3.1.2\3rdparty\include\exports\qcloud_iot_export_system.h(38): warning:  #1-D: last line of file ends without a newline
  #endif /* QCLOUD_IOT_EXPORT_COAP_H_ */
..\..\..\..\components\connectivity\qcloud-iot-hub-sdk-3.1.2\3rdparty\include\exports\qcloud_iot_export_dynreg.h(40): warning:  #1-D: last line of file ends without a newline
  #endif //QLCOUD_IOT_EXPORT_DYNREG_H_
..\..\..\..\components\connectivity\qcloud-iot-hub-sdk-3.1.2\3rdparty\sdk_src\utils\qcloud_iot_device.c: 4 warnings, 0 errors
compiling qcloud_iot_log.c...
..\..\..\..\components\connectivity\qcloud-iot-hub-sdk-3.1.2\3rdparty\include\exports\qcloud_iot_export_log.h(94): warning:  #1295-D: Deprecated declaration IOT_Log_Get_Level - give arg types
  LOG_LEVEL IOT_Log_Get_Level();
..\..\..\..\components\connectivity\qcloud-iot-hub-sdk-3.1.2\3rdparty\include\exports\qcloud_iot_export_log.h(108): warning:  #1295-D: Deprecated declaration IOT_Log_Get_Upload_Level - give arg types
  LOG_LEVEL IOT_Log_Get_Upload_Level();
..\..\..\..\components\connectivity\qcloud-iot-hub-sdk-3.1.2\3rdparty\sdk_src\utils\qcloud_iot_log.c: 2 warnings, 0 errors
compiling string_utils.c...
..\..\..\..\components\connectivity\qcloud-iot-hub-sdk-3.1.2\3rdparty\include\exports\qcloud_iot_export_log.h(94): warning:  #1295-D: Deprecated declaration IOT_Log_Get_Level - give arg types
  LOG_LEVEL IOT_Log_Get_Level();
..\..\..\..\components\connectivity\qcloud-iot-hub-sdk-3.1.2\3rdparty\include\exports\qcloud_iot_export_log.h(108): warning:  #1295-D: Deprecated declaration IOT_Log_Get_Upload_Level - give arg types
  LOG_LEVEL IOT_Log_Get_Upload_Level();
..\..\..\..\components\connectivity\qcloud-iot-hub-sdk-3.1.2\3rdparty\sdk_src\utils\string_utils.c: 2 warnings, 0 errors
compiling utils_base64.c...
..\..\..\..\components\connectivity\qcloud-iot-hub-sdk-3.1.2\3rdparty\include\exports\qcloud_iot_export_log.h(94): warning:  #1295-D: Deprecated declaration IOT_Log_Get_Level - give arg types
  LOG_LEVEL IOT_Log_Get_Level();
..\..\..\..\components\connectivity\qcloud-iot-hub-sdk-3.1.2\3rdparty\include\exports\qcloud_iot_export_log.h(108): warning:  #1295-D: Deprecated declaration IOT_Log_Get_Upload_Level - give arg types
  LOG_LEVEL IOT_Log_Get_Upload_Level();
..\..\..\..\components\connectivity\qcloud-iot-hub-sdk-3.1.2\3rdparty\sdk_src\utils\utils_base64.c: 2 warnings, 0 errors
compiling utils_aes.c...
..\..\..\..\components\connectivity\qcloud-iot-hub-sdk-3.1.2\3rdparty\include\exports\qcloud_iot_export_log.h(94): warning:  #1295-D: Deprecated declaration IOT_Log_Get_Level - give arg types
  LOG_LEVEL IOT_Log_Get_Level();
..\..\..\..\components\connectivity\qcloud-iot-hub-sdk-3.1.2\3rdparty\include\exports\qcloud_iot_export_log.h(108): warning:  #1295-D: Deprecated declaration IOT_Log_Get_Upload_Level - give arg types
  LOG_LEVEL IOT_Log_Get_Upload_Level();
..\..\..\..\components\connectivity\qcloud-iot-hub-sdk-3.1.2\3rdparty\include\exports\qcloud_iot_export_system.h(38): warning:  #1-D: last line of file ends without a newline
  #endif /* QCLOUD_IOT_EXPORT_COAP_H_ */
..\..\..\..\components\connectivity\qcloud-iot-hub-sdk-3.1.2\3rdparty\include\exports\qcloud_iot_export_dynreg.h(40): warning:  #1-D: last line of file ends without a newline
  #endif //QLCOUD_IOT_EXPORT_DYNREG_H_
..\..\..\..\components\connectivity\qcloud-iot-hub-sdk-3.1.2\3rdparty\sdk_src\utils\utils_aes.c: 4 warnings, 0 errors
compiling utils_getopt.c...
..\..\..\..\components\connectivity\qcloud-iot-hub-sdk-3.1.2\3rdparty\sdk_src\utils\utils_getopt.c(59): warning:  #1293-D: assignment in condition
  		!(oli = strchr(options, utils_optopt))) {
..\..\..\..\components\connectivity\qcloud-iot-hub-sdk-3.1.2\3rdparty\sdk_src\utils\utils_getopt.c: 1 warning, 0 errors
compiling utils_list.c...
..\..\..\..\components\connectivity\qcloud-iot-hub-sdk-3.1.2\3rdparty\include\exports\qcloud_iot_export_log.h(94): warning:  #1295-D: Deprecated declaration IOT_Log_Get_Level - give arg types
  LOG_LEVEL IOT_Log_Get_Level();
..\..\..\..\components\connectivity\qcloud-iot-hub-sdk-3.1.2\3rdparty\include\exports\qcloud_iot_export_log.h(108): warning:  #1295-D: Deprecated declaration IOT_Log_Get_Upload_Level - give arg types
  LOG_LEVEL IOT_Log_Get_Upload_Level();
..\..\..\..\components\connectivity\qcloud-iot-hub-sdk-3.1.2\3rdparty\sdk_src\utils\utils_list.c: 2 warnings, 0 errors
compiling utils_hmac.c...
..\..\..\..\components\connectivity\qcloud-iot-hub-sdk-3.1.2\3rdparty\include\exports\qcloud_iot_export_log.h(94): warning:  #1295-D: Deprecated declaration IOT_Log_Get_Level - give arg types
  LOG_LEVEL IOT_Log_Get_Level();
..\..\..\..\components\connectivity\qcloud-iot-hub-sdk-3.1.2\3rdparty\include\exports\qcloud_iot_export_log.h(108): warning:  #1295-D: Deprecated declaration IOT_Log_Get_Upload_Level - give arg types
  LOG_LEVEL IOT_Log_Get_Upload_Level();
..\..\..\..\components\connectivity\qcloud-iot-hub-sdk-3.1.2\3rdparty\sdk_src\utils\utils_hmac.c: 2 warnings, 0 errors
compiling utils_ringbuff.c...
compiling utils_md5.c...
..\..\..\..\components\connectivity\qcloud-iot-hub-sdk-3.1.2\3rdparty\include\exports\qcloud_iot_export_log.h(94): warning:  #1295-D: Deprecated declaration IOT_Log_Get_Level - give arg types
  LOG_LEVEL IOT_Log_Get_Level();
..\..\..\..\components\connectivity\qcloud-iot-hub-sdk-3.1.2\3rdparty\include\exports\qcloud_iot_export_log.h(108): warning:  #1295-D: Deprecated declaration IOT_Log_Get_Upload_Level - give arg types
  LOG_LEVEL IOT_Log_Get_Upload_Level();
..\..\..\..\components\connectivity\qcloud-iot-hub-sdk-3.1.2\3rdparty\include\exports\qcloud_iot_export_system.h(38): warning:  #1-D: last line of file ends without a newline
  #endif /* QCLOUD_IOT_EXPORT_COAP_H_ */
..\..\..\..\components\connectivity\qcloud-iot-hub-sdk-3.1.2\3rdparty\include\exports\qcloud_iot_export_dynreg.h(40): warning:  #1-D: last line of file ends without a newline
  #endif //QLCOUD_IOT_EXPORT_DYNREG_H_
..\..\..\..\components\connectivity\qcloud-iot-hub-sdk-3.1.2\3rdparty\sdk_src\utils\utils_md5.c: 4 warnings, 0 errors
compiling utils_timer.c...
compiling utils_sha1.c...
..\..\..\..\components\connectivity\qcloud-iot-hub-sdk-3.1.2\3rdparty\include\exports\qcloud_iot_export_log.h(94): warning:  #1295-D: Deprecated declaration IOT_Log_Get_Level - give arg types
  LOG_LEVEL IOT_Log_Get_Level();
..\..\..\..\components\connectivity\qcloud-iot-hub-sdk-3.1.2\3rdparty\include\exports\qcloud_iot_export_log.h(108): warning:  #1295-D: Deprecated declaration IOT_Log_Get_Upload_Level - give arg types
  LOG_LEVEL IOT_Log_Get_Upload_Level();
..\..\..\..\components\connectivity\qcloud-iot-hub-sdk-3.1.2\3rdparty\sdk_src\utils\utils_sha1.c: 2 warnings, 0 errors
compiling network_interface.c...
..\..\..\..\components\connectivity\qcloud-iot-hub-sdk-3.1.2\3rdparty\include\exports\qcloud_iot_export_log.h(94): warning:  #1295-D: Deprecated declaration IOT_Log_Get_Level - give arg types
  LOG_LEVEL IOT_Log_Get_Level();
..\..\..\..\components\connectivity\qcloud-iot-hub-sdk-3.1.2\3rdparty\include\exports\qcloud_iot_export_log.h(108): warning:  #1295-D: Deprecated declaration IOT_Log_Get_Upload_Level - give arg types
  LOG_LEVEL IOT_Log_Get_Upload_Level();
..\..\..\..\components\connectivity\qcloud-iot-hub-sdk-3.1.2\3rdparty\sdk_src\network\network_interface.c: 2 warnings, 0 errors
compiling network_tls.c...
..\..\..\..\components\connectivity\qcloud-iot-hub-sdk-3.1.2\3rdparty\include\exports\qcloud_iot_export_log.h(94): warning:  #1295-D: Deprecated declaration IOT_Log_Get_Level - give arg types
  LOG_LEVEL IOT_Log_Get_Level();
..\..\..\..\components\connectivity\qcloud-iot-hub-sdk-3.1.2\3rdparty\include\exports\qcloud_iot_export_log.h(108): warning:  #1295-D: Deprecated declaration IOT_Log_Get_Upload_Level - give arg types
  LOG_LEVEL IOT_Log_Get_Upload_Level();
..\..\..\..\components\connectivity\qcloud-iot-hub-sdk-3.1.2\3rdparty\sdk_src\network\tls\network_tls.c: 2 warnings, 0 errors
compiling network_socket.c...
..\..\..\..\components\connectivity\qcloud-iot-hub-sdk-3.1.2\3rdparty\include\exports\qcloud_iot_export_log.h(94): warning:  #1295-D: Deprecated declaration IOT_Log_Get_Level - give arg types
  LOG_LEVEL IOT_Log_Get_Level();
..\..\..\..\components\connectivity\qcloud-iot-hub-sdk-3.1.2\3rdparty\include\exports\qcloud_iot_export_log.h(108): warning:  #1295-D: Deprecated declaration IOT_Log_Get_Upload_Level - give arg types
  LOG_LEVEL IOT_Log_Get_Upload_Level();
..\..\..\..\components\connectivity\qcloud-iot-hub-sdk-3.1.2\3rdparty\sdk_src\network\socket\network_socket.c: 2 warnings, 0 errors
compiling HAL_DTLS_mbedtls.c...
..\..\..\..\components\connectivity\qcloud-iot-hub-sdk-3.1.2\3rdparty\include\exports\qcloud_iot_export_log.h(94): warning:  #1295-D: Deprecated declaration IOT_Log_Get_Level - give arg types
  LOG_LEVEL IOT_Log_Get_Level();
..\..\..\..\components\connectivity\qcloud-iot-hub-sdk-3.1.2\3rdparty\include\exports\qcloud_iot_export_log.h(108): warning:  #1295-D: Deprecated declaration IOT_Log_Get_Upload_Level - give arg types
  LOG_LEVEL IOT_Log_Get_Upload_Level();
..\..\..\..\components\connectivity\qcloud-iot-hub-sdk-3.1.2\3rdparty\include\exports\qcloud_iot_export_system.h(38): warning:  #1-D: last line of file ends without a newline
  #endif /* QCLOUD_IOT_EXPORT_COAP_H_ */
..\..\..\..\components\connectivity\qcloud-iot-hub-sdk-3.1.2\3rdparty\include\exports\qcloud_iot_export_dynreg.h(40): warning:  #1-D: last line of file ends without a newline
  #endif //QLCOUD_IOT_EXPORT_DYNREG_H_
..\..\..\..\components\connectivity\qcloud-iot-hub-sdk-3.1.2\3rdparty\platform\tls\mbedtls\HAL_DTLS_mbedtls.c(400): warning:  #1-D: last line of file ends without a newline
  #endif
..\..\..\..\components\connectivity\qcloud-iot-hub-sdk-3.1.2\3rdparty\platform\tls\mbedtls\HAL_DTLS_mbedtls.c: 5 warnings, 0 errors
compiling HAL_TLS_mbedtls.c...
..\..\..\..\components\connectivity\qcloud-iot-hub-sdk-3.1.2\3rdparty\include\exports\qcloud_iot_export_log.h(94): warning:  #1295-D: Deprecated declaration IOT_Log_Get_Level - give arg types
  LOG_LEVEL IOT_Log_Get_Level();
..\..\..\..\components\connectivity\qcloud-iot-hub-sdk-3.1.2\3rdparty\include\exports\qcloud_iot_export_log.h(108): warning:  #1295-D: Deprecated declaration IOT_Log_Get_Upload_Level - give arg types
  LOG_LEVEL IOT_Log_Get_Upload_Level();
..\..\..\..\components\connectivity\qcloud-iot-hub-sdk-3.1.2\3rdparty\platform\tls\mbedtls\HAL_TLS_mbedtls.c: 2 warnings, 0 errors
linking...
Program Size: Code=127932 RO-data=14028 RW-data=560 ZI-data=54464  
FromELF: creating hex file...
".\obj\TencentOS_tiny.axf" - 0 Error(s), 87 Warning(s).

<h2>Software Packages used:</h2>

Package Vendor: ARM
                http://www.keil.com/pack/ARM.CMSIS.5.6.0.pack
                ARM.CMSIS.5.6.0
                CMSIS (Cortex Microcontroller Software Interface Standard)
   * Component: CORE Version: 5.3.0

Package Vendor: Keil
                http://www.keil.com/pack/Keil.STM32L4xx_DFP.2.0.0.pack
                Keil.STM32L4xx_DFP.2.0.0
                STMicroelectronics STM32L4 Series Device Support, Drivers and Examples

<h2>Collection of Component include folders:</h2>
  .\RTE\_TencentOS_tiny
  C:\Keil_v5\ARM\PACK\ARM\CMSIS\5.6.0\CMSIS\Core\Include
  C:\Keil_v5\ARM\PACK\Keil\STM32L4xx_DFP\2.0.0\Drivers\CMSIS\Device\ST\STM32L4xx\Include

<h2>Collection of Component Files used:</h2>

   * Component: ARM::CMSIS:CORE:5.3.0
Build Time Elapsed:  00:00:34
</pre>
</body>
</html>
