<html>
<body>
<pre>
<h1>µVision Build Log</h1>
<h2>Tool Versions:</h2>
IDE-Version: ¦ÌVision V5.26.2.0
Copyright (C) 2018 ARM Ltd and ARM Germany GmbH. All rights reserved.
License Information: sheldon dai, tencent, LIC=AK1CX-H5HPV-SGF7K-ZGDWF-QC6LB-GRJE8
 
Tool Versions:
Toolchain:       MDK-ARM Professional  Version: 5.26.2.0
Toolchain Path:  C:\Keil_v5\ARM\ARMCC\Bin
C Compiler:      Armcc.exe V5.06 update 6 (build 750)
Assembler:       Armasm.exe V5.06 update 6 (build 750)
Linker/Locator:  ArmLink.exe V5.06 update 6 (build 750)
Library Manager: ArmAr.exe V5.06 update 6 (build 750)
Hex Converter:   FromElf.exe V5.06 update 6 (build 750)
CPU DLL:         SARMCM3.DLL V5.26.2.0
Dialog DLL:      DCM.DLL V1.17.2.0
Target DLL:      STLink\ST-LINKIII-KEIL_SWO.dll V3.0.5.0
Dialog DLL:      TCM.DLL V1.36.1.0
 
<h2>Project:</h2>
D:\Code\tencentos_tiny\4github\TencentOS-tiny\board\TencentOS_tiny_EVB_MX\KEIL\tencent_cloud_sdk_mqtt\TencentOS_tiny.uvprojx
Project File Date:  09/16/2019

<h2>Output:</h2>
*** Using Compiler 'V5.06 update 6 (build 750)', folder: 'C:\Keil_v5\ARM\ARMCC\Bin'
Rebuild target 'TencentOS_tiny'
compiling gpio.c...
assembling startup_stm32l431xx.s...
compiling usart.c...
compiling stm32l4xx_hal_msp.c...
compiling mcu_init.c...
compiling adc.c...
compiling main.c...
compiling i2c.c...
compiling dac.c...
compiling spi.c...
compiling stm32l4xx_it_module.c...
compiling tencent_cloud_sdk_mqtt.c...
compiling mqtt_sample.c...
compiling stm32l4xx_hal_tim_ex.c...
compiling stm32l4xx_hal_uart_ex.c...
compiling stm32l4xx_hal_uart.c...
compiling stm32l4xx_hal_tim.c...
compiling stm32l4xx_hal.c...
compiling stm32l4xx_hal_i2c_ex.c...
compiling stm32l4xx_hal_rcc.c...
compiling stm32l4xx_hal_flash.c...
compiling stm32l4xx_hal_i2c.c...
compiling stm32l4xx_hal_rcc_ex.c...
compiling stm32l4xx_hal_flash_ramfunc.c...
compiling stm32l4xx_hal_flash_ex.c...
compiling stm32l4xx_hal_gpio.c...
compiling stm32l4xx_hal_dma.c...
compiling stm32l4xx_hal_dma_ex.c...
compiling stm32l4xx_hal_pwr.c...
compiling stm32l4xx_hal_pwr_ex.c...
compiling stm32l4xx_hal_cortex.c...
compiling stm32l4xx_hal_adc_ex.c...
compiling stm32l4xx_hal_adc.c...
compiling stm32l4xx_hal_dac_ex.c...
compiling stm32l4xx_hal_spi_ex.c...
compiling stm32l4xx_hal_dac.c...
compiling stm32l4xx_hal_spi.c...
compiling system_stm32l4xx.c...
compiling tos_mutex.c...
compiling BH1750.c...
compiling tos_msg.c...
compiling oled.c...
compiling DHT11_BUS.c...
compiling tos_mmheap.c...
compiling tos_mmblk.c...
compiling tos_sem.c...
compiling tos_sys.c...
compiling tos_sched.c...
compiling tos_queue.c...
compiling tos_tick.c...
compiling tos_task.c...
compiling tos_time.c...
assembling port_s.S...
compiling tos_global.c...
compiling tos_timer.c...
compiling tos_fifo.c...
compiling tos_event.c...
compiling tos_robin.c...
compiling tos_pend.c...
compiling lora_module_wrapper.c...
compiling tos_cpu.c...
compiling sal_module_wrapper.c...
compiling tencent_firmware_module_wrapper.c...
compiling port_c.c...
compiling cmsis_os.c...
compiling sim800a.c...
compiling esp8266.c...
compiling esp8266_tencent_firmware.c...
compiling tos_hal_uart.c...
compiling bc35_28_95.c...
compiling entropy_hardware_alt.c...
compiling tos_at.c...
compiling RHF76.c...
compiling arc4.c...
compiling aria.c...
compiling aesni.c...
compiling net_module_alt.c...
compiling base64.c...
compiling asn1parse.c...
compiling tos_at_utils.c...
compiling asn1write.c...
compiling aes.c...
compiling ccm.c...
compiling certs.c...
compiling camellia.c...
compiling bignum.c...
compiling blowfish.c...
compiling chacha20.c...
compiling debug.c...
compiling chachapoly.c...
compiling cmac.c...
compiling cipher.c...
compiling timing_alt.c...
compiling ctr_drbg.c...
compiling cipher_wrap.c...
compiling dhm.c...
compiling ecp_curves.c...
compiling ecdh.c...
compiling ecdsa.c...
compiling ecp.c...
compiling ecjpake.c...
compiling des.c...
compiling gcm.c...
compiling hkdf.c...
compiling entropy_poll.c...
compiling entropy.c...
compiling havege.c...
compiling md4.c...
compiling md.c...
compiling error.c...
compiling hmac_drbg.c...
compiling md5.c...
compiling md_wrap.c...
compiling md2.c...
compiling pk.c...
compiling memory_buffer_alloc.c...
compiling padlock.c...
compiling net_sockets.c...
compiling pkcs11.c...
compiling pk_wrap.c...
compiling nist_kw.c...
compiling pkcs5.c...
compiling oid.c...
compiling pkcs12.c...
compiling pem.c...
compiling rsa.c...
compiling platform.c...
compiling ripemd160.c...
compiling poly1305.c...
compiling pkwrite.c...
compiling platform_util.c...
compiling pkparse.c...
compiling ssl_cache.c...
compiling rsa_internal.c...
compiling sha512.c...
compiling ssl_cli.c...
compiling ssl_srv.c...
compiling sha1.c...
compiling sha256.c...
compiling ssl_ticket.c...
compiling ssl_cookie.c...
compiling ssl_ciphersuites.c...
compiling version_features.c...
compiling threading.c...
compiling x509_create.c...
compiling timing.c...
compiling version.c...
compiling x509.c...
compiling x509_crt.c...
compiling x509_csr.c...
compiling x509_crl.c...
compiling ssl_tls.c...
compiling xtea.c...
compiling x509write_csr.c...
compiling x509write_crt.c...
compiling qcloud_tls.c...
compiling qcloud_log.c...
compiling qcloud_device.c...
compiling qcloud_base64.c...
compiling qcloud_network.c...
compiling qcloud_json_parser.c...
compiling qcloud_aes.c...
compiling qcloud_hmac.c...
compiling qcloud_json_token.c...
compiling qcloud_httpc.c...
compiling qcloud_sha1.c...
compiling qcloud_md5.c...
compiling qcloud_mqtt_subscribe.c...
compiling qcloud_mqtt_connect.c...
compiling qcloud_mqtt_common.c...
compiling qcloud_mqtt_client.c...
compiling qcloud_string_utils.c...
compiling qcloud_mqtt_publish.c...
compiling qcloud_mqtt_yield.c...
compiling osal_dtls.c...
compiling qcloud_mqtt_unsubscribe.c...
compiling qcloud_mqtt_glue.c...
compiling osal_udp_module.c...
compiling osal_tcp_module.c...
compiling osal_os.c...
compiling osal_timer.c...
compiling osal_tls.c...
linking...
Program Size: Code=122296 RO-data=17972 RW-data=704 ZI-data=58688  
FromELF: creating hex file...
".\obj\TencentOS_tiny.axf" - 0 Error(s), 0 Warning(s).

<h2>Software Packages used:</h2>

Package Vendor: ARM
                http://www.keil.com/pack/ARM.CMSIS.5.4.0.pack
                ARM.CMSIS.5.4.0
                CMSIS (Cortex Microcontroller Software Interface Standard)
   * Component: CORE Version: 5.1.2

Package Vendor: Keil
                http://www.keil.com/pack/Keil.STM32L4xx_DFP.2.0.0.pack
                Keil.STM32L4xx_DFP.2.0.0
                STMicroelectronics STM32L4 Series Device Support, Drivers and Examples

<h2>Collection of Component include folders:</h2>
  .\RTE\_TencentOS_tiny
  C:\Keil_v5\ARM\PACK\ARM\CMSIS\5.4.0\CMSIS\Core\Include
  C:\Keil_v5\ARM\PACK\Keil\STM32L4xx_DFP\2.0.0\Drivers\CMSIS\Device\ST\STM32L4xx\Include

<h2>Collection of Component Files used:</h2>

   * Component: ARM::CMSIS:CORE:5.1.2
Build Time Elapsed:  00:00:23
</pre>
</body>
</html>
