<!doctype html public "-//w3c//dtd html 4.0 transitional//en">
<html><head>
<title>Static Call Graph - [.\Obj\TencentOS_tiny.axf]</title></head>
<body><HR>
<H1>Static Call Graph for image .\Obj\TencentOS_tiny.axf</H1><HR>
<BR><P>#&#060CALLGRAPH&#062# ARM Linker, 5060750: Last Updated: Mon Sep 09 22:34:23 2019
<BR><P>
<H3>Maximum Stack Usage =       3548 bytes + Unknown(Functions without stacksize, Cycles, Untraceable Function Pointers)</H3><H3>
Call chain for Maximum Stack Depth:</H3>
qcloud_tls_connect &rArr; osal_tls_connect &rArr; mbedtls_client_init &rArr; mbedtls_ctr_drbg_seed &rArr; mbedtls_ctr_drbg_seed_entropy_len &rArr; mbedtls_ctr_drbg_reseed &rArr; block_cipher_df &rArr; mbedtls_aes_setkey_enc &rArr; aes_gen_tables
<P>
<H3>
Functions with no stack information
</H3><UL>
 <LI><a href="#[506]">port_int_disable</a>
 <LI><a href="#[507]">port_int_enable</a>
 <LI><a href="#[4eb]">port_cpsr_save</a>
 <LI><a href="#[4ea]">port_cpsr_restore</a>
 <LI><a href="#[4e9]">port_clz</a>
 <LI><a href="#[1c7]">port_sched_start</a>
 <LI><a href="#[1c1]">port_context_switch</a>
 <LI><a href="#[1c5]">port_irq_context_switch</a>
 <LI><a href="#[11]">PendSV_Handler</a>
</UL>
</UL>
<P>
<H3>
Mutually Recursive functions
</H3> <LI><a href="#[f]">SVC_Handler</a>&nbsp;&nbsp;&nbsp;&rArr;&nbsp;&nbsp;&nbsp;<a href="#[f]">SVC_Handler</a><BR>
 <LI><a href="#[25]">ADC_IRQHandler</a>&nbsp;&nbsp;&nbsp;&rArr;&nbsp;&nbsp;&nbsp;<a href="#[25]">ADC_IRQHandler</a><BR>
 <LI><a href="#[295]">netconn_drain</a>&nbsp;&nbsp;&nbsp;&rArr;&nbsp;&nbsp;&nbsp;<a href="#[295]">netconn_drain</a><BR>
 <LI><a href="#[2bc]">lwip_sendto</a>&nbsp;&nbsp;&nbsp;&rArr;&nbsp;&nbsp;&nbsp;<a href="#[2bb]">lwip_send</a><BR>
 <LI><a href="#[2e0]">mbedtls_gcm_update</a>&nbsp;&nbsp;&nbsp;&rArr;&nbsp;&nbsp;&nbsp;<a href="#[1bd]">mbedtls_cipher_update</a><BR>
</UL>
<P>
<H3>
Function Pointers
</H3><UL>
 <LI><a href="#[25]">ADC_IRQHandler</a> from startup_stm32f429xx.o(.text) referenced from startup_stm32f429xx.o(RESET)
 <LI><a href="#[d]">BusFault_Handler</a> from stm32f4xx_it.o(i.BusFault_Handler) referenced from startup_stm32f429xx.o(RESET)
 <LI><a href="#[27]">CAN1_RX0_IRQHandler</a> from startup_stm32f429xx.o(.text) referenced from startup_stm32f429xx.o(RESET)
 <LI><a href="#[28]">CAN1_RX1_IRQHandler</a> from startup_stm32f429xx.o(.text) referenced from startup_stm32f429xx.o(RESET)
 <LI><a href="#[29]">CAN1_SCE_IRQHandler</a> from startup_stm32f429xx.o(.text) referenced from startup_stm32f429xx.o(RESET)
 <LI><a href="#[26]">CAN1_TX_IRQHandler</a> from startup_stm32f429xx.o(.text) referenced from startup_stm32f429xx.o(RESET)
 <LI><a href="#[53]">CAN2_RX0_IRQHandler</a> from startup_stm32f429xx.o(.text) referenced from startup_stm32f429xx.o(RESET)
 <LI><a href="#[54]">CAN2_RX1_IRQHandler</a> from startup_stm32f429xx.o(.text) referenced from startup_stm32f429xx.o(RESET)
 <LI><a href="#[55]">CAN2_SCE_IRQHandler</a> from startup_stm32f429xx.o(.text) referenced from startup_stm32f429xx.o(RESET)
 <LI><a href="#[52]">CAN2_TX_IRQHandler</a> from startup_stm32f429xx.o(.text) referenced from startup_stm32f429xx.o(RESET)
 <LI><a href="#[61]">DCMI_IRQHandler</a> from startup_stm32f429xx.o(.text) referenced from startup_stm32f429xx.o(RESET)
 <LI><a href="#[1e]">DMA1_Stream0_IRQHandler</a> from startup_stm32f429xx.o(.text) referenced from startup_stm32f429xx.o(RESET)
 <LI><a href="#[1f]">DMA1_Stream1_IRQHandler</a> from startup_stm32f429xx.o(.text) referenced from startup_stm32f429xx.o(RESET)
 <LI><a href="#[20]">DMA1_Stream2_IRQHandler</a> from startup_stm32f429xx.o(.text) referenced from startup_stm32f429xx.o(RESET)
 <LI><a href="#[21]">DMA1_Stream3_IRQHandler</a> from startup_stm32f429xx.o(.text) referenced from startup_stm32f429xx.o(RESET)
 <LI><a href="#[22]">DMA1_Stream4_IRQHandler</a> from startup_stm32f429xx.o(.text) referenced from startup_stm32f429xx.o(RESET)
 <LI><a href="#[23]">DMA1_Stream5_IRQHandler</a> from startup_stm32f429xx.o(.text) referenced from startup_stm32f429xx.o(RESET)
 <LI><a href="#[24]">DMA1_Stream6_IRQHandler</a> from startup_stm32f429xx.o(.text) referenced from startup_stm32f429xx.o(RESET)
 <LI><a href="#[42]">DMA1_Stream7_IRQHandler</a> from startup_stm32f429xx.o(.text) referenced from startup_stm32f429xx.o(RESET)
 <LI><a href="#[6c]">DMA2D_IRQHandler</a> from startup_stm32f429xx.o(.text) referenced from startup_stm32f429xx.o(RESET)
 <LI><a href="#[4b]">DMA2_Stream0_IRQHandler</a> from startup_stm32f429xx.o(.text) referenced from startup_stm32f429xx.o(RESET)
 <LI><a href="#[4c]">DMA2_Stream1_IRQHandler</a> from startup_stm32f429xx.o(.text) referenced from startup_stm32f429xx.o(RESET)
 <LI><a href="#[4d]">DMA2_Stream2_IRQHandler</a> from startup_stm32f429xx.o(.text) referenced from startup_stm32f429xx.o(RESET)
 <LI><a href="#[4e]">DMA2_Stream3_IRQHandler</a> from startup_stm32f429xx.o(.text) referenced from startup_stm32f429xx.o(RESET)
 <LI><a href="#[4f]">DMA2_Stream4_IRQHandler</a> from startup_stm32f429xx.o(.text) referenced from startup_stm32f429xx.o(RESET)
 <LI><a href="#[57]">DMA2_Stream5_IRQHandler</a> from startup_stm32f429xx.o(.text) referenced from startup_stm32f429xx.o(RESET)
 <LI><a href="#[58]">DMA2_Stream6_IRQHandler</a> from startup_stm32f429xx.o(.text) referenced from startup_stm32f429xx.o(RESET)
 <LI><a href="#[59]">DMA2_Stream7_IRQHandler</a> from startup_stm32f429xx.o(.text) referenced from startup_stm32f429xx.o(RESET)
 <LI><a href="#[10]">DebugMon_Handler</a> from stm32f4xx_it.o(i.DebugMon_Handler) referenced from startup_stm32f429xx.o(RESET)
 <LI><a href="#[50]">ETH_IRQHandler</a> from bsp_eth.o(i.ETH_IRQHandler) referenced from startup_stm32f429xx.o(RESET)
 <LI><a href="#[51]">ETH_WKUP_IRQHandler</a> from startup_stm32f429xx.o(.text) referenced from startup_stm32f429xx.o(RESET)
 <LI><a href="#[19]">EXTI0_IRQHandler</a> from stm32f4xx_it.o(i.EXTI0_IRQHandler) referenced from startup_stm32f429xx.o(RESET)
 <LI><a href="#[3b]">EXTI15_10_IRQHandler</a> from stm32f4xx_it.o(i.EXTI15_10_IRQHandler) referenced from startup_stm32f429xx.o(RESET)
 <LI><a href="#[1a]">EXTI1_IRQHandler</a> from startup_stm32f429xx.o(.text) referenced from startup_stm32f429xx.o(RESET)
 <LI><a href="#[1b]">EXTI2_IRQHandler</a> from stm32f4xx_it.o(i.EXTI2_IRQHandler) referenced from startup_stm32f429xx.o(RESET)
 <LI><a href="#[1c]">EXTI3_IRQHandler</a> from stm32f4xx_it.o(i.EXTI3_IRQHandler) referenced from startup_stm32f429xx.o(RESET)
 <LI><a href="#[1d]">EXTI4_IRQHandler</a> from startup_stm32f429xx.o(.text) referenced from startup_stm32f429xx.o(RESET)
 <LI><a href="#[2a]">EXTI9_5_IRQHandler</a> from startup_stm32f429xx.o(.text) referenced from startup_stm32f429xx.o(RESET)
 <LI><a href="#[17]">FLASH_IRQHandler</a> from startup_stm32f429xx.o(.text) referenced from startup_stm32f429xx.o(RESET)
 <LI><a href="#[43]">FMC_IRQHandler</a> from startup_stm32f429xx.o(.text) referenced from startup_stm32f429xx.o(RESET)
 <LI><a href="#[63]">FPU_IRQHandler</a> from startup_stm32f429xx.o(.text) referenced from startup_stm32f429xx.o(RESET)
 <LI><a href="#[62]">HASH_RNG_IRQHandler</a> from startup_stm32f429xx.o(.text) referenced from startup_stm32f429xx.o(RESET)
 <LI><a href="#[b]">HardFault_Handler</a> from stm32f4xx_it.o(i.HardFault_Handler) referenced from startup_stm32f429xx.o(RESET)
 <LI><a href="#[33]">I2C1_ER_IRQHandler</a> from startup_stm32f429xx.o(.text) referenced from startup_stm32f429xx.o(RESET)
 <LI><a href="#[32]">I2C1_EV_IRQHandler</a> from startup_stm32f429xx.o(.text) referenced from startup_stm32f429xx.o(RESET)
 <LI><a href="#[35]">I2C2_ER_IRQHandler</a> from startup_stm32f429xx.o(.text) referenced from startup_stm32f429xx.o(RESET)
 <LI><a href="#[34]">I2C2_EV_IRQHandler</a> from startup_stm32f429xx.o(.text) referenced from startup_stm32f429xx.o(RESET)
 <LI><a href="#[5c]">I2C3_ER_IRQHandler</a> from startup_stm32f429xx.o(.text) referenced from startup_stm32f429xx.o(RESET)
 <LI><a href="#[5b]">I2C3_EV_IRQHandler</a> from startup_stm32f429xx.o(.text) referenced from startup_stm32f429xx.o(RESET)
 <LI><a href="#[6b]">LTDC_ER_IRQHandler</a> from startup_stm32f429xx.o(.text) referenced from startup_stm32f429xx.o(RESET)
 <LI><a href="#[6a]">LTDC_IRQHandler</a> from startup_stm32f429xx.o(.text) referenced from startup_stm32f429xx.o(RESET)
 <LI><a href="#[c]">MemManage_Handler</a> from stm32f4xx_it.o(i.MemManage_Handler) referenced from startup_stm32f429xx.o(RESET)
 <LI><a href="#[a]">NMI_Handler</a> from stm32f4xx_it.o(i.NMI_Handler) referenced from startup_stm32f429xx.o(RESET)
 <LI><a href="#[56]">OTG_FS_IRQHandler</a> from startup_stm32f429xx.o(.text) referenced from startup_stm32f429xx.o(RESET)
 <LI><a href="#[3d]">OTG_FS_WKUP_IRQHandler</a> from startup_stm32f429xx.o(.text) referenced from startup_stm32f429xx.o(RESET)
 <LI><a href="#[5e]">OTG_HS_EP1_IN_IRQHandler</a> from startup_stm32f429xx.o(.text) referenced from startup_stm32f429xx.o(RESET)
 <LI><a href="#[5d]">OTG_HS_EP1_OUT_IRQHandler</a> from startup_stm32f429xx.o(.text) referenced from startup_stm32f429xx.o(RESET)
 <LI><a href="#[60]">OTG_HS_IRQHandler</a> from startup_stm32f429xx.o(.text) referenced from startup_stm32f429xx.o(RESET)
 <LI><a href="#[5f]">OTG_HS_WKUP_IRQHandler</a> from startup_stm32f429xx.o(.text) referenced from startup_stm32f429xx.o(RESET)
 <LI><a href="#[14]">PVD_IRQHandler</a> from startup_stm32f429xx.o(.text) referenced from startup_stm32f429xx.o(RESET)
 <LI><a href="#[11]">PendSV_Handler</a> from port_s.o(.text) referenced from startup_stm32f429xx.o(RESET)
 <LI><a href="#[18]">RCC_IRQHandler</a> from startup_stm32f429xx.o(.text) referenced from startup_stm32f429xx.o(RESET)
 <LI><a href="#[3c]">RTC_Alarm_IRQHandler</a> from startup_stm32f429xx.o(.text) referenced from startup_stm32f429xx.o(RESET)
 <LI><a href="#[16]">RTC_WKUP_IRQHandler</a> from startup_stm32f429xx.o(.text) referenced from startup_stm32f429xx.o(RESET)
 <LI><a href="#[9]">Reset_Handler</a> from startup_stm32f429xx.o(.text) referenced from startup_stm32f429xx.o(RESET)
 <LI><a href="#[69]">SAI1_IRQHandler</a> from startup_stm32f429xx.o(.text) referenced from startup_stm32f429xx.o(RESET)
 <LI><a href="#[44]">SDIO_IRQHandler</a> from startup_stm32f429xx.o(.text) referenced from startup_stm32f429xx.o(RESET)
 <LI><a href="#[36]">SPI1_IRQHandler</a> from startup_stm32f429xx.o(.text) referenced from startup_stm32f429xx.o(RESET)
 <LI><a href="#[37]">SPI2_IRQHandler</a> from startup_stm32f429xx.o(.text) referenced from startup_stm32f429xx.o(RESET)
 <LI><a href="#[46]">SPI3_IRQHandler</a> from startup_stm32f429xx.o(.text) referenced from startup_stm32f429xx.o(RESET)
 <LI><a href="#[66]">SPI4_IRQHandler</a> from startup_stm32f429xx.o(.text) referenced from startup_stm32f429xx.o(RESET)
 <LI><a href="#[67]">SPI5_IRQHandler</a> from startup_stm32f429xx.o(.text) referenced from startup_stm32f429xx.o(RESET)
 <LI><a href="#[68]">SPI6_IRQHandler</a> from startup_stm32f429xx.o(.text) referenced from startup_stm32f429xx.o(RESET)
 <LI><a href="#[f]">SVC_Handler</a> from startup_stm32f429xx.o(.text) referenced from startup_stm32f429xx.o(RESET)
 <LI><a href="#[12]">SysTick_Handler</a> from stm32f4xx_it.o(i.SysTick_Handler) referenced from startup_stm32f429xx.o(RESET)
 <LI><a href="#[6e]">SystemInit</a> from system_stm32f4xx_1.o(i.SystemInit) referenced from startup_stm32f429xx.o(.text)
 <LI><a href="#[15]">TAMP_STAMP_IRQHandler</a> from startup_stm32f429xx.o(.text) referenced from startup_stm32f429xx.o(RESET)
 <LI><a href="#[2b]">TIM1_BRK_TIM9_IRQHandler</a> from startup_stm32f429xx.o(.text) referenced from startup_stm32f429xx.o(RESET)
 <LI><a href="#[2e]">TIM1_CC_IRQHandler</a> from startup_stm32f429xx.o(.text) referenced from startup_stm32f429xx.o(RESET)
 <LI><a href="#[2d]">TIM1_TRG_COM_TIM11_IRQHandler</a> from startup_stm32f429xx.o(.text) referenced from startup_stm32f429xx.o(RESET)
 <LI><a href="#[2c]">TIM1_UP_TIM10_IRQHandler</a> from startup_stm32f429xx.o(.text) referenced from startup_stm32f429xx.o(RESET)
 <LI><a href="#[2f]">TIM2_IRQHandler</a> from startup_stm32f429xx.o(.text) referenced from startup_stm32f429xx.o(RESET)
 <LI><a href="#[30]">TIM3_IRQHandler</a> from startup_stm32f429xx.o(.text) referenced from startup_stm32f429xx.o(RESET)
 <LI><a href="#[31]">TIM4_IRQHandler</a> from startup_stm32f429xx.o(.text) referenced from startup_stm32f429xx.o(RESET)
 <LI><a href="#[45]">TIM5_IRQHandler</a> from startup_stm32f429xx.o(.text) referenced from startup_stm32f429xx.o(RESET)
 <LI><a href="#[49]">TIM6_DAC_IRQHandler</a> from startup_stm32f429xx.o(.text) referenced from startup_stm32f429xx.o(RESET)
 <LI><a href="#[4a]">TIM7_IRQHandler</a> from startup_stm32f429xx.o(.text) referenced from startup_stm32f429xx.o(RESET)
 <LI><a href="#[3e]">TIM8_BRK_TIM12_IRQHandler</a> from startup_stm32f429xx.o(.text) referenced from startup_stm32f429xx.o(RESET)
 <LI><a href="#[41]">TIM8_CC_IRQHandler</a> from startup_stm32f429xx.o(.text) referenced from startup_stm32f429xx.o(RESET)
 <LI><a href="#[40]">TIM8_TRG_COM_TIM14_IRQHandler</a> from startup_stm32f429xx.o(.text) referenced from startup_stm32f429xx.o(RESET)
 <LI><a href="#[3f]">TIM8_UP_TIM13_IRQHandler</a> from startup_stm32f429xx.o(.text) referenced from startup_stm32f429xx.o(RESET)
 <LI><a href="#[47]">UART4_IRQHandler</a> from startup_stm32f429xx.o(.text) referenced from startup_stm32f429xx.o(RESET)
 <LI><a href="#[48]">UART5_IRQHandler</a> from startup_stm32f429xx.o(.text) referenced from startup_stm32f429xx.o(RESET)
 <LI><a href="#[64]">UART7_IRQHandler</a> from startup_stm32f429xx.o(.text) referenced from startup_stm32f429xx.o(RESET)
 <LI><a href="#[65]">UART8_IRQHandler</a> from startup_stm32f429xx.o(.text) referenced from startup_stm32f429xx.o(RESET)
 <LI><a href="#[70]">UART_DMAAbortOnError</a> from stm32f4xx_hal_uart.o(i.UART_DMAAbortOnError) referenced from stm32f4xx_hal_uart.o(i.HAL_UART_IRQHandler)
 <LI><a href="#[38]">USART1_IRQHandler</a> from stm32f4xx_it.o(i.USART1_IRQHandler) referenced from startup_stm32f429xx.o(RESET)
 <LI><a href="#[39]">USART2_IRQHandler</a> from startup_stm32f429xx.o(.text) referenced from startup_stm32f429xx.o(RESET)
 <LI><a href="#[3a]">USART3_IRQHandler</a> from startup_stm32f429xx.o(.text) referenced from startup_stm32f429xx.o(RESET)
 <LI><a href="#[5a]">USART6_IRQHandler</a> from startup_stm32f429xx.o(.text) referenced from startup_stm32f429xx.o(RESET)
 <LI><a href="#[e]">UsageFault_Handler</a> from stm32f4xx_it.o(i.UsageFault_Handler) referenced from startup_stm32f429xx.o(RESET)
 <LI><a href="#[13]">WWDG_IRQHandler</a> from startup_stm32f429xx.o(.text) referenced from startup_stm32f429xx.o(RESET)
 <LI><a href="#[97]">__bufchar</a> from qcloud_mqtt_common.o(i.__bufchar) referenced from qcloud_mqtt_common.o(i.mqtt_common_packet_decode_from_buf)
 <LI><a href="#[6f]">__main</a> from entry.o(.ARM.Collect$$$$00000000) referenced from startup_stm32f429xx.o(.text)
 <LI><a href="#[74]">_snputc</a> from printfa.o(i._snputc) referenced from printfa.o(i.__0snprintf)
 <LI><a href="#[74]">_snputc</a> from printfa.o(i._snputc) referenced from printfa.o(i.__0vsnprintf)
 <LI><a href="#[75]">_sputc</a> from printfa.o(i._sputc) referenced from printfa.o(i.__0sprintf)
 <LI><a href="#[87]">add_one_and_zeros_padding</a> from cipher.o(i.add_one_and_zeros_padding) referenced from cipher.o(i.mbedtls_cipher_set_padding_mode)
 <LI><a href="#[85]">add_pkcs_padding</a> from cipher.o(i.add_pkcs_padding) referenced from cipher.o(i.mbedtls_cipher_set_padding_mode)
 <LI><a href="#[89]">add_zeros_and_len_padding</a> from cipher.o(i.add_zeros_and_len_padding) referenced from cipher.o(i.mbedtls_cipher_set_padding_mode)
 <LI><a href="#[8b]">add_zeros_padding</a> from cipher.o(i.add_zeros_padding) referenced from cipher.o(i.mbedtls_cipher_set_padding_mode)
 <LI><a href="#[bd]">aes_crypt_cbc_wrap</a> from cipher_wrap.o(i.aes_crypt_cbc_wrap) referenced from cipher_wrap.o(.constdata)
 <LI><a href="#[be]">aes_crypt_cfb128_wrap</a> from cipher_wrap.o(i.aes_crypt_cfb128_wrap) referenced from cipher_wrap.o(.constdata)
 <LI><a href="#[bf]">aes_crypt_ctr_wrap</a> from cipher_wrap.o(i.aes_crypt_ctr_wrap) referenced from cipher_wrap.o(.constdata)
 <LI><a href="#[bc]">aes_crypt_ecb_wrap</a> from cipher_wrap.o(i.aes_crypt_ecb_wrap) referenced from cipher_wrap.o(.constdata)
 <LI><a href="#[c2]">aes_ctx_alloc</a> from cipher_wrap.o(i.aes_ctx_alloc) referenced from cipher_wrap.o(.constdata)
 <LI><a href="#[c3]">aes_ctx_free</a> from cipher_wrap.o(i.aes_ctx_free) referenced from cipher_wrap.o(.constdata)
 <LI><a href="#[c1]">aes_setkey_dec_wrap</a> from cipher_wrap.o(i.aes_setkey_dec_wrap) referenced from cipher_wrap.o(.constdata)
 <LI><a href="#[c0]">aes_setkey_enc_wrap</a> from cipher_wrap.o(i.aes_setkey_enc_wrap) referenced from cipher_wrap.o(.constdata)
 <LI><a href="#[b5]">application_entry</a> from tencent_cloud_sdk_mqtt.o(i.application_entry) referenced from main.o(.constdata)
 <LI><a href="#[76]">arp_timer</a> from ethernetif.o(i.arp_timer) referenced from ethernetif.o(i.arp_timer)
 <LI><a href="#[76]">arp_timer</a> from ethernetif.o(i.arp_timer) referenced from ethernetif.o(i.ethernetif_init)
 <LI><a href="#[cb]">camellia_crypt_cbc_wrap</a> from cipher_wrap.o(i.camellia_crypt_cbc_wrap) referenced from cipher_wrap.o(.constdata)
 <LI><a href="#[cc]">camellia_crypt_cfb128_wrap</a> from cipher_wrap.o(i.camellia_crypt_cfb128_wrap) referenced from cipher_wrap.o(.constdata)
 <LI><a href="#[cd]">camellia_crypt_ctr_wrap</a> from cipher_wrap.o(i.camellia_crypt_ctr_wrap) referenced from cipher_wrap.o(.constdata)
 <LI><a href="#[ca]">camellia_crypt_ecb_wrap</a> from cipher_wrap.o(i.camellia_crypt_ecb_wrap) referenced from cipher_wrap.o(.constdata)
 <LI><a href="#[d0]">camellia_ctx_alloc</a> from cipher_wrap.o(i.camellia_ctx_alloc) referenced from cipher_wrap.o(.constdata)
 <LI><a href="#[d1]">camellia_ctx_free</a> from cipher_wrap.o(i.camellia_ctx_free) referenced from cipher_wrap.o(.constdata)
 <LI><a href="#[cf]">camellia_setkey_dec_wrap</a> from cipher_wrap.o(i.camellia_setkey_dec_wrap) referenced from cipher_wrap.o(.constdata)
 <LI><a href="#[ce]">camellia_setkey_enc_wrap</a> from cipher_wrap.o(i.camellia_setkey_enc_wrap) referenced from cipher_wrap.o(.constdata)
 <LI><a href="#[c7]">ccm_aes_setkey_wrap</a> from cipher_wrap.o(i.ccm_aes_setkey_wrap) referenced 2 times from cipher_wrap.o(.constdata)
 <LI><a href="#[d3]">ccm_camellia_setkey_wrap</a> from cipher_wrap.o(i.ccm_camellia_setkey_wrap) referenced 2 times from cipher_wrap.o(.constdata)
 <LI><a href="#[c8]">ccm_ctx_alloc</a> from cipher_wrap.o(i.ccm_ctx_alloc) referenced 2 times from cipher_wrap.o(.constdata)
 <LI><a href="#[c9]">ccm_ctx_free</a> from cipher_wrap.o(i.ccm_ctx_free) referenced 2 times from cipher_wrap.o(.constdata)
 <LI><a href="#[db]">des3_crypt_cbc_wrap</a> from cipher_wrap.o(i.des3_crypt_cbc_wrap) referenced 2 times from cipher_wrap.o(.constdata)
 <LI><a href="#[da]">des3_crypt_ecb_wrap</a> from cipher_wrap.o(i.des3_crypt_ecb_wrap) referenced 2 times from cipher_wrap.o(.constdata)
 <LI><a href="#[de]">des3_ctx_alloc</a> from cipher_wrap.o(i.des3_ctx_alloc) referenced 2 times from cipher_wrap.o(.constdata)
 <LI><a href="#[df]">des3_ctx_free</a> from cipher_wrap.o(i.des3_ctx_free) referenced 2 times from cipher_wrap.o(.constdata)
 <LI><a href="#[dd]">des3_set2key_dec_wrap</a> from cipher_wrap.o(i.des3_set2key_dec_wrap) referenced from cipher_wrap.o(.constdata)
 <LI><a href="#[dc]">des3_set2key_enc_wrap</a> from cipher_wrap.o(i.des3_set2key_enc_wrap) referenced from cipher_wrap.o(.constdata)
 <LI><a href="#[e1]">des3_set3key_dec_wrap</a> from cipher_wrap.o(i.des3_set3key_dec_wrap) referenced from cipher_wrap.o(.constdata)
 <LI><a href="#[e0]">des3_set3key_enc_wrap</a> from cipher_wrap.o(i.des3_set3key_enc_wrap) referenced from cipher_wrap.o(.constdata)
 <LI><a href="#[d5]">des_crypt_cbc_wrap</a> from cipher_wrap.o(i.des_crypt_cbc_wrap) referenced from cipher_wrap.o(.constdata)
 <LI><a href="#[d4]">des_crypt_ecb_wrap</a> from cipher_wrap.o(i.des_crypt_ecb_wrap) referenced from cipher_wrap.o(.constdata)
 <LI><a href="#[d8]">des_ctx_alloc</a> from cipher_wrap.o(i.des_ctx_alloc) referenced from cipher_wrap.o(.constdata)
 <LI><a href="#[d9]">des_ctx_free</a> from cipher_wrap.o(i.des_ctx_free) referenced from cipher_wrap.o(.constdata)
 <LI><a href="#[d7]">des_setkey_dec_wrap</a> from cipher_wrap.o(i.des_setkey_dec_wrap) referenced from cipher_wrap.o(.constdata)
 <LI><a href="#[d6]">des_setkey_enc_wrap</a> from cipher_wrap.o(i.des_setkey_enc_wrap) referenced from cipher_wrap.o(.constdata)
 <LI><a href="#[b9]">dhcp_coarse_tmr</a> from dhcp.o(i.dhcp_coarse_tmr) referenced from timeouts.o(.constdata)
 <LI><a href="#[ba]">dhcp_fine_tmr</a> from dhcp.o(i.dhcp_fine_tmr) referenced from timeouts.o(.constdata)
 <LI><a href="#[77]">dhcp_recv</a> from dhcp.o(i.dhcp_recv) referenced from dhcp.o(i.dhcp_inc_pcb_refcount)
 <LI><a href="#[78]">dns_recv</a> from dns.o(i.dns_recv) referenced from dns.o(i.dns_alloc_random_port)
 <LI><a href="#[bb]">dns_tmr</a> from dns.o(i.dns_tmr) referenced from timeouts.o(.constdata)
 <LI><a href="#[81]">err_tcp</a> from api_msg.o(i.err_tcp) referenced from api_msg.o(i.lwip_netconn_do_close_internal)
 <LI><a href="#[81]">err_tcp</a> from api_msg.o(i.err_tcp) referenced from api_msg.o(i.setup_tcp)
 <LI><a href="#[7d]">eth_thread</a> from bsp_eth.o(i.eth_thread) referenced from bsp_eth.o(i.lan8720a_init)
 <LI><a href="#[79]">etharp_output</a> from etharp.o(i.etharp_output) referenced from ethernetif.o(i.ethernetif_init)
 <LI><a href="#[b8]">etharp_tmr</a> from etharp.o(i.etharp_tmr) referenced from timeouts.o(.constdata)
 <LI><a href="#[b2]">ethernet_input</a> from ethernet.o(i.ethernet_input) referenced from tcpip.o(i.tcpip_input)
 <LI><a href="#[7a]">ethernetif_drv_write</a> from ethernetif.o(i.ethernetif_drv_write) referenced from ethernetif.o(i.ethernetif_init)
 <LI><a href="#[72]">ethernetif_init</a> from ethernetif.o(i.ethernetif_init) referenced from lwip.o(i.MX_LWIP_Init)
 <LI><a href="#[84]">event_callback</a> from sockets.o(i.event_callback) referenced from sockets.o(i.lwip_socket)
 <LI><a href="#[95]">event_handler</a> from mqtt_sample.o(i.event_handler) referenced from mqtt_sample.o(i.mqtt_basic_thread)
 <LI><a href="#[73]">fputc</a> from mcu_init.o(i.fputc) referenced from printfa.o(i.__0printf)
 <LI><a href="#[73]">fputc</a> from mcu_init.o(i.fputc) referenced from printfa.o(i.__0vprintf)
 <LI><a href="#[c4]">gcm_aes_setkey_wrap</a> from cipher_wrap.o(i.gcm_aes_setkey_wrap) referenced 2 times from cipher_wrap.o(.constdata)
 <LI><a href="#[d2]">gcm_camellia_setkey_wrap</a> from cipher_wrap.o(i.gcm_camellia_setkey_wrap) referenced 2 times from cipher_wrap.o(.constdata)
 <LI><a href="#[c5]">gcm_ctx_alloc</a> from cipher_wrap.o(i.gcm_ctx_alloc) referenced 2 times from cipher_wrap.o(.constdata)
 <LI><a href="#[c6]">gcm_ctx_free</a> from cipher_wrap.o(i.gcm_ctx_free) referenced 2 times from cipher_wrap.o(.constdata)
 <LI><a href="#[8d]">get_no_padding</a> from cipher.o(i.get_no_padding) referenced from cipher.o(i.mbedtls_cipher_set_padding_mode)
 <LI><a href="#[88]">get_one_and_zeros_padding</a> from cipher.o(i.get_one_and_zeros_padding) referenced from cipher.o(i.mbedtls_cipher_set_padding_mode)
 <LI><a href="#[86]">get_pkcs_padding</a> from cipher.o(i.get_pkcs_padding) referenced from cipher.o(i.mbedtls_cipher_set_padding_mode)
 <LI><a href="#[8a]">get_zeros_and_len_padding</a> from cipher.o(i.get_zeros_and_len_padding) referenced from cipher.o(i.mbedtls_cipher_set_padding_mode)
 <LI><a href="#[8c]">get_zeros_padding</a> from cipher.o(i.get_zeros_padding) referenced from cipher.o(i.mbedtls_cipher_set_padding_mode)
 <LI><a href="#[b3]">ip4_input</a> from ip4.o(i.ip4_input) referenced from tcpip.o(i.tcpip_input)
 <LI><a href="#[b7]">ip_reass_tmr</a> from ip4_frag.o(i.ip_reass_tmr) referenced from timeouts.o(.constdata)
 <LI><a href="#[7b]">ipfrag_free_pbuf_custom</a> from ip4_frag.o(i.ipfrag_free_pbuf_custom) referenced from ip4_frag.o(i.ip4_frag)
 <LI><a href="#[7c]">knl_idle_entry</a> from tos_sys.o(i.knl_idle_entry) referenced from tos_sys.o(i.knl_idle_init)
 <LI><a href="#[5]">lan8720a_init</a> from bsp_eth.o(i.lan8720a_init) referenced 2 times from bsp_eth.o(.data)
 <LI><a href="#[7]">lan8720a_read</a> from bsp_eth.o(i.lan8720a_read) referenced 2 times from bsp_eth.o(.data)
 <LI><a href="#[6]">lan8720a_write</a> from bsp_eth.o(i.lan8720a_write) referenced 2 times from bsp_eth.o(.data)
 <LI><a href="#[7e]">lwip_cyclic_timer</a> from timeouts.o(i.lwip_cyclic_timer) referenced from timeouts.o(i.lwip_cyclic_timer)
 <LI><a href="#[7e]">lwip_cyclic_timer</a> from timeouts.o(i.lwip_cyclic_timer) referenced from timeouts.o(i.sys_timeouts_init)
 <LI><a href="#[98]">lwip_netconn_do_close</a> from api_msg.o(i.lwip_netconn_do_close) referenced from api_lib.o(i.netconn_close_shutdown)
 <LI><a href="#[99]">lwip_netconn_do_connect</a> from api_msg.o(i.lwip_netconn_do_connect) referenced from api_lib.o(i.netconn_connect)
 <LI><a href="#[82]">lwip_netconn_do_connected</a> from api_msg.o(i.lwip_netconn_do_connected) referenced from api_msg.o(i.lwip_netconn_do_connect)
 <LI><a href="#[9e]">lwip_netconn_do_delconn</a> from api_msg.o(i.lwip_netconn_do_delconn) referenced from api_lib.o(i.netconn_prepare_delete)
 <LI><a href="#[9a]">lwip_netconn_do_disconnect</a> from api_msg.o(i.lwip_netconn_do_disconnect) referenced from api_lib.o(i.netconn_disconnect)
 <LI><a href="#[83]">lwip_netconn_do_dns_found</a> from api_msg.o(i.lwip_netconn_do_dns_found) referenced from api_msg.o(i.lwip_netconn_do_gethostbyname)
 <LI><a href="#[9b]">lwip_netconn_do_getaddr</a> from api_msg.o(i.lwip_netconn_do_getaddr) referenced from api_lib.o(i.netconn_getaddr)
 <LI><a href="#[9c]">lwip_netconn_do_gethostbyname</a> from api_msg.o(i.lwip_netconn_do_gethostbyname) referenced from api_lib.o(i.netconn_gethostbyname)
 <LI><a href="#[9d]">lwip_netconn_do_newconn</a> from api_msg.o(i.lwip_netconn_do_newconn) referenced from api_lib.o(i.netconn_new_with_proto_and_callback)
 <LI><a href="#[a0]">lwip_netconn_do_recv</a> from api_msg.o(i.lwip_netconn_do_recv) referenced from api_lib.o(i.netconn_tcp_recvd_msg)
 <LI><a href="#[9f]">lwip_netconn_do_send</a> from api_msg.o(i.lwip_netconn_do_send) referenced from api_lib.o(i.netconn_send)
 <LI><a href="#[a1]">lwip_netconn_do_write</a> from api_msg.o(i.lwip_netconn_do_write) referenced from api_lib.o(i.netconn_write_vectors_partly)
 <LI><a href="#[6d]">main</a> from main.o(i.main) referenced from entry9a.o(.ARM.Collect$$$$0000000B)
 <LI><a href="#[a3]">mbedtls_ctr_drbg_random</a> from ctr_drbg.o(i.mbedtls_ctr_drbg_random) referenced from osal_tls.o(i.osal_tls_connect)
 <LI><a href="#[8e]">mbedtls_debug</a> from osal_tls.o(i.mbedtls_debug) referenced from osal_tls.o(i.mbedtls_client_init)
 <LI><a href="#[8f]">mbedtls_entropy_func</a> from entropy.o(i.mbedtls_entropy_func) referenced from osal_tls.o(i.mbedtls_client_init)
 <LI><a href="#[90]">mbedtls_hardware_poll</a> from entropy_hardware_alt.o(i.mbedtls_hardware_poll) referenced from entropy.o(i.mbedtls_entropy_init)
 <LI><a href="#[e5]">mbedtls_md5_ret</a> from md5.o(i.mbedtls_md5_ret) referenced from md_wrap.o(.constdata)
 <LI><a href="#[a5]">mbedtls_net_recv</a> from net_sockets_alt.o(i.mbedtls_net_recv) referenced from osal_tls.o(i.osal_tls_connect)
 <LI><a href="#[a4]">mbedtls_net_recv_timeout</a> from net_sockets_alt.o(i.mbedtls_net_recv_timeout) referenced from osal_tls.o(i.osal_tls_connect)
 <LI><a href="#[a6]">mbedtls_net_send</a> from net_sockets_alt.o(i.mbedtls_net_send) referenced from osal_tls.o(i.osal_tls_connect)
 <LI><a href="#[ed]">mbedtls_sha1_ret</a> from sha1.o(i.mbedtls_sha1_ret) referenced from md_wrap.o(.constdata)
 <LI><a href="#[e8]">md5_clone_wrap</a> from md_wrap.o(i.md5_clone_wrap) referenced from md_wrap.o(.constdata)
 <LI><a href="#[e6]">md5_ctx_alloc</a> from md_wrap.o(i.md5_ctx_alloc) referenced from md_wrap.o(.constdata)
 <LI><a href="#[e7]">md5_ctx_free</a> from md_wrap.o(i.md5_ctx_free) referenced from md_wrap.o(.constdata)
 <LI><a href="#[e4]">md5_finish_wrap</a> from md_wrap.o(i.md5_finish_wrap) referenced from md_wrap.o(.constdata)
 <LI><a href="#[e9]">md5_process_wrap</a> from md_wrap.o(i.md5_process_wrap) referenced from md_wrap.o(.constdata)
 <LI><a href="#[e2]">md5_starts_wrap</a> from md_wrap.o(i.md5_starts_wrap) referenced from md_wrap.o(.constdata)
 <LI><a href="#[e3]">md5_update_wrap</a> from md_wrap.o(i.md5_update_wrap) referenced from md_wrap.o(.constdata)
 <LI><a href="#[8]">memset</a> from memseta.o(.text) referenced 2 times from platform_util.o(.data)
 <LI><a href="#[a2]">netif_null_output_ip4</a> from netif.o(i.netif_null_output_ip4) referenced from netif.o(i.netif_add)
 <LI><a href="#[96]">on_message_callback</a> from mqtt_sample.o(i.on_message_callback) referenced from mqtt_sample.o(i.mqtt_basic_thread)
 <LI><a href="#[80]">poll_tcp</a> from api_msg.o(i.poll_tcp) referenced from api_msg.o(i.lwip_netconn_do_close_internal)
 <LI><a href="#[80]">poll_tcp</a> from api_msg.o(i.poll_tcp) referenced from api_msg.o(i.setup_tcp)
 <LI><a href="#[a8]">qcloud_tls_connect</a> from qcloud_tls.o(i.qcloud_tls_connect) referenced from qcloud_tls.o(i.qcloud_network_tls_init)
 <LI><a href="#[ab]">qcloud_tls_disconnect</a> from qcloud_tls.o(i.qcloud_tls_disconnect) referenced from qcloud_tls.o(i.qcloud_network_tls_init)
 <LI><a href="#[ac]">qcloud_tls_is_connected</a> from qcloud_tls.o(i.qcloud_tls_is_connected) referenced from qcloud_tls.o(i.qcloud_network_tls_init)
 <LI><a href="#[a9]">qcloud_tls_read</a> from qcloud_tls.o(i.qcloud_tls_read) referenced from qcloud_tls.o(i.qcloud_network_tls_init)
 <LI><a href="#[aa]">qcloud_tls_write</a> from qcloud_tls.o(i.qcloud_tls_write) referenced from qcloud_tls.o(i.qcloud_network_tls_init)
 <LI><a href="#[ad]">recv_tcp</a> from api_msg.o(i.recv_tcp) referenced from api_msg.o(i.setup_tcp)
 <LI><a href="#[a7]">recv_udp</a> from api_msg.o(i.recv_udp) referenced from api_msg.o(i.pcb_new)
 <LI><a href="#[7f]">sent_tcp</a> from api_msg.o(i.sent_tcp) referenced from api_msg.o(i.lwip_netconn_do_close_internal)
 <LI><a href="#[7f]">sent_tcp</a> from api_msg.o(i.sent_tcp) referenced from api_msg.o(i.setup_tcp)
 <LI><a href="#[f0]">sha1_clone_wrap</a> from md_wrap.o(i.sha1_clone_wrap) referenced from md_wrap.o(.constdata)
 <LI><a href="#[ee]">sha1_ctx_alloc</a> from md_wrap.o(i.sha1_ctx_alloc) referenced from md_wrap.o(.constdata)
 <LI><a href="#[ef]">sha1_ctx_free</a> from md_wrap.o(i.sha1_ctx_free) referenced from md_wrap.o(.constdata)
 <LI><a href="#[ec]">sha1_finish_wrap</a> from md_wrap.o(i.sha1_finish_wrap) referenced from md_wrap.o(.constdata)
 <LI><a href="#[f1]">sha1_process_wrap</a> from md_wrap.o(i.sha1_process_wrap) referenced from md_wrap.o(.constdata)
 <LI><a href="#[ea]">sha1_starts_wrap</a> from md_wrap.o(i.sha1_starts_wrap) referenced from md_wrap.o(.constdata)
 <LI><a href="#[eb]">sha1_update_wrap</a> from md_wrap.o(i.sha1_update_wrap) referenced from md_wrap.o(.constdata)
 <LI><a href="#[f8]">sha224_clone_wrap</a> from md_wrap.o(i.sha224_clone_wrap) referenced 2 times from md_wrap.o(.constdata)
 <LI><a href="#[f6]">sha224_ctx_alloc</a> from md_wrap.o(i.sha224_ctx_alloc) referenced 2 times from md_wrap.o(.constdata)
 <LI><a href="#[f7]">sha224_ctx_free</a> from md_wrap.o(i.sha224_ctx_free) referenced 2 times from md_wrap.o(.constdata)
 <LI><a href="#[f4]">sha224_finish_wrap</a> from md_wrap.o(i.sha224_finish_wrap) referenced 2 times from md_wrap.o(.constdata)
 <LI><a href="#[f9]">sha224_process_wrap</a> from md_wrap.o(i.sha224_process_wrap) referenced 2 times from md_wrap.o(.constdata)
 <LI><a href="#[f2]">sha224_starts_wrap</a> from md_wrap.o(i.sha224_starts_wrap) referenced from md_wrap.o(.constdata)
 <LI><a href="#[f3]">sha224_update_wrap</a> from md_wrap.o(i.sha224_update_wrap) referenced 2 times from md_wrap.o(.constdata)
 <LI><a href="#[f5]">sha224_wrap</a> from md_wrap.o(i.sha224_wrap) referenced from md_wrap.o(.constdata)
 <LI><a href="#[fa]">sha256_starts_wrap</a> from md_wrap.o(i.sha256_starts_wrap) referenced from md_wrap.o(.constdata)
 <LI><a href="#[fb]">sha256_wrap</a> from md_wrap.o(i.sha256_wrap) referenced from md_wrap.o(.constdata)
 <LI><a href="#[93]">ssl_calc_finished_tls_sha256</a> from ssl_tls.o(i.ssl_calc_finished_tls_sha256) referenced from ssl_tls.o(i.mbedtls_ssl_derive_keys)
 <LI><a href="#[92]">ssl_calc_verify_tls_sha256</a> from ssl_tls.o(i.ssl_calc_verify_tls_sha256) referenced from ssl_tls.o(i.mbedtls_ssl_derive_keys)
 <LI><a href="#[94]">ssl_update_checksum_sha256</a> from ssl_tls.o(i.ssl_update_checksum_sha256) referenced from ssl_tls.o(i.mbedtls_ssl_optimize_checksum)
 <LI><a href="#[ae]">ssl_update_checksum_start</a> from ssl_tls.o(i.ssl_update_checksum_start) referenced from ssl_tls.o(i.ssl_handshake_params_init)
 <LI><a href="#[b4]">task_exit</a> from tos_task.o(i.task_exit) referenced from tos_task.o(i.tos_task_create)
 <LI><a href="#[af]">tcp_recv_null</a> from tcp.o(i.tcp_recv_null) referenced from tcp.o(i.tcp_alloc)
 <LI><a href="#[b6]">tcp_tmr</a> from tcp.o(i.tcp_tmr) referenced from timeouts.o(.constdata)
 <LI><a href="#[71]">tcpip_input</a> from tcpip.o(i.tcpip_input) referenced from lwip.o(i.MX_LWIP_Init)
 <LI><a href="#[b0]">tcpip_tcp_timer</a> from timeouts.o(i.tcpip_tcp_timer) referenced from timeouts.o(i.tcp_timer_needed)
 <LI><a href="#[b0]">tcpip_tcp_timer</a> from timeouts.o(i.tcpip_tcp_timer) referenced from timeouts.o(i.tcpip_tcp_timer)
 <LI><a href="#[b1]">tcpip_thread</a> from tcpip.o(i.tcpip_thread) referenced from tcpip.o(i.tcpip_init)
 <LI><a href="#[91]">tls_prf_sha256</a> from ssl_tls.o(i.tls_prf_sha256) referenced from ssl_tls.o(i.mbedtls_ssl_derive_keys)
</UL>
<P>
<H3>
Global Symbols
</H3>
<P><STRONG><a name="[6f]"></a>__main</STRONG> (Thumb, 0 bytes, Stack size unknown bytes, entry.o(.ARM.Collect$$$$00000000))
<BR>[Address Reference Count : 1]<UL><LI> startup_stm32f429xx.o(.text)
</UL>
<P><STRONG><a name="[500]"></a>_main_stk</STRONG> (Thumb, 0 bytes, Stack size unknown bytes, entry2.o(.ARM.Collect$$$$00000001))

<P><STRONG><a name="[fc]"></a>_main_scatterload</STRONG> (Thumb, 0 bytes, Stack size unknown bytes, entry5.o(.ARM.Collect$$$$00000004))
<BR><BR>[Calls]<UL><LI><a href="#[fd]">&gt;&gt;</a>&nbsp;&nbsp;&nbsp;__scatterload
</UL>

<P><STRONG><a name="[114]"></a>__main_after_scatterload</STRONG> (Thumb, 0 bytes, Stack size unknown bytes, entry5.o(.ARM.Collect$$$$00000004))
<BR><BR>[Called By]<UL><LI><a href="#[fd]">&gt;&gt;</a>&nbsp;&nbsp;&nbsp;__scatterload
</UL>

<P><STRONG><a name="[501]"></a>_main_clock</STRONG> (Thumb, 0 bytes, Stack size unknown bytes, entry7b.o(.ARM.Collect$$$$00000008))

<P><STRONG><a name="[502]"></a>_main_cpp_init</STRONG> (Thumb, 0 bytes, Stack size unknown bytes, entry8b.o(.ARM.Collect$$$$0000000A))

<P><STRONG><a name="[503]"></a>_main_init</STRONG> (Thumb, 0 bytes, Stack size unknown bytes, entry9a.o(.ARM.Collect$$$$0000000B))

<P><STRONG><a name="[504]"></a>__rt_final_cpp</STRONG> (Thumb, 0 bytes, Stack size unknown bytes, entry10a.o(.ARM.Collect$$$$0000000D))

<P><STRONG><a name="[505]"></a>__rt_final_exit</STRONG> (Thumb, 0 bytes, Stack size unknown bytes, entry11a.o(.ARM.Collect$$$$0000000F))

<P><STRONG><a name="[9]"></a>Reset_Handler</STRONG> (Thumb, 8 bytes, Stack size 0 bytes, startup_stm32f429xx.o(.text))
<BR>[Address Reference Count : 1]<UL><LI> startup_stm32f429xx.o(RESET)
</UL>
<P><STRONG><a name="[f]"></a>SVC_Handler</STRONG> (Thumb, 2 bytes, Stack size 0 bytes, startup_stm32f429xx.o(.text))
<BR><BR>[Calls]<UL><LI><a href="#[f]">&gt;&gt;</a>&nbsp;&nbsp;&nbsp;SVC_Handler
</UL>
<BR>[Called By]<UL><LI><a href="#[f]">&gt;&gt;</a>&nbsp;&nbsp;&nbsp;SVC_Handler
</UL>
<BR>[Address Reference Count : 1]<UL><LI> startup_stm32f429xx.o(RESET)
</UL>
<P><STRONG><a name="[25]"></a>ADC_IRQHandler</STRONG> (Thumb, 0 bytes, Stack size 0 bytes, startup_stm32f429xx.o(.text))
<BR><BR>[Calls]<UL><LI><a href="#[25]">&gt;&gt;</a>&nbsp;&nbsp;&nbsp;ADC_IRQHandler
</UL>
<BR>[Called By]<UL><LI><a href="#[25]">&gt;&gt;</a>&nbsp;&nbsp;&nbsp;ADC_IRQHandler
</UL>
<BR>[Address Reference Count : 1]<UL><LI> startup_stm32f429xx.o(RESET)
</UL>
<P><STRONG><a name="[27]"></a>CAN1_RX0_IRQHandler</STRONG> (Thumb, 0 bytes, Stack size 0 bytes, startup_stm32f429xx.o(.text))
<BR>[Address Reference Count : 1]<UL><LI> startup_stm32f429xx.o(RESET)
</UL>
<P><STRONG><a name="[28]"></a>CAN1_RX1_IRQHandler</STRONG> (Thumb, 0 bytes, Stack size 0 bytes, startup_stm32f429xx.o(.text))
<BR>[Address Reference Count : 1]<UL><LI> startup_stm32f429xx.o(RESET)
</UL>
<P><STRONG><a name="[29]"></a>CAN1_SCE_IRQHandler</STRONG> (Thumb, 0 bytes, Stack size 0 bytes, startup_stm32f429xx.o(.text))
<BR>[Address Reference Count : 1]<UL><LI> startup_stm32f429xx.o(RESET)
</UL>
<P><STRONG><a name="[26]"></a>CAN1_TX_IRQHandler</STRONG> (Thumb, 0 bytes, Stack size 0 bytes, startup_stm32f429xx.o(.text))
<BR>[Address Reference Count : 1]<UL><LI> startup_stm32f429xx.o(RESET)
</UL>
<P><STRONG><a name="[53]"></a>CAN2_RX0_IRQHandler</STRONG> (Thumb, 0 bytes, Stack size 0 bytes, startup_stm32f429xx.o(.text))
<BR>[Address Reference Count : 1]<UL><LI> startup_stm32f429xx.o(RESET)
</UL>
<P><STRONG><a name="[54]"></a>CAN2_RX1_IRQHandler</STRONG> (Thumb, 0 bytes, Stack size 0 bytes, startup_stm32f429xx.o(.text))
<BR>[Address Reference Count : 1]<UL><LI> startup_stm32f429xx.o(RESET)
</UL>
<P><STRONG><a name="[55]"></a>CAN2_SCE_IRQHandler</STRONG> (Thumb, 0 bytes, Stack size 0 bytes, startup_stm32f429xx.o(.text))
<BR>[Address Reference Count : 1]<UL><LI> startup_stm32f429xx.o(RESET)
</UL>
<P><STRONG><a name="[52]"></a>CAN2_TX_IRQHandler</STRONG> (Thumb, 0 bytes, Stack size 0 bytes, startup_stm32f429xx.o(.text))
<BR>[Address Reference Count : 1]<UL><LI> startup_stm32f429xx.o(RESET)
</UL>
<P><STRONG><a name="[61]"></a>DCMI_IRQHandler</STRONG> (Thumb, 0 bytes, Stack size 0 bytes, startup_stm32f429xx.o(.text))
<BR>[Address Reference Count : 1]<UL><LI> startup_stm32f429xx.o(RESET)
</UL>
<P><STRONG><a name="[1e]"></a>DMA1_Stream0_IRQHandler</STRONG> (Thumb, 0 bytes, Stack size 0 bytes, startup_stm32f429xx.o(.text))
<BR>[Address Reference Count : 1]<UL><LI> startup_stm32f429xx.o(RESET)
</UL>
<P><STRONG><a name="[1f]"></a>DMA1_Stream1_IRQHandler</STRONG> (Thumb, 0 bytes, Stack size 0 bytes, startup_stm32f429xx.o(.text))
<BR>[Address Reference Count : 1]<UL><LI> startup_stm32f429xx.o(RESET)
</UL>
<P><STRONG><a name="[20]"></a>DMA1_Stream2_IRQHandler</STRONG> (Thumb, 0 bytes, Stack size 0 bytes, startup_stm32f429xx.o(.text))
<BR>[Address Reference Count : 1]<UL><LI> startup_stm32f429xx.o(RESET)
</UL>
<P><STRONG><a name="[21]"></a>DMA1_Stream3_IRQHandler</STRONG> (Thumb, 0 bytes, Stack size 0 bytes, startup_stm32f429xx.o(.text))
<BR>[Address Reference Count : 1]<UL><LI> startup_stm32f429xx.o(RESET)
</UL>
<P><STRONG><a name="[22]"></a>DMA1_Stream4_IRQHandler</STRONG> (Thumb, 0 bytes, Stack size 0 bytes, startup_stm32f429xx.o(.text))
<BR>[Address Reference Count : 1]<UL><LI> startup_stm32f429xx.o(RESET)
</UL>
<P><STRONG><a name="[23]"></a>DMA1_Stream5_IRQHandler</STRONG> (Thumb, 0 bytes, Stack size 0 bytes, startup_stm32f429xx.o(.text))
<BR>[Address Reference Count : 1]<UL><LI> startup_stm32f429xx.o(RESET)
</UL>
<P><STRONG><a name="[24]"></a>DMA1_Stream6_IRQHandler</STRONG> (Thumb, 0 bytes, Stack size 0 bytes, startup_stm32f429xx.o(.text))
<BR>[Address Reference Count : 1]<UL><LI> startup_stm32f429xx.o(RESET)
</UL>
<P><STRONG><a name="[42]"></a>DMA1_Stream7_IRQHandler</STRONG> (Thumb, 0 bytes, Stack size 0 bytes, startup_stm32f429xx.o(.text))
<BR>[Address Reference Count : 1]<UL><LI> startup_stm32f429xx.o(RESET)
</UL>
<P><STRONG><a name="[6c]"></a>DMA2D_IRQHandler</STRONG> (Thumb, 0 bytes, Stack size 0 bytes, startup_stm32f429xx.o(.text))
<BR>[Address Reference Count : 1]<UL><LI> startup_stm32f429xx.o(RESET)
</UL>
<P><STRONG><a name="[4b]"></a>DMA2_Stream0_IRQHandler</STRONG> (Thumb, 0 bytes, Stack size 0 bytes, startup_stm32f429xx.o(.text))
<BR>[Address Reference Count : 1]<UL><LI> startup_stm32f429xx.o(RESET)
</UL>
<P><STRONG><a name="[4c]"></a>DMA2_Stream1_IRQHandler</STRONG> (Thumb, 0 bytes, Stack size 0 bytes, startup_stm32f429xx.o(.text))
<BR>[Address Reference Count : 1]<UL><LI> startup_stm32f429xx.o(RESET)
</UL>
<P><STRONG><a name="[4d]"></a>DMA2_Stream2_IRQHandler</STRONG> (Thumb, 0 bytes, Stack size 0 bytes, startup_stm32f429xx.o(.text))
<BR>[Address Reference Count : 1]<UL><LI> startup_stm32f429xx.o(RESET)
</UL>
<P><STRONG><a name="[4e]"></a>DMA2_Stream3_IRQHandler</STRONG> (Thumb, 0 bytes, Stack size 0 bytes, startup_stm32f429xx.o(.text))
<BR>[Address Reference Count : 1]<UL><LI> startup_stm32f429xx.o(RESET)
</UL>
<P><STRONG><a name="[4f]"></a>DMA2_Stream4_IRQHandler</STRONG> (Thumb, 0 bytes, Stack size 0 bytes, startup_stm32f429xx.o(.text))
<BR>[Address Reference Count : 1]<UL><LI> startup_stm32f429xx.o(RESET)
</UL>
<P><STRONG><a name="[57]"></a>DMA2_Stream5_IRQHandler</STRONG> (Thumb, 0 bytes, Stack size 0 bytes, startup_stm32f429xx.o(.text))
<BR>[Address Reference Count : 1]<UL><LI> startup_stm32f429xx.o(RESET)
</UL>
<P><STRONG><a name="[58]"></a>DMA2_Stream6_IRQHandler</STRONG> (Thumb, 0 bytes, Stack size 0 bytes, startup_stm32f429xx.o(.text))
<BR>[Address Reference Count : 1]<UL><LI> startup_stm32f429xx.o(RESET)
</UL>
<P><STRONG><a name="[59]"></a>DMA2_Stream7_IRQHandler</STRONG> (Thumb, 0 bytes, Stack size 0 bytes, startup_stm32f429xx.o(.text))
<BR>[Address Reference Count : 1]<UL><LI> startup_stm32f429xx.o(RESET)
</UL>
<P><STRONG><a name="[51]"></a>ETH_WKUP_IRQHandler</STRONG> (Thumb, 0 bytes, Stack size 0 bytes, startup_stm32f429xx.o(.text))
<BR>[Address Reference Count : 1]<UL><LI> startup_stm32f429xx.o(RESET)
</UL>
<P><STRONG><a name="[1a]"></a>EXTI1_IRQHandler</STRONG> (Thumb, 0 bytes, Stack size 0 bytes, startup_stm32f429xx.o(.text))
<BR>[Address Reference Count : 1]<UL><LI> startup_stm32f429xx.o(RESET)
</UL>
<P><STRONG><a name="[1d]"></a>EXTI4_IRQHandler</STRONG> (Thumb, 0 bytes, Stack size 0 bytes, startup_stm32f429xx.o(.text))
<BR>[Address Reference Count : 1]<UL><LI> startup_stm32f429xx.o(RESET)
</UL>
<P><STRONG><a name="[2a]"></a>EXTI9_5_IRQHandler</STRONG> (Thumb, 0 bytes, Stack size 0 bytes, startup_stm32f429xx.o(.text))
<BR>[Address Reference Count : 1]<UL><LI> startup_stm32f429xx.o(RESET)
</UL>
<P><STRONG><a name="[17]"></a>FLASH_IRQHandler</STRONG> (Thumb, 0 bytes, Stack size 0 bytes, startup_stm32f429xx.o(.text))
<BR>[Address Reference Count : 1]<UL><LI> startup_stm32f429xx.o(RESET)
</UL>
<P><STRONG><a name="[43]"></a>FMC_IRQHandler</STRONG> (Thumb, 0 bytes, Stack size 0 bytes, startup_stm32f429xx.o(.text))
<BR>[Address Reference Count : 1]<UL><LI> startup_stm32f429xx.o(RESET)
</UL>
<P><STRONG><a name="[63]"></a>FPU_IRQHandler</STRONG> (Thumb, 0 bytes, Stack size 0 bytes, startup_stm32f429xx.o(.text))
<BR>[Address Reference Count : 1]<UL><LI> startup_stm32f429xx.o(RESET)
</UL>
<P><STRONG><a name="[62]"></a>HASH_RNG_IRQHandler</STRONG> (Thumb, 0 bytes, Stack size 0 bytes, startup_stm32f429xx.o(.text))
<BR>[Address Reference Count : 1]<UL><LI> startup_stm32f429xx.o(RESET)
</UL>
<P><STRONG><a name="[33]"></a>I2C1_ER_IRQHandler</STRONG> (Thumb, 0 bytes, Stack size 0 bytes, startup_stm32f429xx.o(.text))
<BR>[Address Reference Count : 1]<UL><LI> startup_stm32f429xx.o(RESET)
</UL>
<P><STRONG><a name="[32]"></a>I2C1_EV_IRQHandler</STRONG> (Thumb, 0 bytes, Stack size 0 bytes, startup_stm32f429xx.o(.text))
<BR>[Address Reference Count : 1]<UL><LI> startup_stm32f429xx.o(RESET)
</UL>
<P><STRONG><a name="[35]"></a>I2C2_ER_IRQHandler</STRONG> (Thumb, 0 bytes, Stack size 0 bytes, startup_stm32f429xx.o(.text))
<BR>[Address Reference Count : 1]<UL><LI> startup_stm32f429xx.o(RESET)
</UL>
<P><STRONG><a name="[34]"></a>I2C2_EV_IRQHandler</STRONG> (Thumb, 0 bytes, Stack size 0 bytes, startup_stm32f429xx.o(.text))
<BR>[Address Reference Count : 1]<UL><LI> startup_stm32f429xx.o(RESET)
</UL>
<P><STRONG><a name="[5c]"></a>I2C3_ER_IRQHandler</STRONG> (Thumb, 0 bytes, Stack size 0 bytes, startup_stm32f429xx.o(.text))
<BR>[Address Reference Count : 1]<UL><LI> startup_stm32f429xx.o(RESET)
</UL>
<P><STRONG><a name="[5b]"></a>I2C3_EV_IRQHandler</STRONG> (Thumb, 0 bytes, Stack size 0 bytes, startup_stm32f429xx.o(.text))
<BR>[Address Reference Count : 1]<UL><LI> startup_stm32f429xx.o(RESET)
</UL>
<P><STRONG><a name="[6b]"></a>LTDC_ER_IRQHandler</STRONG> (Thumb, 0 bytes, Stack size 0 bytes, startup_stm32f429xx.o(.text))
<BR>[Address Reference Count : 1]<UL><LI> startup_stm32f429xx.o(RESET)
</UL>
<P><STRONG><a name="[6a]"></a>LTDC_IRQHandler</STRONG> (Thumb, 0 bytes, Stack size 0 bytes, startup_stm32f429xx.o(.text))
<BR>[Address Reference Count : 1]<UL><LI> startup_stm32f429xx.o(RESET)
</UL>
<P><STRONG><a name="[56]"></a>OTG_FS_IRQHandler</STRONG> (Thumb, 0 bytes, Stack size 0 bytes, startup_stm32f429xx.o(.text))
<BR>[Address Reference Count : 1]<UL><LI> startup_stm32f429xx.o(RESET)
</UL>
<P><STRONG><a name="[3d]"></a>OTG_FS_WKUP_IRQHandler</STRONG> (Thumb, 0 bytes, Stack size 0 bytes, startup_stm32f429xx.o(.text))
<BR>[Address Reference Count : 1]<UL><LI> startup_stm32f429xx.o(RESET)
</UL>
<P><STRONG><a name="[5e]"></a>OTG_HS_EP1_IN_IRQHandler</STRONG> (Thumb, 0 bytes, Stack size 0 bytes, startup_stm32f429xx.o(.text))
<BR>[Address Reference Count : 1]<UL><LI> startup_stm32f429xx.o(RESET)
</UL>
<P><STRONG><a name="[5d]"></a>OTG_HS_EP1_OUT_IRQHandler</STRONG> (Thumb, 0 bytes, Stack size 0 bytes, startup_stm32f429xx.o(.text))
<BR>[Address Reference Count : 1]<UL><LI> startup_stm32f429xx.o(RESET)
</UL>
<P><STRONG><a name="[60]"></a>OTG_HS_IRQHandler</STRONG> (Thumb, 0 bytes, Stack size 0 bytes, startup_stm32f429xx.o(.text))
<BR>[Address Reference Count : 1]<UL><LI> startup_stm32f429xx.o(RESET)
</UL>
<P><STRONG><a name="[5f]"></a>OTG_HS_WKUP_IRQHandler</STRONG> (Thumb, 0 bytes, Stack size 0 bytes, startup_stm32f429xx.o(.text))
<BR>[Address Reference Count : 1]<UL><LI> startup_stm32f429xx.o(RESET)
</UL>
<P><STRONG><a name="[14]"></a>PVD_IRQHandler</STRONG> (Thumb, 0 bytes, Stack size 0 bytes, startup_stm32f429xx.o(.text))
<BR>[Address Reference Count : 1]<UL><LI> startup_stm32f429xx.o(RESET)
</UL>
<P><STRONG><a name="[18]"></a>RCC_IRQHandler</STRONG> (Thumb, 0 bytes, Stack size 0 bytes, startup_stm32f429xx.o(.text))
<BR>[Address Reference Count : 1]<UL><LI> startup_stm32f429xx.o(RESET)
</UL>
<P><STRONG><a name="[3c]"></a>RTC_Alarm_IRQHandler</STRONG> (Thumb, 0 bytes, Stack size 0 bytes, startup_stm32f429xx.o(.text))
<BR>[Address Reference Count : 1]<UL><LI> startup_stm32f429xx.o(RESET)
</UL>
<P><STRONG><a name="[16]"></a>RTC_WKUP_IRQHandler</STRONG> (Thumb, 0 bytes, Stack size 0 bytes, startup_stm32f429xx.o(.text))
<BR>[Address Reference Count : 1]<UL><LI> startup_stm32f429xx.o(RESET)
</UL>
<P><STRONG><a name="[69]"></a>SAI1_IRQHandler</STRONG> (Thumb, 0 bytes, Stack size 0 bytes, startup_stm32f429xx.o(.text))
<BR>[Address Reference Count : 1]<UL><LI> startup_stm32f429xx.o(RESET)
</UL>
<P><STRONG><a name="[44]"></a>SDIO_IRQHandler</STRONG> (Thumb, 0 bytes, Stack size 0 bytes, startup_stm32f429xx.o(.text))
<BR>[Address Reference Count : 1]<UL><LI> startup_stm32f429xx.o(RESET)
</UL>
<P><STRONG><a name="[36]"></a>SPI1_IRQHandler</STRONG> (Thumb, 0 bytes, Stack size 0 bytes, startup_stm32f429xx.o(.text))
<BR>[Address Reference Count : 1]<UL><LI> startup_stm32f429xx.o(RESET)
</UL>
<P><STRONG><a name="[37]"></a>SPI2_IRQHandler</STRONG> (Thumb, 0 bytes, Stack size 0 bytes, startup_stm32f429xx.o(.text))
<BR>[Address Reference Count : 1]<UL><LI> startup_stm32f429xx.o(RESET)
</UL>
<P><STRONG><a name="[46]"></a>SPI3_IRQHandler</STRONG> (Thumb, 0 bytes, Stack size 0 bytes, startup_stm32f429xx.o(.text))
<BR>[Address Reference Count : 1]<UL><LI> startup_stm32f429xx.o(RESET)
</UL>
<P><STRONG><a name="[66]"></a>SPI4_IRQHandler</STRONG> (Thumb, 0 bytes, Stack size 0 bytes, startup_stm32f429xx.o(.text))
<BR>[Address Reference Count : 1]<UL><LI> startup_stm32f429xx.o(RESET)
</UL>
<P><STRONG><a name="[67]"></a>SPI5_IRQHandler</STRONG> (Thumb, 0 bytes, Stack size 0 bytes, startup_stm32f429xx.o(.text))
<BR>[Address Reference Count : 1]<UL><LI> startup_stm32f429xx.o(RESET)
</UL>
<P><STRONG><a name="[68]"></a>SPI6_IRQHandler</STRONG> (Thumb, 0 bytes, Stack size 0 bytes, startup_stm32f429xx.o(.text))
<BR>[Address Reference Count : 1]<UL><LI> startup_stm32f429xx.o(RESET)
</UL>
<P><STRONG><a name="[15]"></a>TAMP_STAMP_IRQHandler</STRONG> (Thumb, 0 bytes, Stack size 0 bytes, startup_stm32f429xx.o(.text))
<BR>[Address Reference Count : 1]<UL><LI> startup_stm32f429xx.o(RESET)
</UL>
<P><STRONG><a name="[2b]"></a>TIM1_BRK_TIM9_IRQHandler</STRONG> (Thumb, 0 bytes, Stack size 0 bytes, startup_stm32f429xx.o(.text))
<BR>[Address Reference Count : 1]<UL><LI> startup_stm32f429xx.o(RESET)
</UL>
<P><STRONG><a name="[2e]"></a>TIM1_CC_IRQHandler</STRONG> (Thumb, 0 bytes, Stack size 0 bytes, startup_stm32f429xx.o(.text))
<BR>[Address Reference Count : 1]<UL><LI> startup_stm32f429xx.o(RESET)
</UL>
<P><STRONG><a name="[2d]"></a>TIM1_TRG_COM_TIM11_IRQHandler</STRONG> (Thumb, 0 bytes, Stack size 0 bytes, startup_stm32f429xx.o(.text))
<BR>[Address Reference Count : 1]<UL><LI> startup_stm32f429xx.o(RESET)
</UL>
<P><STRONG><a name="[2c]"></a>TIM1_UP_TIM10_IRQHandler</STRONG> (Thumb, 0 bytes, Stack size 0 bytes, startup_stm32f429xx.o(.text))
<BR>[Address Reference Count : 1]<UL><LI> startup_stm32f429xx.o(RESET)
</UL>
<P><STRONG><a name="[2f]"></a>TIM2_IRQHandler</STRONG> (Thumb, 0 bytes, Stack size 0 bytes, startup_stm32f429xx.o(.text))
<BR>[Address Reference Count : 1]<UL><LI> startup_stm32f429xx.o(RESET)
</UL>
<P><STRONG><a name="[30]"></a>TIM3_IRQHandler</STRONG> (Thumb, 0 bytes, Stack size 0 bytes, startup_stm32f429xx.o(.text))
<BR>[Address Reference Count : 1]<UL><LI> startup_stm32f429xx.o(RESET)
</UL>
<P><STRONG><a name="[31]"></a>TIM4_IRQHandler</STRONG> (Thumb, 0 bytes, Stack size 0 bytes, startup_stm32f429xx.o(.text))
<BR>[Address Reference Count : 1]<UL><LI> startup_stm32f429xx.o(RESET)
</UL>
<P><STRONG><a name="[45]"></a>TIM5_IRQHandler</STRONG> (Thumb, 0 bytes, Stack size 0 bytes, startup_stm32f429xx.o(.text))
<BR>[Address Reference Count : 1]<UL><LI> startup_stm32f429xx.o(RESET)
</UL>
<P><STRONG><a name="[49]"></a>TIM6_DAC_IRQHandler</STRONG> (Thumb, 0 bytes, Stack size 0 bytes, startup_stm32f429xx.o(.text))
<BR>[Address Reference Count : 1]<UL><LI> startup_stm32f429xx.o(RESET)
</UL>
<P><STRONG><a name="[4a]"></a>TIM7_IRQHandler</STRONG> (Thumb, 0 bytes, Stack size 0 bytes, startup_stm32f429xx.o(.text))
<BR>[Address Reference Count : 1]<UL><LI> startup_stm32f429xx.o(RESET)
</UL>
<P><STRONG><a name="[3e]"></a>TIM8_BRK_TIM12_IRQHandler</STRONG> (Thumb, 0 bytes, Stack size 0 bytes, startup_stm32f429xx.o(.text))
<BR>[Address Reference Count : 1]<UL><LI> startup_stm32f429xx.o(RESET)
</UL>
<P><STRONG><a name="[41]"></a>TIM8_CC_IRQHandler</STRONG> (Thumb, 0 bytes, Stack size 0 bytes, startup_stm32f429xx.o(.text))
<BR>[Address Reference Count : 1]<UL><LI> startup_stm32f429xx.o(RESET)
</UL>
<P><STRONG><a name="[40]"></a>TIM8_TRG_COM_TIM14_IRQHandler</STRONG> (Thumb, 0 bytes, Stack size 0 bytes, startup_stm32f429xx.o(.text))
<BR>[Address Reference Count : 1]<UL><LI> startup_stm32f429xx.o(RESET)
</UL>
<P><STRONG><a name="[3f]"></a>TIM8_UP_TIM13_IRQHandler</STRONG> (Thumb, 0 bytes, Stack size 0 bytes, startup_stm32f429xx.o(.text))
<BR>[Address Reference Count : 1]<UL><LI> startup_stm32f429xx.o(RESET)
</UL>
<P><STRONG><a name="[47]"></a>UART4_IRQHandler</STRONG> (Thumb, 0 bytes, Stack size 0 bytes, startup_stm32f429xx.o(.text))
<BR>[Address Reference Count : 1]<UL><LI> startup_stm32f429xx.o(RESET)
</UL>
<P><STRONG><a name="[48]"></a>UART5_IRQHandler</STRONG> (Thumb, 0 bytes, Stack size 0 bytes, startup_stm32f429xx.o(.text))
<BR>[Address Reference Count : 1]<UL><LI> startup_stm32f429xx.o(RESET)
</UL>
<P><STRONG><a name="[64]"></a>UART7_IRQHandler</STRONG> (Thumb, 0 bytes, Stack size 0 bytes, startup_stm32f429xx.o(.text))
<BR>[Address Reference Count : 1]<UL><LI> startup_stm32f429xx.o(RESET)
</UL>
<P><STRONG><a name="[65]"></a>UART8_IRQHandler</STRONG> (Thumb, 0 bytes, Stack size 0 bytes, startup_stm32f429xx.o(.text))
<BR>[Address Reference Count : 1]<UL><LI> startup_stm32f429xx.o(RESET)
</UL>
<P><STRONG><a name="[39]"></a>USART2_IRQHandler</STRONG> (Thumb, 0 bytes, Stack size 0 bytes, startup_stm32f429xx.o(.text))
<BR>[Address Reference Count : 1]<UL><LI> startup_stm32f429xx.o(RESET)
</UL>
<P><STRONG><a name="[3a]"></a>USART3_IRQHandler</STRONG> (Thumb, 0 bytes, Stack size 0 bytes, startup_stm32f429xx.o(.text))
<BR>[Address Reference Count : 1]<UL><LI> startup_stm32f429xx.o(RESET)
</UL>
<P><STRONG><a name="[5a]"></a>USART6_IRQHandler</STRONG> (Thumb, 0 bytes, Stack size 0 bytes, startup_stm32f429xx.o(.text))
<BR>[Address Reference Count : 1]<UL><LI> startup_stm32f429xx.o(RESET)
</UL>
<P><STRONG><a name="[13]"></a>WWDG_IRQHandler</STRONG> (Thumb, 0 bytes, Stack size 0 bytes, startup_stm32f429xx.o(.text))
<BR>[Address Reference Count : 1]<UL><LI> startup_stm32f429xx.o(RESET)
</UL>
<P><STRONG><a name="[506]"></a>port_int_disable</STRONG> (Thumb, 0 bytes, Stack size unknown bytes, port_s.o(.text), UNUSED)

<P><STRONG><a name="[507]"></a>port_int_enable</STRONG> (Thumb, 0 bytes, Stack size unknown bytes, port_s.o(.text), UNUSED)

<P><STRONG><a name="[4eb]"></a>port_cpsr_save</STRONG> (Thumb, 0 bytes, Stack size unknown bytes, port_s.o(.text))
<BR><BR>[Called By]<UL><LI><a href="#[274]">&gt;&gt;</a>&nbsp;&nbsp;&nbsp;tos_cpu_cpsr_save
</UL>

<P><STRONG><a name="[4ea]"></a>port_cpsr_restore</STRONG> (Thumb, 0 bytes, Stack size unknown bytes, port_s.o(.text))
<BR><BR>[Called By]<UL><LI><a href="#[277]">&gt;&gt;</a>&nbsp;&nbsp;&nbsp;tos_cpu_cpsr_restore
</UL>

<P><STRONG><a name="[4e9]"></a>port_clz</STRONG> (Thumb, 0 bytes, Stack size unknown bytes, port_s.o(.text))
<BR><BR>[Called By]<UL><LI><a href="#[251]">&gt;&gt;</a>&nbsp;&nbsp;&nbsp;tos_cpu_clz
</UL>

<P><STRONG><a name="[1c7]"></a>port_sched_start</STRONG> (Thumb, 0 bytes, Stack size unknown bytes, port_s.o(.text))
<BR><BR>[Called By]<UL><LI><a href="#[1c6]">&gt;&gt;</a>&nbsp;&nbsp;&nbsp;cpu_sched_start
</UL>

<P><STRONG><a name="[1c1]"></a>port_context_switch</STRONG> (Thumb, 0 bytes, Stack size unknown bytes, port_s.o(.text))
<BR><BR>[Called By]<UL><LI><a href="#[1c0]">&gt;&gt;</a>&nbsp;&nbsp;&nbsp;cpu_context_switch
</UL>

<P><STRONG><a name="[1c5]"></a>port_irq_context_switch</STRONG> (Thumb, 0 bytes, Stack size unknown bytes, port_s.o(.text))
<BR><BR>[Called By]<UL><LI><a href="#[1c4]">&gt;&gt;</a>&nbsp;&nbsp;&nbsp;cpu_irq_context_switch
</UL>

<P><STRONG><a name="[11]"></a>PendSV_Handler</STRONG> (Thumb, 0 bytes, Stack size unknown bytes, port_s.o(.text))
<BR>[Address Reference Count : 1]<UL><LI> startup_stm32f429xx.o(RESET)
</UL>
<P><STRONG><a name="[fe]"></a>__aeabi_uldivmod</STRONG> (Thumb, 98 bytes, Stack size 40 bytes, uldiv.o(.text))
<BR><BR>[Stack]<UL><LI>Max Depth = 40<LI>Call Chain = __aeabi_uldivmod
</UL>
<BR>[Calls]<UL><LI><a href="#[100]">&gt;&gt;</a>&nbsp;&nbsp;&nbsp;__aeabi_llsl
<LI><a href="#[ff]">&gt;&gt;</a>&nbsp;&nbsp;&nbsp;__aeabi_llsr
</UL>
<BR>[Called By]<UL><LI><a href="#[13e]">&gt;&gt;</a>&nbsp;&nbsp;&nbsp;HAL_RCC_GetSysClockFreq
<LI><a href="#[424]">&gt;&gt;</a>&nbsp;&nbsp;&nbsp;tos_sleep_hmsm
<LI><a href="#[1c2]">&gt;&gt;</a>&nbsp;&nbsp;&nbsp;cpu_init
<LI><a href="#[170]">&gt;&gt;</a>&nbsp;&nbsp;&nbsp;_printf_core
<LI><a href="#[178]">&gt;&gt;</a>&nbsp;&nbsp;&nbsp;_fp_digits
</UL>

<P><STRONG><a name="[100]"></a>__aeabi_llsl</STRONG> (Thumb, 30 bytes, Stack size 0 bytes, llshl.o(.text))
<BR><BR>[Called By]<UL><LI><a href="#[fe]">&gt;&gt;</a>&nbsp;&nbsp;&nbsp;__aeabi_uldivmod
<LI><a href="#[324]">&gt;&gt;</a>&nbsp;&nbsp;&nbsp;mbedtls_ssl_dtls_replay_update
<LI><a href="#[322]">&gt;&gt;</a>&nbsp;&nbsp;&nbsp;mbedtls_ssl_dtls_replay_check
<LI><a href="#[107]">&gt;&gt;</a>&nbsp;&nbsp;&nbsp;_double_epilogue
<LI><a href="#[10d]">&gt;&gt;</a>&nbsp;&nbsp;&nbsp;__aeabi_dadd
<LI><a href="#[113]">&gt;&gt;</a>&nbsp;&nbsp;&nbsp;__aeabi_d2ulz
</UL>

<P><STRONG><a name="[508]"></a>_ll_shift_l</STRONG> (Thumb, 0 bytes, Stack size 0 bytes, llshl.o(.text), UNUSED)

<P><STRONG><a name="[10b]"></a>__rt_ctype_table</STRONG> (Thumb, 4 bytes, Stack size 0 bytes, ctype_o.o(.text))
<BR><BR>[Called By]<UL><LI><a href="#[21a]">&gt;&gt;</a>&nbsp;&nbsp;&nbsp;ip4addr_aton
<LI><a href="#[105]">&gt;&gt;</a>&nbsp;&nbsp;&nbsp;strtol
</UL>

<P><STRONG><a name="[214]"></a>tolower</STRONG> (Thumb, 12 bytes, Stack size 0 bytes, tolower.o(.text))
<BR><BR>[Called By]<UL><LI><a href="#[212]">&gt;&gt;</a>&nbsp;&nbsp;&nbsp;dns_compare_name
</UL>

<P><STRONG><a name="[1e9]"></a>rand</STRONG> (Thumb, 20 bytes, Stack size 0 bytes, rand.o(.text))
<BR><BR>[Called By]<UL><LI><a href="#[291]">&gt;&gt;</a>&nbsp;&nbsp;&nbsp;udp_init
<LI><a href="#[292]">&gt;&gt;</a>&nbsp;&nbsp;&nbsp;tcp_init
<LI><a href="#[20f]">&gt;&gt;</a>&nbsp;&nbsp;&nbsp;dns_create_txid
<LI><a href="#[20a]">&gt;&gt;</a>&nbsp;&nbsp;&nbsp;dns_alloc_random_port
<LI><a href="#[1e7]">&gt;&gt;</a>&nbsp;&nbsp;&nbsp;dhcp_create_msg
<LI><a href="#[3a4]">&gt;&gt;</a>&nbsp;&nbsp;&nbsp;mqtt_glue_connect_id_generate
<LI><a href="#[397]">&gt;&gt;</a>&nbsp;&nbsp;&nbsp;mqtt_client_random_packet_id_generate
<LI><a href="#[2fd]">&gt;&gt;</a>&nbsp;&nbsp;&nbsp;os_get_random
</UL>

<P><STRONG><a name="[3a2]"></a>srand</STRONG> (Thumb, 6 bytes, Stack size 0 bytes, rand.o(.text))
<BR><BR>[Called By]<UL><LI><a href="#[3a4]">&gt;&gt;</a>&nbsp;&nbsp;&nbsp;mqtt_glue_connect_id_generate
<LI><a href="#[397]">&gt;&gt;</a>&nbsp;&nbsp;&nbsp;mqtt_client_random_packet_id_generate
</UL>

<P><STRONG><a name="[509]"></a>___aeabi_memcpy8$move</STRONG> (Thumb, 0 bytes, Stack size 8 bytes, memmovea.o(.text), UNUSED)

<P><STRONG><a name="[1af]"></a>__aeabi_memcpy</STRONG> (Thumb, 64 bytes, Stack size 8 bytes, memmovea.o(.text))
<BR><BR>[Stack]<UL><LI>Max Depth = 8<LI>Call Chain = __aeabi_memcpy
</UL>
<BR>[Called By]<UL><LI><a href="#[6]">&gt;&gt;</a>&nbsp;&nbsp;&nbsp;lan8720a_write
<LI><a href="#[7]">&gt;&gt;</a>&nbsp;&nbsp;&nbsp;lan8720a_read
<LI><a href="#[202]">&gt;&gt;</a>&nbsp;&nbsp;&nbsp;pbuf_copy_partial
<LI><a href="#[2b3]">&gt;&gt;</a>&nbsp;&nbsp;&nbsp;lwip_sock_make_addr
<LI><a href="#[28a]">&gt;&gt;</a>&nbsp;&nbsp;&nbsp;lwip_getaddrinfo
<LI><a href="#[221]">&gt;&gt;</a>&nbsp;&nbsp;&nbsp;pbuf_take_at
<LI><a href="#[21f]">&gt;&gt;</a>&nbsp;&nbsp;&nbsp;pbuf_take
<LI><a href="#[216]">&gt;&gt;</a>&nbsp;&nbsp;&nbsp;dns_enqueue
<LI><a href="#[2a8]">&gt;&gt;</a>&nbsp;&nbsp;&nbsp;tcp_write
<LI><a href="#[35e]">&gt;&gt;</a>&nbsp;&nbsp;&nbsp;mbedtls_ssl_read
<LI><a href="#[2ea]">&gt;&gt;</a>&nbsp;&nbsp;&nbsp;mbedtls_ssl_conf_psk
<LI><a href="#[8f]">&gt;&gt;</a>&nbsp;&nbsp;&nbsp;mbedtls_entropy_func
<LI><a href="#[3e4]">&gt;&gt;</a>&nbsp;&nbsp;&nbsp;mqtt_glue_publish_packet_handle
<LI><a href="#[3bf]">&gt;&gt;</a>&nbsp;&nbsp;&nbsp;mqtt_glue_ack_info_create
<LI><a href="#[257]">&gt;&gt;</a>&nbsp;&nbsp;&nbsp;pbuf_copy
<LI><a href="#[26e]">&gt;&gt;</a>&nbsp;&nbsp;&nbsp;ip_reass_free_complete_datagram
<LI><a href="#[269]">&gt;&gt;</a>&nbsp;&nbsp;&nbsp;ip_reass_enqueue_new_datagram
<LI><a href="#[262]">&gt;&gt;</a>&nbsp;&nbsp;&nbsp;ip4_reass
<LI><a href="#[25c]">&gt;&gt;</a>&nbsp;&nbsp;&nbsp;ip4_frag
<LI><a href="#[255]">&gt;&gt;</a>&nbsp;&nbsp;&nbsp;icmp_input
<LI><a href="#[254]">&gt;&gt;</a>&nbsp;&nbsp;&nbsp;icmp_send_response
<LI><a href="#[3b8]">&gt;&gt;</a>&nbsp;&nbsp;&nbsp;mqtt_common_serialize_publish_packet
<LI><a href="#[3af]">&gt;&gt;</a>&nbsp;&nbsp;&nbsp;mqtt_common_packet_write_string
<LI><a href="#[2fa]">&gt;&gt;</a>&nbsp;&nbsp;&nbsp;mbedtls_gcm_starts
<LI><a href="#[2fb]">&gt;&gt;</a>&nbsp;&nbsp;&nbsp;mbedtls_gcm_finish
<LI><a href="#[2da]">&gt;&gt;</a>&nbsp;&nbsp;&nbsp;mbedtls_cipher_set_iv
<LI><a href="#[1bd]">&gt;&gt;</a>&nbsp;&nbsp;&nbsp;mbedtls_cipher_update
<LI><a href="#[1bc]">&gt;&gt;</a>&nbsp;&nbsp;&nbsp;ccm_auth_crypt
<LI><a href="#[1b3]">&gt;&gt;</a>&nbsp;&nbsp;&nbsp;mbedtls_camellia_crypt_cbc
<LI><a href="#[17f]">&gt;&gt;</a>&nbsp;&nbsp;&nbsp;mbedtls_aes_crypt_cbc
<LI><a href="#[229]">&gt;&gt;</a>&nbsp;&nbsp;&nbsp;mbedtls_sha256_update_ret
<LI><a href="#[2ed]">&gt;&gt;</a>&nbsp;&nbsp;&nbsp;mbedtls_ctr_drbg_reseed
<LI><a href="#[2ec]">&gt;&gt;</a>&nbsp;&nbsp;&nbsp;mbedtls_ctr_drbg_random_with_add
<LI><a href="#[1ae]">&gt;&gt;</a>&nbsp;&nbsp;&nbsp;block_cipher_df
<LI><a href="#[312]">&gt;&gt;</a>&nbsp;&nbsp;&nbsp;mbedtls_sha1_update_ret
<LI><a href="#[305]">&gt;&gt;</a>&nbsp;&nbsp;&nbsp;mbedtls_md5_update_ret
<LI><a href="#[34c]">&gt;&gt;</a>&nbsp;&nbsp;&nbsp;mbedtls_ssl_write_finished
<LI><a href="#[35d]">&gt;&gt;</a>&nbsp;&nbsp;&nbsp;mbedtls_ssl_psk_derive_premaster
<LI><a href="#[32b]">&gt;&gt;</a>&nbsp;&nbsp;&nbsp;mbedtls_ssl_flight_transmit
<LI><a href="#[31d]">&gt;&gt;</a>&nbsp;&nbsp;&nbsp;mbedtls_ssl_derive_keys
<LI><a href="#[493]">&gt;&gt;</a>&nbsp;&nbsp;&nbsp;ssl_write_session_ticket_ext
<LI><a href="#[48e]">&gt;&gt;</a>&nbsp;&nbsp;&nbsp;ssl_write_renegotiation_ext
<LI><a href="#[349]">&gt;&gt;</a>&nbsp;&nbsp;&nbsp;ssl_write_client_key_exchange
<LI><a href="#[342]">&gt;&gt;</a>&nbsp;&nbsp;&nbsp;ssl_write_client_hello
<LI><a href="#[48c]">&gt;&gt;</a>&nbsp;&nbsp;&nbsp;ssl_write_alpn_ext
<LI><a href="#[343]">&gt;&gt;</a>&nbsp;&nbsp;&nbsp;ssl_parse_server_hello
<LI><a href="#[34d]">&gt;&gt;</a>&nbsp;&nbsp;&nbsp;ssl_parse_new_session_ticket
<LI><a href="#[481]">&gt;&gt;</a>&nbsp;&nbsp;&nbsp;ssl_parse_hello_verify_request
<LI><a href="#[4e8]">&gt;&gt;</a>&nbsp;&nbsp;&nbsp;tls_prf_generic
<LI><a href="#[372]">&gt;&gt;</a>&nbsp;&nbsp;&nbsp;ssl_write_real
<LI><a href="#[479]">&gt;&gt;</a>&nbsp;&nbsp;&nbsp;ssl_load_buffered_record
<LI><a href="#[364]">&gt;&gt;</a>&nbsp;&nbsp;&nbsp;ssl_load_buffered_message
<LI><a href="#[374]">&gt;&gt;</a>&nbsp;&nbsp;&nbsp;ssl_flight_append
<LI><a href="#[376]">&gt;&gt;</a>&nbsp;&nbsp;&nbsp;ssl_encrypt_buf
<LI><a href="#[366]">&gt;&gt;</a>&nbsp;&nbsp;&nbsp;ssl_buffer_message
<LI><a href="#[46b]">&gt;&gt;</a>&nbsp;&nbsp;&nbsp;ssl_buffer_future_record
</UL>

<P><STRONG><a name="[2ff]"></a>__aeabi_memcpy4</STRONG> (Thumb, 0 bytes, Stack size 8 bytes, memmovea.o(.text))
<BR><BR>[Stack]<UL><LI>Max Depth = 8<LI>Call Chain = __aeabi_memcpy4
</UL>
<BR>[Called By]<UL><LI><a href="#[39d]">&gt;&gt;</a>&nbsp;&nbsp;&nbsp;mqtt_client_network_host_construct
<LI><a href="#[313]">&gt;&gt;</a>&nbsp;&nbsp;&nbsp;mbedtls_sha256_clone
<LI><a href="#[30c]">&gt;&gt;</a>&nbsp;&nbsp;&nbsp;mbedtls_sha1_clone
<LI><a href="#[2fe]">&gt;&gt;</a>&nbsp;&nbsp;&nbsp;mbedtls_md5_clone
<LI><a href="#[34f]">&gt;&gt;</a>&nbsp;&nbsp;&nbsp;mbedtls_ssl_parse_finished
<LI><a href="#[31d]">&gt;&gt;</a>&nbsp;&nbsp;&nbsp;mbedtls_ssl_derive_keys
<LI><a href="#[376]">&gt;&gt;</a>&nbsp;&nbsp;&nbsp;ssl_encrypt_buf
<LI><a href="#[472]">&gt;&gt;</a>&nbsp;&nbsp;&nbsp;ssl_decrypt_buf
</UL>

<P><STRONG><a name="[326]"></a>__aeabi_memmove</STRONG> (Thumb, 0 bytes, Stack size 8 bytes, memmovea.o(.text))
<BR><BR>[Stack]<UL><LI>Max Depth = 8<LI>Call Chain = __aeabi_memmove
</UL>
<BR>[Called By]<UL><LI><a href="#[373]">&gt;&gt;</a>&nbsp;&nbsp;&nbsp;mbedtls_ssl_write_handshake_msg
<LI><a href="#[325]">&gt;&gt;</a>&nbsp;&nbsp;&nbsp;mbedtls_ssl_fetch_input
<LI><a href="#[361]">&gt;&gt;</a>&nbsp;&nbsp;&nbsp;ssl_consume_current_message
</UL>

<P><STRONG><a name="[50a]"></a>__aeabi_memmove4</STRONG> (Thumb, 0 bytes, Stack size 8 bytes, memmovea.o(.text), UNUSED)

<P><STRONG><a name="[50b]"></a>__aeabi_memmove8</STRONG> (Thumb, 0 bytes, Stack size 8 bytes, memmovea.o(.text), UNUSED)

<P><STRONG><a name="[102]"></a>__aeabi_memset</STRONG> (Thumb, 14 bytes, Stack size 0 bytes, memseta.o(.text))
<BR><BR>[Called By]<UL><LI><a href="#[318]">&gt;&gt;</a>&nbsp;&nbsp;&nbsp;mbedtls_ssl_config_defaults
<LI><a href="#[307]">&gt;&gt;</a>&nbsp;&nbsp;&nbsp;mbedtls_md_hmac_starts
<LI><a href="#[8]">&gt;&gt;</a>&nbsp;&nbsp;&nbsp;memset
<LI><a href="#[101]">&gt;&gt;</a>&nbsp;&nbsp;&nbsp;__aeabi_memclr
<LI><a href="#[46a]">&gt;&gt;</a>&nbsp;&nbsp;&nbsp;ssl_bitmask_set
</UL>

<P><STRONG><a name="[50c]"></a>__aeabi_memset4</STRONG> (Thumb, 0 bytes, Stack size 0 bytes, memseta.o(.text), UNUSED)

<P><STRONG><a name="[50d]"></a>__aeabi_memset8</STRONG> (Thumb, 0 bytes, Stack size 0 bytes, memseta.o(.text), UNUSED)

<P><STRONG><a name="[101]"></a>__aeabi_memclr</STRONG> (Thumb, 4 bytes, Stack size 0 bytes, memseta.o(.text))
<BR><BR>[Calls]<UL><LI><a href="#[102]">&gt;&gt;</a>&nbsp;&nbsp;&nbsp;__aeabi_memset
</UL>
<BR>[Called By]<UL><LI><a href="#[183]">&gt;&gt;</a>&nbsp;&nbsp;&nbsp;tos_mmheap_calloc
<LI><a href="#[1e7]">&gt;&gt;</a>&nbsp;&nbsp;&nbsp;dhcp_create_msg
<LI><a href="#[426]">&gt;&gt;</a>&nbsp;&nbsp;&nbsp;osal_timer_current
<LI><a href="#[245]">&gt;&gt;</a>&nbsp;&nbsp;&nbsp;qcloud_log_write
<LI><a href="#[3a3]">&gt;&gt;</a>&nbsp;&nbsp;&nbsp;mqtt_client_username_generate
<LI><a href="#[39c]">&gt;&gt;</a>&nbsp;&nbsp;&nbsp;mqtt_client_id_generate
<LI><a href="#[1bc]">&gt;&gt;</a>&nbsp;&nbsp;&nbsp;ccm_auth_crypt
<LI><a href="#[2f7]">&gt;&gt;</a>&nbsp;&nbsp;&nbsp;mbedtls_sha256_finish_ret
<LI><a href="#[30d]">&gt;&gt;</a>&nbsp;&nbsp;&nbsp;mbedtls_sha1_finish_ret
<LI><a href="#[300]">&gt;&gt;</a>&nbsp;&nbsp;&nbsp;mbedtls_md5_finish_ret
<LI><a href="#[35d]">&gt;&gt;</a>&nbsp;&nbsp;&nbsp;mbedtls_ssl_psk_derive_premaster
</UL>

<P><STRONG><a name="[12b]"></a>__aeabi_memclr4</STRONG> (Thumb, 0 bytes, Stack size 0 bytes, memseta.o(.text))
<BR><BR>[Called By]<UL><LI><a href="#[159]">&gt;&gt;</a>&nbsp;&nbsp;&nbsp;MX_GPIO_Init
<LI><a href="#[127]">&gt;&gt;</a>&nbsp;&nbsp;&nbsp;HAL_ETH_MspInit
<LI><a href="#[2b6]">&gt;&gt;</a>&nbsp;&nbsp;&nbsp;lwip_select
<LI><a href="#[28a]">&gt;&gt;</a>&nbsp;&nbsp;&nbsp;lwip_getaddrinfo
<LI><a href="#[14c]">&gt;&gt;</a>&nbsp;&nbsp;&nbsp;HAL_UART_MspInit
<LI><a href="#[16c]">&gt;&gt;</a>&nbsp;&nbsp;&nbsp;SystemClock_Config
<LI><a href="#[2e4]">&gt;&gt;</a>&nbsp;&nbsp;&nbsp;mbedtls_ssl_init
<LI><a href="#[2e5]">&gt;&gt;</a>&nbsp;&nbsp;&nbsp;mbedtls_ssl_config_init
<LI><a href="#[2e7]">&gt;&gt;</a>&nbsp;&nbsp;&nbsp;mbedtls_entropy_init
<LI><a href="#[8f]">&gt;&gt;</a>&nbsp;&nbsp;&nbsp;mbedtls_entropy_func
<LI><a href="#[2e6]">&gt;&gt;</a>&nbsp;&nbsp;&nbsp;mbedtls_ctr_drbg_init
<LI><a href="#[3e4]">&gt;&gt;</a>&nbsp;&nbsp;&nbsp;mqtt_glue_publish_packet_handle
<LI><a href="#[4a8]">&gt;&gt;</a>&nbsp;&nbsp;&nbsp;tcp_alloc
<LI><a href="#[269]">&gt;&gt;</a>&nbsp;&nbsp;&nbsp;ip_reass_enqueue_new_datagram
<LI><a href="#[1e4]">&gt;&gt;</a>&nbsp;&nbsp;&nbsp;dhcp_start
<LI><a href="#[201]">&gt;&gt;</a>&nbsp;&nbsp;&nbsp;dhcp_parse_reply
<LI><a href="#[1fc]">&gt;&gt;</a>&nbsp;&nbsp;&nbsp;udp_new
<LI><a href="#[389]">&gt;&gt;</a>&nbsp;&nbsp;&nbsp;qcloud_mqtt_connect_opt_create
<LI><a href="#[38a]">&gt;&gt;</a>&nbsp;&nbsp;&nbsp;qcloud_mqtt_client_create
<LI><a href="#[18d]">&gt;&gt;</a>&nbsp;&nbsp;&nbsp;mqtt_basic_thread
<LI><a href="#[39d]">&gt;&gt;</a>&nbsp;&nbsp;&nbsp;mqtt_client_network_host_construct
<LI><a href="#[456]">&gt;&gt;</a>&nbsp;&nbsp;&nbsp;qcloud_tls_psk_id_generate
<LI><a href="#[455]">&gt;&gt;</a>&nbsp;&nbsp;&nbsp;qcloud_tls_psk_generate
<LI><a href="#[2de]">&gt;&gt;</a>&nbsp;&nbsp;&nbsp;mbedtls_cipher_init
<LI><a href="#[2d3]">&gt;&gt;</a>&nbsp;&nbsp;&nbsp;mbedtls_cipher_setup
<LI><a href="#[1be]">&gt;&gt;</a>&nbsp;&nbsp;&nbsp;mbedtls_ccm_init
<LI><a href="#[1ba]">&gt;&gt;</a>&nbsp;&nbsp;&nbsp;mbedtls_camellia_setkey_enc
<LI><a href="#[1b7]">&gt;&gt;</a>&nbsp;&nbsp;&nbsp;mbedtls_camellia_init
<LI><a href="#[184]">&gt;&gt;</a>&nbsp;&nbsp;&nbsp;mbedtls_aes_init
<LI><a href="#[2f8]">&gt;&gt;</a>&nbsp;&nbsp;&nbsp;mbedtls_sha256_init
<LI><a href="#[2f7]">&gt;&gt;</a>&nbsp;&nbsp;&nbsp;mbedtls_sha256_finish_ret
<LI><a href="#[2ef]">&gt;&gt;</a>&nbsp;&nbsp;&nbsp;mbedtls_debug_print_buf
<LI><a href="#[2ee]">&gt;&gt;</a>&nbsp;&nbsp;&nbsp;mbedtls_ctr_drbg_seed_entropy_len
<LI><a href="#[2ed]">&gt;&gt;</a>&nbsp;&nbsp;&nbsp;mbedtls_ctr_drbg_reseed
<LI><a href="#[2ec]">&gt;&gt;</a>&nbsp;&nbsp;&nbsp;mbedtls_ctr_drbg_random_with_add
<LI><a href="#[1ca]">&gt;&gt;</a>&nbsp;&nbsp;&nbsp;ctr_drbg_update_internal
<LI><a href="#[1ae]">&gt;&gt;</a>&nbsp;&nbsp;&nbsp;block_cipher_df
<LI><a href="#[24e]">&gt;&gt;</a>&nbsp;&nbsp;&nbsp;mbedtls_gcm_init
<LI><a href="#[1d8]">&gt;&gt;</a>&nbsp;&nbsp;&nbsp;mbedtls_des_init
<LI><a href="#[1cd]">&gt;&gt;</a>&nbsp;&nbsp;&nbsp;mbedtls_des3_init
<LI><a href="#[309]">&gt;&gt;</a>&nbsp;&nbsp;&nbsp;mbedtls_net_connect
<LI><a href="#[310]">&gt;&gt;</a>&nbsp;&nbsp;&nbsp;mbedtls_sha1_init
<LI><a href="#[30d]">&gt;&gt;</a>&nbsp;&nbsp;&nbsp;mbedtls_sha1_finish_ret
<LI><a href="#[303]">&gt;&gt;</a>&nbsp;&nbsp;&nbsp;mbedtls_md5_init
<LI><a href="#[300]">&gt;&gt;</a>&nbsp;&nbsp;&nbsp;mbedtls_md5_finish_ret
<LI><a href="#[36c]">&gt;&gt;</a>&nbsp;&nbsp;&nbsp;mbedtls_ssl_session_init
<LI><a href="#[47c]">&gt;&gt;</a>&nbsp;&nbsp;&nbsp;ssl_transform_init
<LI><a href="#[47d]">&gt;&gt;</a>&nbsp;&nbsp;&nbsp;ssl_handshake_params_init
</UL>

<P><STRONG><a name="[50e]"></a>__aeabi_memclr8</STRONG> (Thumb, 0 bytes, Stack size 0 bytes, memseta.o(.text), UNUSED)

<P><STRONG><a name="[8]"></a>memset</STRONG> (Thumb, 18 bytes, Stack size 8 bytes, memseta.o(.text))
<BR><BR>[Stack]<UL><LI>Max Depth = 8<LI>Call Chain = memset
</UL>
<BR>[Calls]<UL><LI><a href="#[102]">&gt;&gt;</a>&nbsp;&nbsp;&nbsp;__aeabi_memset
</UL>
<BR>[Address Reference Count : 1]<UL><LI> platform_util.o(.data)
</UL>
<P><STRONG><a name="[44e]"></a>strcat</STRONG> (Thumb, 24 bytes, Stack size 0 bytes, strcat.o(.text))
<BR><BR>[Called By]<UL><LI><a href="#[245]">&gt;&gt;</a>&nbsp;&nbsp;&nbsp;qcloud_log_write
</UL>

<P><STRONG><a name="[3ee]"></a>strncpy</STRONG> (Thumb, 24 bytes, Stack size 8 bytes, strncpy.o(.text))
<BR><BR>[Stack]<UL><LI>Max Depth = 8<LI>Call Chain = strncpy
</UL>
<BR>[Called By]<UL><LI><a href="#[3ed]">&gt;&gt;</a>&nbsp;&nbsp;&nbsp;mqtt_glue_string_const2mutable
</UL>

<P><STRONG><a name="[219]"></a>strlen</STRONG> (Thumb, 14 bytes, Stack size 0 bytes, strlen.o(.text))
<BR><BR>[Called By]<UL><LI><a href="#[28a]">&gt;&gt;</a>&nbsp;&nbsp;&nbsp;lwip_getaddrinfo
<LI><a href="#[210]">&gt;&gt;</a>&nbsp;&nbsp;&nbsp;dns_send
<LI><a href="#[218]">&gt;&gt;</a>&nbsp;&nbsp;&nbsp;dns_gethostbyname_addrtype
<LI><a href="#[3d3]">&gt;&gt;</a>&nbsp;&nbsp;&nbsp;mqtt_glue_is_topic_equals
<LI><a href="#[245]">&gt;&gt;</a>&nbsp;&nbsp;&nbsp;qcloud_log_write
<LI><a href="#[388]">&gt;&gt;</a>&nbsp;&nbsp;&nbsp;qcloud_device_create
<LI><a href="#[18d]">&gt;&gt;</a>&nbsp;&nbsp;&nbsp;mqtt_basic_thread
<LI><a href="#[3bd]">&gt;&gt;</a>&nbsp;&nbsp;&nbsp;mqtt_common_serialize_subscribe_packet_length
<LI><a href="#[3b9]">&gt;&gt;</a>&nbsp;&nbsp;&nbsp;mqtt_common_serialize_publish_packet_length
<LI><a href="#[3b5]">&gt;&gt;</a>&nbsp;&nbsp;&nbsp;mqtt_common_serialize_connect_packet_length
<LI><a href="#[3af]">&gt;&gt;</a>&nbsp;&nbsp;&nbsp;mqtt_common_packet_write_string
<LI><a href="#[3f5]">&gt;&gt;</a>&nbsp;&nbsp;&nbsp;qcloud_mqtt_subscribe
<LI><a href="#[450]">&gt;&gt;</a>&nbsp;&nbsp;&nbsp;qcloud_mqtt_publish
<LI><a href="#[39f]">&gt;&gt;</a>&nbsp;&nbsp;&nbsp;qcloud_tls_init
<LI><a href="#[455]">&gt;&gt;</a>&nbsp;&nbsp;&nbsp;qcloud_tls_psk_generate
<LI><a href="#[2e1]">&gt;&gt;</a>&nbsp;&nbsp;&nbsp;mbedtls_client_init
<LI><a href="#[48c]">&gt;&gt;</a>&nbsp;&nbsp;&nbsp;ssl_write_alpn_ext
<LI><a href="#[47e]">&gt;&gt;</a>&nbsp;&nbsp;&nbsp;ssl_parse_alpn_ext
<LI><a href="#[4e8]">&gt;&gt;</a>&nbsp;&nbsp;&nbsp;tls_prf_generic
</UL>

<P><STRONG><a name="[23e]"></a>memcmp</STRONG> (Thumb, 26 bytes, Stack size 12 bytes, memcmp.o(.text))
<BR><BR>[Stack]<UL><LI>Max Depth = 12<LI>Call Chain = memcmp
</UL>
<BR>[Called By]<UL><LI><a href="#[b2]">&gt;&gt;</a>&nbsp;&nbsp;&nbsp;ethernet_input
<LI><a href="#[343]">&gt;&gt;</a>&nbsp;&nbsp;&nbsp;ssl_parse_server_hello
<LI><a href="#[47e]">&gt;&gt;</a>&nbsp;&nbsp;&nbsp;ssl_parse_alpn_ext
<LI><a href="#[35c]">&gt;&gt;</a>&nbsp;&nbsp;&nbsp;ssl_hs_is_proper_fragment
<LI><a href="#[35f]">&gt;&gt;</a>&nbsp;&nbsp;&nbsp;ssl_check_ctr_renegotiate
<LI><a href="#[366]">&gt;&gt;</a>&nbsp;&nbsp;&nbsp;ssl_buffer_message
</UL>

<P><STRONG><a name="[3d6]"></a>strncmp</STRONG> (Thumb, 30 bytes, Stack size 12 bytes, strncmp.o(.text))
<BR><BR>[Stack]<UL><LI>Max Depth = 12<LI>Call Chain = strncmp
</UL>
<BR>[Called By]<UL><LI><a href="#[3d3]">&gt;&gt;</a>&nbsp;&nbsp;&nbsp;mqtt_glue_is_topic_equals
</UL>

<P><STRONG><a name="[247]"></a>strrchr</STRONG> (Thumb, 32 bytes, Stack size 0 bytes, strrchr.o(.text))
<BR><BR>[Called By]<UL><LI><a href="#[246]">&gt;&gt;</a>&nbsp;&nbsp;&nbsp;file_path2name
</UL>

<P><STRONG><a name="[103]"></a>atoi</STRONG> (Thumb, 26 bytes, Stack size 16 bytes, atoi.o(.text))
<BR><BR>[Stack]<UL><LI>Max Depth = 88<LI>Call Chain = atoi &rArr; strtol &rArr; _strtoul
</UL>
<BR>[Calls]<UL><LI><a href="#[105]">&gt;&gt;</a>&nbsp;&nbsp;&nbsp;strtol
<LI><a href="#[104]">&gt;&gt;</a>&nbsp;&nbsp;&nbsp;__aeabi_errno_addr
</UL>
<BR>[Called By]<UL><LI><a href="#[28a]">&gt;&gt;</a>&nbsp;&nbsp;&nbsp;lwip_getaddrinfo
</UL>

<P><STRONG><a name="[106]"></a>__aeabi_ui2d</STRONG> (Thumb, 26 bytes, Stack size 16 bytes, dfltui.o(.text))
<BR><BR>[Stack]<UL><LI>Max Depth = 56<LI>Call Chain = __aeabi_ui2d &rArr; _double_epilogue &rArr; _double_round
</UL>
<BR>[Calls]<UL><LI><a href="#[107]">&gt;&gt;</a>&nbsp;&nbsp;&nbsp;_double_epilogue
</UL>
<BR>[Called By]<UL><LI><a href="#[389]">&gt;&gt;</a>&nbsp;&nbsp;&nbsp;qcloud_mqtt_connect_opt_create
</UL>

<P><STRONG><a name="[108]"></a>__aeabi_d2uiz</STRONG> (Thumb, 50 bytes, Stack size 8 bytes, dfixui.o(.text))
<BR><BR>[Stack]<UL><LI>Max Depth = 8<LI>Call Chain = __aeabi_d2uiz
</UL>
<BR>[Calls]<UL><LI><a href="#[ff]">&gt;&gt;</a>&nbsp;&nbsp;&nbsp;__aeabi_llsr
</UL>
<BR>[Called By]<UL><LI><a href="#[389]">&gt;&gt;</a>&nbsp;&nbsp;&nbsp;qcloud_mqtt_connect_opt_create
</UL>

<P><STRONG><a name="[50f]"></a>__aeabi_cdcmpeq</STRONG> (Thumb, 0 bytes, Stack size 0 bytes, cdcmple.o(.text), UNUSED)

<P><STRONG><a name="[453]"></a>__aeabi_cdcmple</STRONG> (Thumb, 48 bytes, Stack size 0 bytes, cdcmple.o(.text))
<BR><BR>[Called By]<UL><LI><a href="#[389]">&gt;&gt;</a>&nbsp;&nbsp;&nbsp;qcloud_mqtt_connect_opt_create
</UL>

<P><STRONG><a name="[510]"></a>__aeabi_uidiv</STRONG> (Thumb, 0 bytes, Stack size 12 bytes, uidiv.o(.text), UNUSED)

<P><STRONG><a name="[17c]"></a>__aeabi_uidivmod</STRONG> (Thumb, 44 bytes, Stack size 12 bytes, uidiv.o(.text), UNUSED)
<BR><BR>[Called By]<UL><LI><a href="#[170]">&gt;&gt;</a>&nbsp;&nbsp;&nbsp;_printf_core
</UL>

<P><STRONG><a name="[ff]"></a>__aeabi_llsr</STRONG> (Thumb, 32 bytes, Stack size 0 bytes, llushr.o(.text))
<BR><BR>[Called By]<UL><LI><a href="#[108]">&gt;&gt;</a>&nbsp;&nbsp;&nbsp;__aeabi_d2uiz
<LI><a href="#[fe]">&gt;&gt;</a>&nbsp;&nbsp;&nbsp;__aeabi_uldivmod
<LI><a href="#[107]">&gt;&gt;</a>&nbsp;&nbsp;&nbsp;_double_epilogue
<LI><a href="#[113]">&gt;&gt;</a>&nbsp;&nbsp;&nbsp;__aeabi_d2ulz
</UL>

<P><STRONG><a name="[511]"></a>_ll_ushift_r</STRONG> (Thumb, 0 bytes, Stack size 0 bytes, llushr.o(.text), UNUSED)

<P><STRONG><a name="[10a]"></a>_chval</STRONG> (Thumb, 28 bytes, Stack size 0 bytes, _chval.o(.text))
<BR><BR>[Called By]<UL><LI><a href="#[109]">&gt;&gt;</a>&nbsp;&nbsp;&nbsp;_strtoul
</UL>

<P><STRONG><a name="[109]"></a>_strtoul</STRONG> (Thumb, 158 bytes, Stack size 40 bytes, _strtoul.o(.text))
<BR><BR>[Stack]<UL><LI>Max Depth = 40<LI>Call Chain = _strtoul
</UL>
<BR>[Calls]<UL><LI><a href="#[10a]">&gt;&gt;</a>&nbsp;&nbsp;&nbsp;_chval
<LI><a href="#[104]">&gt;&gt;</a>&nbsp;&nbsp;&nbsp;__aeabi_errno_addr
</UL>
<BR>[Called By]<UL><LI><a href="#[105]">&gt;&gt;</a>&nbsp;&nbsp;&nbsp;strtol
</UL>

<P><STRONG><a name="[105]"></a>strtol</STRONG> (Thumb, 112 bytes, Stack size 32 bytes, strtol.o(.text))
<BR><BR>[Stack]<UL><LI>Max Depth = 72<LI>Call Chain = strtol &rArr; _strtoul
</UL>
<BR>[Calls]<UL><LI><a href="#[10b]">&gt;&gt;</a>&nbsp;&nbsp;&nbsp;__rt_ctype_table
<LI><a href="#[109]">&gt;&gt;</a>&nbsp;&nbsp;&nbsp;_strtoul
<LI><a href="#[104]">&gt;&gt;</a>&nbsp;&nbsp;&nbsp;__aeabi_errno_addr
</UL>
<BR>[Called By]<UL><LI><a href="#[103]">&gt;&gt;</a>&nbsp;&nbsp;&nbsp;atoi
</UL>

<P><STRONG><a name="[512]"></a>__I$use$fp</STRONG> (Thumb, 0 bytes, Stack size 8 bytes, iusefp.o(.text), UNUSED)

<P><STRONG><a name="[10c]"></a>_double_round</STRONG> (Thumb, 30 bytes, Stack size 8 bytes, depilogue.o(.text))
<BR><BR>[Stack]<UL><LI>Max Depth = 8<LI>Call Chain = _double_round
</UL>
<BR>[Called By]<UL><LI><a href="#[107]">&gt;&gt;</a>&nbsp;&nbsp;&nbsp;_double_epilogue
<LI><a href="#[112]">&gt;&gt;</a>&nbsp;&nbsp;&nbsp;__aeabi_ddiv
<LI><a href="#[10d]">&gt;&gt;</a>&nbsp;&nbsp;&nbsp;__aeabi_dadd
</UL>

<P><STRONG><a name="[107]"></a>_double_epilogue</STRONG> (Thumb, 156 bytes, Stack size 32 bytes, depilogue.o(.text))
<BR><BR>[Stack]<UL><LI>Max Depth = 40<LI>Call Chain = _double_epilogue &rArr; _double_round
</UL>
<BR>[Calls]<UL><LI><a href="#[100]">&gt;&gt;</a>&nbsp;&nbsp;&nbsp;__aeabi_llsl
<LI><a href="#[10c]">&gt;&gt;</a>&nbsp;&nbsp;&nbsp;_double_round
<LI><a href="#[ff]">&gt;&gt;</a>&nbsp;&nbsp;&nbsp;__aeabi_llsr
</UL>
<BR>[Called By]<UL><LI><a href="#[106]">&gt;&gt;</a>&nbsp;&nbsp;&nbsp;__aeabi_ui2d
<LI><a href="#[111]">&gt;&gt;</a>&nbsp;&nbsp;&nbsp;__aeabi_dmul
<LI><a href="#[10d]">&gt;&gt;</a>&nbsp;&nbsp;&nbsp;__aeabi_dadd
</UL>

<P><STRONG><a name="[10d]"></a>__aeabi_dadd</STRONG> (Thumb, 322 bytes, Stack size 48 bytes, dadd.o(.text), UNUSED)
<BR><BR>[Calls]<UL><LI><a href="#[100]">&gt;&gt;</a>&nbsp;&nbsp;&nbsp;__aeabi_llsl
<LI><a href="#[10e]">&gt;&gt;</a>&nbsp;&nbsp;&nbsp;__aeabi_lasr
<LI><a href="#[10c]">&gt;&gt;</a>&nbsp;&nbsp;&nbsp;_double_round
<LI><a href="#[107]">&gt;&gt;</a>&nbsp;&nbsp;&nbsp;_double_epilogue
</UL>
<BR>[Called By]<UL><LI><a href="#[110]">&gt;&gt;</a>&nbsp;&nbsp;&nbsp;__aeabi_drsub
<LI><a href="#[10f]">&gt;&gt;</a>&nbsp;&nbsp;&nbsp;__aeabi_dsub
<LI><a href="#[178]">&gt;&gt;</a>&nbsp;&nbsp;&nbsp;_fp_digits
</UL>

<P><STRONG><a name="[10f]"></a>__aeabi_dsub</STRONG> (Thumb, 6 bytes, Stack size 0 bytes, dadd.o(.text), UNUSED)
<BR><BR>[Calls]<UL><LI><a href="#[10d]">&gt;&gt;</a>&nbsp;&nbsp;&nbsp;__aeabi_dadd
</UL>

<P><STRONG><a name="[110]"></a>__aeabi_drsub</STRONG> (Thumb, 6 bytes, Stack size 0 bytes, dadd.o(.text), UNUSED)
<BR><BR>[Calls]<UL><LI><a href="#[10d]">&gt;&gt;</a>&nbsp;&nbsp;&nbsp;__aeabi_dadd
</UL>

<P><STRONG><a name="[111]"></a>__aeabi_dmul</STRONG> (Thumb, 228 bytes, Stack size 48 bytes, dmul.o(.text), UNUSED)
<BR><BR>[Calls]<UL><LI><a href="#[107]">&gt;&gt;</a>&nbsp;&nbsp;&nbsp;_double_epilogue
</UL>
<BR>[Called By]<UL><LI><a href="#[178]">&gt;&gt;</a>&nbsp;&nbsp;&nbsp;_fp_digits
</UL>

<P><STRONG><a name="[112]"></a>__aeabi_ddiv</STRONG> (Thumb, 222 bytes, Stack size 32 bytes, ddiv.o(.text), UNUSED)
<BR><BR>[Calls]<UL><LI><a href="#[10c]">&gt;&gt;</a>&nbsp;&nbsp;&nbsp;_double_round
</UL>
<BR>[Called By]<UL><LI><a href="#[178]">&gt;&gt;</a>&nbsp;&nbsp;&nbsp;_fp_digits
</UL>

<P><STRONG><a name="[113]"></a>__aeabi_d2ulz</STRONG> (Thumb, 48 bytes, Stack size 0 bytes, dfixul.o(.text), UNUSED)
<BR><BR>[Calls]<UL><LI><a href="#[100]">&gt;&gt;</a>&nbsp;&nbsp;&nbsp;__aeabi_llsl
<LI><a href="#[ff]">&gt;&gt;</a>&nbsp;&nbsp;&nbsp;__aeabi_llsr
</UL>
<BR>[Called By]<UL><LI><a href="#[178]">&gt;&gt;</a>&nbsp;&nbsp;&nbsp;_fp_digits
</UL>

<P><STRONG><a name="[179]"></a>__aeabi_cdrcmple</STRONG> (Thumb, 48 bytes, Stack size 0 bytes, cdrcmple.o(.text), UNUSED)
<BR><BR>[Called By]<UL><LI><a href="#[178]">&gt;&gt;</a>&nbsp;&nbsp;&nbsp;_fp_digits
</UL>

<P><STRONG><a name="[fd]"></a>__scatterload</STRONG> (Thumb, 28 bytes, Stack size 0 bytes, init.o(.text))
<BR><BR>[Calls]<UL><LI><a href="#[114]">&gt;&gt;</a>&nbsp;&nbsp;&nbsp;__main_after_scatterload
</UL>
<BR>[Called By]<UL><LI><a href="#[fc]">&gt;&gt;</a>&nbsp;&nbsp;&nbsp;_main_scatterload
</UL>

<P><STRONG><a name="[513]"></a>__scatterload_rt2</STRONG> (Thumb, 0 bytes, Stack size 0 bytes, init.o(.text), UNUSED)

<P><STRONG><a name="[10e]"></a>__aeabi_lasr</STRONG> (Thumb, 36 bytes, Stack size 0 bytes, llsshr.o(.text), UNUSED)
<BR><BR>[Called By]<UL><LI><a href="#[10d]">&gt;&gt;</a>&nbsp;&nbsp;&nbsp;__aeabi_dadd
</UL>

<P><STRONG><a name="[514]"></a>_ll_sshift_r</STRONG> (Thumb, 0 bytes, Stack size 0 bytes, llsshr.o(.text), UNUSED)

[...]
<BR><BR>[Stack]<UL><LI>Max Depth = 616 + Unknown Stack Size
<LI>Call Chain = ssl_handshake_init &rArr; ssl_set_timer &rArr; mbedtls_debug_print_msg &rArr; debug_send_line
</UL>
<BR>[Calls]<UL><LI><a href="#[186]">&gt;&gt;</a>&nbsp;&nbsp;&nbsp;tos_mmheap_free
<LI><a href="#[183]">&gt;&gt;</a>&nbsp;&nbsp;&nbsp;tos_mmheap_calloc
<LI><a href="#[2f2]">&gt;&gt;</a>&nbsp;&nbsp;&nbsp;mbedtls_debug_print_msg
<LI><a href="#[332]">&gt;&gt;</a>&nbsp;&nbsp;&nbsp;mbedtls_ssl_transform_free
<LI><a href="#[36c]">&gt;&gt;</a>&nbsp;&nbsp;&nbsp;mbedtls_ssl_session_init
<LI><a href="#[334]">&gt;&gt;</a>&nbsp;&nbsp;&nbsp;mbedtls_ssl_session_free
<LI><a href="#[333]">&gt;&gt;</a>&nbsp;&nbsp;&nbsp;mbedtls_ssl_handshake_free
<LI><a href="#[47c]">&gt;&gt;</a>&nbsp;&nbsp;&nbsp;ssl_transform_init
<LI><a href="#[328]">&gt;&gt;</a>&nbsp;&nbsp;&nbsp;ssl_set_timer
<LI><a href="#[47d]">&gt;&gt;</a>&nbsp;&nbsp;&nbsp;ssl_handshake_params_init
</UL>
<BR>[Called By]<UL><LI><a href="#[36d]">&gt;&gt;</a>&nbsp;&nbsp;&nbsp;mbedtls_ssl_setup
<LI><a href="#[360]">&gt;&gt;</a>&nbsp;&nbsp;&nbsp;ssl_start_renegotiation
</UL>

<P><STRONG><a name="[47d]"></a>ssl_handshake_params_init</STRONG> (Thumb, 40 bytes, Stack size 8 bytes, ssl_tls.o(i.ssl_handshake_params_init))
<BR><BR>[Stack]<UL><LI>Max Depth = 16<LI>Call Chain = ssl_handshake_params_init &rArr; mbedtls_sha256_init
</UL>
<BR>[Calls]<UL><LI><a href="#[228]">&gt;&gt;</a>&nbsp;&nbsp;&nbsp;mbedtls_sha256_starts_ret
<LI><a href="#[2f8]">&gt;&gt;</a>&nbsp;&nbsp;&nbsp;mbedtls_sha256_init
<LI><a href="#[12b]">&gt;&gt;</a>&nbsp;&nbsp;&nbsp;__aeabi_memclr4
</UL>
<BR>[Called By]<UL><LI><a href="#[36f]">&gt;&gt;</a>&nbsp;&nbsp;&nbsp;ssl_handshake_init
</UL>

<P><STRONG><a name="[33e]"></a>ssl_handshake_wrapup_free_hs_transform</STRONG> (Thumb, 82 bytes, Stack size 16 bytes, ssl_tls.o(i.ssl_handshake_wrapup_free_hs_transform))
<BR><BR>[Stack]<UL><LI>Max Depth = 592 + Unknown Stack Size
<LI>Call Chain = ssl_handshake_wrapup_free_hs_transform &rArr; mbedtls_debug_print_msg &rArr; debug_send_line
</UL>
<BR>[Calls]<UL><LI><a href="#[186]">&gt;&gt;</a>&nbsp;&nbsp;&nbsp;tos_mmheap_free
<LI><a href="#[2f2]">&gt;&gt;</a>&nbsp;&nbsp;&nbsp;mbedtls_debug_print_msg
<LI><a href="#[332]">&gt;&gt;</a>&nbsp;&nbsp;&nbsp;mbedtls_ssl_transform_free
<LI><a href="#[333]">&gt;&gt;</a>&nbsp;&nbsp;&nbsp;mbedtls_ssl_handshake_free
</UL>
<BR>[Called By]<UL><LI><a href="#[350]">&gt;&gt;</a>&nbsp;&nbsp;&nbsp;mbedtls_ssl_handshake_wrapup
<LI><a href="#[33c]">&gt;&gt;</a>&nbsp;&nbsp;&nbsp;mbedtls_ssl_handle_message_type
</UL>

<P><STRONG><a name="[35c]"></a>ssl_hs_is_proper_fragment</STRONG> (Thumb, 52 bytes, Stack size 8 bytes, ssl_tls.o(i.ssl_hs_is_proper_fragment))
<BR><BR>[Stack]<UL><LI>Max Depth = 20<LI>Call Chain = ssl_hs_is_proper_fragment &rArr; memcmp
</UL>
<BR>[Calls]<UL><LI><a href="#[23e]">&gt;&gt;</a>&nbsp;&nbsp;&nbsp;memcmp
</UL>
<BR>[Called By]<UL><LI><a href="#[33d]">&gt;&gt;</a>&nbsp;&nbsp;&nbsp;mbedtls_ssl_prepare_handshake_record
<LI><a href="#[366]">&gt;&gt;</a>&nbsp;&nbsp;&nbsp;ssl_buffer_message
</UL>

<P><STRONG><a name="[364]"></a>ssl_load_buffered_message</STRONG> (Thumb, 408 bytes, Stack size 40 bytes, ssl_tls.o(i.ssl_load_buffered_message))
<BR><BR>[Stack]<UL><LI>Max Depth = 648<LI>Call Chain = ssl_load_buffered_message &rArr; mbedtls_debug_print_buf &rArr; debug_send_line
</UL>
<BR>[Calls]<UL><LI><a href="#[2f2]">&gt;&gt;</a>&nbsp;&nbsp;&nbsp;mbedtls_debug_print_msg
<LI><a href="#[2ef]">&gt;&gt;</a>&nbsp;&nbsp;&nbsp;mbedtls_debug_print_buf
<LI><a href="#[1af]">&gt;&gt;</a>&nbsp;&nbsp;&nbsp;__aeabi_memcpy
</UL>
<BR>[Called By]<UL><LI><a href="#[354]">&gt;&gt;</a>&nbsp;&nbsp;&nbsp;mbedtls_ssl_read_record
</UL>

<P><STRONG><a name="[479]"></a>ssl_load_buffered_record</STRONG> (Thumb, 212 bytes, Stack size 32 bytes, ssl_tls.o(i.ssl_load_buffered_record))
<BR><BR>[Stack]<UL><LI>Max Depth = 608 + Unknown Stack Size
<LI>Call Chain = ssl_load_buffered_record &rArr; mbedtls_debug_print_msg &rArr; debug_send_line
</UL>
<BR>[Calls]<UL><LI><a href="#[2f2]">&gt;&gt;</a>&nbsp;&nbsp;&nbsp;mbedtls_debug_print_msg
<LI><a href="#[1af]">&gt;&gt;</a>&nbsp;&nbsp;&nbsp;__aeabi_memcpy
<LI><a href="#[363]">&gt;&gt;</a>&nbsp;&nbsp;&nbsp;ssl_next_record_is_in_datagram
<LI><a href="#[46d]">&gt;&gt;</a>&nbsp;&nbsp;&nbsp;ssl_free_buffered_record
</UL>
<BR>[Called By]<UL><LI><a href="#[365]">&gt;&gt;</a>&nbsp;&nbsp;&nbsp;ssl_get_next_record
</UL>

<P><STRONG><a name="[323]"></a>ssl_load_six_bytes</STRONG> (Thumb, 76 bytes, Stack size 12 bytes, ssl_tls.o(i.ssl_load_six_bytes))
<BR><BR>[Stack]<UL><LI>Max Depth = 12<LI>Call Chain = ssl_load_six_bytes
</UL>
<BR>[Called By]<UL><LI><a href="#[324]">&gt;&gt;</a>&nbsp;&nbsp;&nbsp;mbedtls_ssl_dtls_replay_update
<LI><a href="#[322]">&gt;&gt;</a>&nbsp;&nbsp;&nbsp;mbedtls_ssl_dtls_replay_check
</UL>

<P><STRONG><a name="[337]"></a>ssl_mfl_code_to_length</STRONG> (Thumb, 52 bytes, Stack size 0 bytes, ssl_tls.o(i.ssl_mfl_code_to_length))
<BR><BR>[Called By]<UL><LI><a href="#[336]">&gt;&gt;</a>&nbsp;&nbsp;&nbsp;mbedtls_ssl_get_max_frag_len
</UL>

<P><STRONG><a name="[363]"></a>ssl_next_record_is_in_datagram</STRONG> (Thumb, 22 bytes, Stack size 0 bytes, ssl_tls.o(i.ssl_next_record_is_in_datagram))
<BR><BR>[Called By]<UL><LI><a href="#[354]">&gt;&gt;</a>&nbsp;&nbsp;&nbsp;mbedtls_ssl_read_record
<LI><a href="#[479]">&gt;&gt;</a>&nbsp;&nbsp;&nbsp;ssl_load_buffered_record
</UL>

<P><STRONG><a name="[47a]"></a>ssl_parse_record_header</STRONG> (Thumb, 586 bytes, Stack size 40 bytes, ssl_tls.o(i.ssl_parse_record_header))
<BR><BR>[Stack]<UL><LI>Max Depth = 840<LI>Call Chain = ssl_parse_record_header &rArr; mbedtls_ssl_send_alert_message &rArr; mbedtls_ssl_write_record &rArr; ssl_encrypt_buf &rArr; mbedtls_debug_print_buf &rArr; debug_send_line
</UL>
<BR>[Calls]<UL><LI><a href="#[2f2]">&gt;&gt;</a>&nbsp;&nbsp;&nbsp;mbedtls_debug_print_msg
<LI><a href="#[2ef]">&gt;&gt;</a>&nbsp;&nbsp;&nbsp;mbedtls_debug_print_buf
<LI><a href="#[317]">&gt;&gt;</a>&nbsp;&nbsp;&nbsp;mbedtls_ssl_send_alert_message
<LI><a href="#[483]">&gt;&gt;</a>&nbsp;&nbsp;&nbsp;mbedtls_ssl_read_version
<LI><a href="#[322]">&gt;&gt;</a>&nbsp;&nbsp;&nbsp;mbedtls_ssl_dtls_replay_check
<LI><a href="#[32f]">&gt;&gt;</a>&nbsp;&nbsp;&nbsp;mbedtls_ssl_hdr_len
</UL>
<BR>[Called By]<UL><LI><a href="#[365]">&gt;&gt;</a>&nbsp;&nbsp;&nbsp;ssl_get_next_record
</UL>

<P><STRONG><a name="[47b]"></a>ssl_prepare_record_content</STRONG> (Thumb, 162 bytes, Stack size 32 bytes, ssl_tls.o(i.ssl_prepare_record_content))
<BR><BR>[Stack]<UL><LI>Max Depth = 760<LI>Call Chain = ssl_prepare_record_content &rArr; ssl_decrypt_buf &rArr; mbedtls_debug_print_buf &rArr; debug_send_line
</UL>
<BR>[Calls]<UL><LI><a href="#[2f4]">&gt;&gt;</a>&nbsp;&nbsp;&nbsp;mbedtls_debug_print_ret
<LI><a href="#[2f2]">&gt;&gt;</a>&nbsp;&nbsp;&nbsp;mbedtls_debug_print_msg
<LI><a href="#[2ef]">&gt;&gt;</a>&nbsp;&nbsp;&nbsp;mbedtls_debug_print_buf
<LI><a href="#[324]">&gt;&gt;</a>&nbsp;&nbsp;&nbsp;mbedtls_ssl_dtls_replay_update
<LI><a href="#[472]">&gt;&gt;</a>&nbsp;&nbsp;&nbsp;ssl_decrypt_buf
<LI><a href="#[32f]">&gt;&gt;</a>&nbsp;&nbsp;&nbsp;mbedtls_ssl_hdr_len
</UL>
<BR>[Called By]<UL><LI><a href="#[365]">&gt;&gt;</a>&nbsp;&nbsp;&nbsp;ssl_get_next_record
</UL>

<P><STRONG><a name="[476]"></a>ssl_read_memory</STRONG> (Thumb, 26 bytes, Stack size 8 bytes, ssl_tls.o(i.ssl_read_memory))
<BR><BR>[Stack]<UL><LI>Max Depth = 8<LI>Call Chain = ssl_read_memory
</UL>
<BR>[Called By]<UL><LI><a href="#[472]">&gt;&gt;</a>&nbsp;&nbsp;&nbsp;ssl_decrypt_buf
</UL>

<P><STRONG><a name="[362]"></a>ssl_record_is_in_progress</STRONG> (Thumb, 14 bytes, Stack size 0 bytes, ssl_tls.o(i.ssl_record_is_in_progress))
<BR><BR>[Called By]<UL><LI><a href="#[354]">&gt;&gt;</a>&nbsp;&nbsp;&nbsp;mbedtls_ssl_read_record
</UL>

<P><STRONG><a name="[36e]"></a>ssl_reset_in_out_pointers</STRONG> (Thumb, 64 bytes, Stack size 8 bytes, ssl_tls.o(i.ssl_reset_in_out_pointers))
<BR><BR>[Stack]<UL><LI>Max Depth = 8<LI>Call Chain = ssl_reset_in_out_pointers
</UL>
<BR>[Calls]<UL><LI><a href="#[330]">&gt;&gt;</a>&nbsp;&nbsp;&nbsp;ssl_update_out_pointers
<LI><a href="#[356]">&gt;&gt;</a>&nbsp;&nbsp;&nbsp;ssl_update_in_pointers
</UL>
<BR>[Called By]<UL><LI><a href="#[36d]">&gt;&gt;</a>&nbsp;&nbsp;&nbsp;mbedtls_ssl_setup
</UL>

<P><STRONG><a name="[36b]"></a>ssl_reset_retransmit_timeout</STRONG> (Thumb, 36 bytes, Stack size 16 bytes, ssl_tls.o(i.ssl_reset_retransmit_timeout))
<BR><BR>[Stack]<UL><LI>Max Depth = 592<LI>Call Chain = ssl_reset_retransmit_timeout &rArr; mbedtls_debug_print_msg &rArr; debug_send_line
</UL>
<BR>[Calls]<UL><LI><a href="#[2f2]">&gt;&gt;</a>&nbsp;&nbsp;&nbsp;mbedtls_debug_print_msg
</UL>
<BR>[Called By]<UL><LI><a href="#[36a]">&gt;&gt;</a>&nbsp;&nbsp;&nbsp;mbedtls_ssl_send_flight_completed
</UL>

<P><STRONG><a name="[328]"></a>ssl_set_timer</STRONG> (Thumb, 44 bytes, Stack size 24 bytes, ssl_tls.o(i.ssl_set_timer))
<BR><BR>[Stack]<UL><LI>Max Depth = 600<LI>Call Chain = ssl_set_timer &rArr; mbedtls_debug_print_msg &rArr; debug_send_line
</UL>
<BR>[Calls]<UL><LI><a href="#[2f2]">&gt;&gt;</a>&nbsp;&nbsp;&nbsp;mbedtls_debug_print_msg
</UL>
<BR>[Called By]<UL><LI><a href="#[35e]">&gt;&gt;</a>&nbsp;&nbsp;&nbsp;mbedtls_ssl_read
<LI><a href="#[36a]">&gt;&gt;</a>&nbsp;&nbsp;&nbsp;mbedtls_ssl_send_flight_completed
<LI><a href="#[359]">&gt;&gt;</a>&nbsp;&nbsp;&nbsp;mbedtls_ssl_recv_flight_completed
<LI><a href="#[350]">&gt;&gt;</a>&nbsp;&nbsp;&nbsp;mbedtls_ssl_handshake_wrapup
<LI><a href="#[32b]">&gt;&gt;</a>&nbsp;&nbsp;&nbsp;mbedtls_ssl_flight_transmit
<LI><a href="#[325]">&gt;&gt;</a>&nbsp;&nbsp;&nbsp;mbedtls_ssl_fetch_input
<LI><a href="#[36f]">&gt;&gt;</a>&nbsp;&nbsp;&nbsp;ssl_handshake_init
</UL>

<P><STRONG><a name="[360]"></a>ssl_start_renegotiation</STRONG> (Thumb, 144 bytes, Stack size 24 bytes, ssl_tls.o(i.ssl_start_renegotiation))
<BR><BR>[Stack]<UL><LI>Max Depth = 1208 + Unknown Stack Size
<LI>Call Chain = ssl_start_renegotiation &rArr; mbedtls_ssl_handshake &rArr; mbedtls_ssl_handshake_step &rArr; mbedtls_ssl_handshake_client_step &rArr; ssl_parse_server_hello &rArr; mbedtls_ssl_derive_keys &rArr; mbedtls_debug_print_buf &rArr; debug_send_line
</UL>
<BR>[Calls]<UL><LI><a href="#[33f]">&gt;&gt;</a>&nbsp;&nbsp;&nbsp;mbedtls_ssl_handshake
<LI><a href="#[2f4]">&gt;&gt;</a>&nbsp;&nbsp;&nbsp;mbedtls_debug_print_ret
<LI><a href="#[2f2]">&gt;&gt;</a>&nbsp;&nbsp;&nbsp;mbedtls_debug_print_msg
<LI><a href="#[36f]">&gt;&gt;</a>&nbsp;&nbsp;&nbsp;ssl_handshake_init
</UL>
<BR>[Called By]<UL><LI><a href="#[35e]">&gt;&gt;</a>&nbsp;&nbsp;&nbsp;mbedtls_ssl_read
<LI><a href="#[368]">&gt;&gt;</a>&nbsp;&nbsp;&nbsp;mbedtls_ssl_renegotiate
</UL>

<P><STRONG><a name="[32c]"></a>ssl_swap_epochs</STRONG> (Thumb, 112 bytes, Stack size 24 bytes, ssl_tls.o(i.ssl_swap_epochs))
<BR><BR>[Stack]<UL><LI>Max Depth = 600<LI>Call Chain = ssl_swap_epochs &rArr; mbedtls_debug_print_msg &rArr; debug_send_line
</UL>
<BR>[Calls]<UL><LI><a href="#[2f2]">&gt;&gt;</a>&nbsp;&nbsp;&nbsp;mbedtls_debug_print_msg
<LI><a href="#[330]">&gt;&gt;</a>&nbsp;&nbsp;&nbsp;ssl_update_out_pointers
</UL>
<BR>[Called By]<UL><LI><a href="#[32b]">&gt;&gt;</a>&nbsp;&nbsp;&nbsp;mbedtls_ssl_flight_transmit
</UL>

<P><STRONG><a name="[47c]"></a>ssl_transform_init</STRONG> (Thumb, 46 bytes, Stack size 8 bytes, ssl_tls.o(i.ssl_transform_init))
<BR><BR>[Stack]<UL><LI>Max Depth = 16<LI>Call Chain = ssl_transform_init &rArr; mbedtls_cipher_init
</UL>
<BR>[Calls]<UL><LI><a href="#[2de]">&gt;&gt;</a>&nbsp;&nbsp;&nbsp;mbedtls_cipher_init
<LI><a href="#[48b]">&gt;&gt;</a>&nbsp;&nbsp;&nbsp;mbedtls_md_init
<LI><a href="#[12b]">&gt;&gt;</a>&nbsp;&nbsp;&nbsp;__aeabi_memclr4
</UL>
<BR>[Called By]<UL><LI><a href="#[36f]">&gt;&gt;</a>&nbsp;&nbsp;&nbsp;ssl_handshake_init
</UL>

<P><STRONG><a name="[94]"></a>ssl_update_checksum_sha256</STRONG> (Thumb, 24 bytes, Stack size 16 bytes, ssl_tls.o(i.ssl_update_checksum_sha256))
<BR><BR>[Stack]<UL><LI>Max Depth = 360<LI>Call Chain = ssl_update_checksum_sha256 &rArr; mbedtls_sha256_update_ret &rArr; mbedtls_internal_sha256_process
</UL>
<BR>[Calls]<UL><LI><a href="#[229]">&gt;&gt;</a>&nbsp;&nbsp;&nbsp;mbedtls_sha256_update_ret
</UL>
<BR>[Address Reference Count : 1]<UL><LI> ssl_tls.o(i.mbedtls_ssl_optimize_checksum)
</UL>
<P><STRONG><a name="[ae]"></a>ssl_update_checksum_start</STRONG> (Thumb, 24 bytes, Stack size 16 bytes, ssl_tls.o(i.ssl_update_checksum_start))
<BR><BR>[Stack]<UL><LI>Max Depth = 360<LI>Call Chain = ssl_update_checksum_start &rArr; mbedtls_sha256_update_ret &rArr; mbedtls_internal_sha256_process
</UL>
<BR>[Calls]<UL><LI><a href="#[229]">&gt;&gt;</a>&nbsp;&nbsp;&nbsp;mbedtls_sha256_update_ret
</UL>
<BR>[Address Reference Count : 1]<UL><LI> ssl_tls.o(i.ssl_handshake_params_init)
</UL>
<P><STRONG><a name="[356]"></a>ssl_update_in_pointers</STRONG> (Thumb, 78 bytes, Stack size 0 bytes, ssl_tls.o(i.ssl_update_in_pointers))
<BR><BR>[Called By]<UL><LI><a href="#[34e]">&gt;&gt;</a>&nbsp;&nbsp;&nbsp;mbedtls_ssl_parse_change_cipher_spec
<LI><a href="#[36e]">&gt;&gt;</a>&nbsp;&nbsp;&nbsp;ssl_reset_in_out_pointers
</UL>

<P><STRONG><a name="[330]"></a>ssl_update_out_pointers</STRONG> (Thumb, 94 bytes, Stack size 0 bytes, ssl_tls.o(i.ssl_update_out_pointers))
<BR><BR>[Called By]<UL><LI><a href="#[34c]">&gt;&gt;</a>&nbsp;&nbsp;&nbsp;mbedtls_ssl_write_finished
<LI><a href="#[316]">&gt;&gt;</a>&nbsp;&nbsp;&nbsp;mbedtls_ssl_flush_output
<LI><a href="#[32e]">&gt;&gt;</a>&nbsp;&nbsp;&nbsp;mbedtls_ssl_write_record
<LI><a href="#[32c]">&gt;&gt;</a>&nbsp;&nbsp;&nbsp;ssl_swap_epochs
<LI><a href="#[36e]">&gt;&gt;</a>&nbsp;&nbsp;&nbsp;ssl_reset_in_out_pointers
</UL>

<P><STRONG><a name="[372]"></a>ssl_write_real</STRONG> (Thumb, 192 bytes, Stack size 40 bytes, ssl_tls.o(i.ssl_write_real))
<BR><BR>[Stack]<UL><LI>Max Depth = 808<LI>Call Chain = ssl_write_real &rArr; mbedtls_ssl_write_record &rArr; ssl_encrypt_buf &rArr; mbedtls_debug_print_buf &rArr; debug_send_line
</UL>
<BR>[Calls]<UL><LI><a href="#[2f4]">&gt;&gt;</a>&nbsp;&nbsp;&nbsp;mbedtls_debug_print_ret
<LI><a href="#[2f2]">&gt;&gt;</a>&nbsp;&nbsp;&nbsp;mbedtls_debug_print_msg
<LI><a href="#[316]">&gt;&gt;</a>&nbsp;&nbsp;&nbsp;mbedtls_ssl_flush_output
<LI><a href="#[1af]">&gt;&gt;</a>&nbsp;&nbsp;&nbsp;__aeabi_memcpy
<LI><a href="#[32e]">&gt;&gt;</a>&nbsp;&nbsp;&nbsp;mbedtls_ssl_write_record
<LI><a href="#[338]">&gt;&gt;</a>&nbsp;&nbsp;&nbsp;mbedtls_ssl_get_max_out_record_payload
</UL>
<BR>[Called By]<UL><LI><a href="#[371]">&gt;&gt;</a>&nbsp;&nbsp;&nbsp;mbedtls_ssl_write
</UL>

<P><STRONG><a name="[4e8]"></a>tls_prf_generic</STRONG> (Thumb, 278 bytes, Stack size 232 bytes, ssl_tls.o(i.tls_prf_generic))
<BR><BR>[Stack]<UL><LI>Max Depth = 392 + Unknown Stack Size
<LI>Call Chain = tls_prf_generic &rArr; mbedtls_md_setup &rArr; tos_mmheap_calloc &rArr; tos_mmheap_alloc &rArr; blk_prepare_used &rArr; blk_trim_free &rArr; blk_split &rArr; blk_mark_as_free &rArr; blk_link_next &rArr; blk_next
</UL>
<BR>[Calls]<UL><LI><a href="#[1b0]">&gt;&gt;</a>&nbsp;&nbsp;&nbsp;mbedtls_platform_zeroize
<LI><a href="#[308]">&gt;&gt;</a>&nbsp;&nbsp;&nbsp;mbedtls_md_setup
<LI><a href="#[473]">&gt;&gt;</a>&nbsp;&nbsp;&nbsp;mbedtls_md_hmac_update
<LI><a href="#[307]">&gt;&gt;</a>&nbsp;&nbsp;&nbsp;mbedtls_md_hmac_starts
<LI><a href="#[475]">&gt;&gt;</a>&nbsp;&nbsp;&nbsp;mbedtls_md_hmac_reset
<LI><a href="#[474]">&gt;&gt;</a>&nbsp;&nbsp;&nbsp;mbedtls_md_hmac_finish
<LI><a href="#[321]">&gt;&gt;</a>&nbsp;&nbsp;&nbsp;mbedtls_md_get_size
<LI><a href="#[306]">&gt;&gt;</a>&nbsp;&nbsp;&nbsp;mbedtls_md_free
<LI><a href="#[48b]">&gt;&gt;</a>&nbsp;&nbsp;&nbsp;mbedtls_md_init
<LI><a href="#[31f]">&gt;&gt;</a>&nbsp;&nbsp;&nbsp;mbedtls_md_info_from_type
<LI><a href="#[219]">&gt;&gt;</a>&nbsp;&nbsp;&nbsp;strlen
<LI><a href="#[1af]">&gt;&gt;</a>&nbsp;&nbsp;&nbsp;__aeabi_memcpy
</UL>
<BR>[Called By]<UL><LI><a href="#[91]">&gt;&gt;</a>&nbsp;&nbsp;&nbsp;tls_prf_sha256
</UL>

<P><STRONG><a name="[91]"></a>tls_prf_sha256</STRONG> (Thumb, 42 bytes, Stack size 48 bytes, ssl_tls.o(i.tls_prf_sha256))
<BR><BR>[Stack]<UL><LI>Max Depth = 440 + Unknown Stack Size
<LI>Call Chain = tls_prf_sha256 &rArr; tls_prf_generic &rArr; mbedtls_md_setup &rArr; tos_mmheap_calloc &rArr; tos_mmheap_alloc &rArr; blk_prepare_used &rArr; blk_trim_free &rArr; blk_split &rArr; blk_mark_as_free &rArr; blk_link_next &rArr; blk_next
</UL>
<BR>[Calls]<UL><LI><a href="#[4e8]">&gt;&gt;</a>&nbsp;&nbsp;&nbsp;tls_prf_generic
</UL>
<BR>[Address Reference Count : 1]<UL><LI> ssl_tls.o(i.mbedtls_ssl_derive_keys)
</UL>
<P><STRONG><a name="[2fd]"></a>os_get_random</STRONG> (Thumb, 72 bytes, Stack size 24 bytes, entropy_hardware_alt.o(i.os_get_random))
<BR><BR>[Stack]<UL><LI>Max Depth = 24<LI>Call Chain = os_get_random
</UL>
<BR>[Calls]<UL><LI><a href="#[1e9]">&gt;&gt;</a>&nbsp;&nbsp;&nbsp;rand
</UL>
<BR>[Called By]<UL><LI><a href="#[90]">&gt;&gt;</a>&nbsp;&nbsp;&nbsp;mbedtls_hardware_poll
</UL>

<P><STRONG><a name="[30b]"></a>net_would_block</STRONG> (Thumb, 48 bytes, Stack size 16 bytes, net_sockets_alt.o(i.net_would_block))
<BR><BR>[Stack]<UL><LI>Max Depth = 208 + Unknown Stack Size
<LI>Call Chain = net_would_block &rArr; lwip_fcntl &rArr; sys_mutex_lock &rArr; tos_mutex_pend &rArr; tos_mutex_pend_timed &rArr; pend_task_block &rArr; tick_list_add &rArr; tick_task_place &rArr; tos_cpu_cpsr_save
</UL>
<BR>[Calls]<UL><LI><a href="#[286]">&gt;&gt;</a>&nbsp;&nbsp;&nbsp;lwip_fcntl
</UL>
<BR>[Called By]<UL><LI><a href="#[a6]">&gt;&gt;</a>&nbsp;&nbsp;&nbsp;mbedtls_net_send
<LI><a href="#[a5]">&gt;&gt;</a>&nbsp;&nbsp;&nbsp;mbedtls_net_recv
</UL>

<P><STRONG><a name="[178]"></a>_fp_digits</STRONG> (Thumb, 366 bytes, Stack size 64 bytes, printfa.o(i._fp_digits), UNUSED)
<BR><BR>[Calls]<UL><LI><a href="#[fe]">&gt;&gt;</a>&nbsp;&nbsp;&nbsp;__aeabi_uldivmod
<LI><a href="#[111]">&gt;&gt;</a>&nbsp;&nbsp;&nbsp;__aeabi_dmul
<LI><a href="#[112]">&gt;&gt;</a>&nbsp;&nbsp;&nbsp;__aeabi_ddiv
<LI><a href="#[10d]">&gt;&gt;</a>&nbsp;&nbsp;&nbsp;__aeabi_dadd
<LI><a href="#[113]">&gt;&gt;</a>&nbsp;&nbsp;&nbsp;__aeabi_d2ulz
<LI><a href="#[179]">&gt;&gt;</a>&nbsp;&nbsp;&nbsp;__aeabi_cdrcmple
</UL>
<BR>[Called By]<UL><LI><a href="#[170]">&gt;&gt;</a>&nbsp;&nbsp;&nbsp;_printf_core
</UL>

<P><STRONG><a name="[170]"></a>_printf_core</STRONG> (Thumb, 1744 bytes, Stack size 136 bytes, printfa.o(i._printf_core), UNUSED)
<BR><BR>[Calls]<UL><LI><a href="#[fe]">&gt;&gt;</a>&nbsp;&nbsp;&nbsp;__aeabi_uldivmod
<LI><a href="#[17c]">&gt;&gt;</a>&nbsp;&nbsp;&nbsp;__aeabi_uidivmod
<LI><a href="#[17a]">&gt;&gt;</a>&nbsp;&nbsp;&nbsp;_printf_pre_padding
<LI><a href="#[17b]">&gt;&gt;</a>&nbsp;&nbsp;&nbsp;_printf_post_padding
<LI><a href="#[178]">&gt;&gt;</a>&nbsp;&nbsp;&nbsp;_fp_digits
</UL>
<BR>[Called By]<UL><LI><a href="#[174]">&gt;&gt;</a>&nbsp;&nbsp;&nbsp;__0vsnprintf
<LI><a href="#[173]">&gt;&gt;</a>&nbsp;&nbsp;&nbsp;__0vprintf
<LI><a href="#[172]">&gt;&gt;</a>&nbsp;&nbsp;&nbsp;__0sprintf
<LI><a href="#[171]">&gt;&gt;</a>&nbsp;&nbsp;&nbsp;__0snprintf
<LI><a href="#[16f]">&gt;&gt;</a>&nbsp;&nbsp;&nbsp;__0printf
</UL>

<P><STRONG><a name="[17b]"></a>_printf_post_padding</STRONG> (Thumb, 36 bytes, Stack size 24 bytes, printfa.o(i._printf_post_padding), UNUSED)
<BR><BR>[Called By]<UL><LI><a href="#[170]">&gt;&gt;</a>&nbsp;&nbsp;&nbsp;_printf_core
</UL>

<P><STRONG><a name="[17a]"></a>_printf_pre_padding</STRONG> (Thumb, 46 bytes, Stack size 24 bytes, printfa.o(i._printf_pre_padding), UNUSED)
<BR><BR>[Called By]<UL><LI><a href="#[170]">&gt;&gt;</a>&nbsp;&nbsp;&nbsp;_printf_core
</UL>

<P><STRONG><a name="[74]"></a>_snputc</STRONG> (Thumb, 22 bytes, Stack size 0 bytes, printfa.o(i._snputc))
<BR>[Address Reference Count : 2]<UL><LI> printfa.o(i.__0vsnprintf)
<LI> printfa.o(i.__0snprintf)
</UL>
<P><STRONG><a name="[75]"></a>_sputc</STRONG> (Thumb, 10 bytes, Stack size 0 bytes, printfa.o(i._sputc))
<BR><BR>[Called By]<UL><LI><a href="#[172]">&gt;&gt;</a>&nbsp;&nbsp;&nbsp;__0sprintf
</UL>
<BR>[Address Reference Count : 1]<UL><LI> printfa.o(i.__0sprintf)
</UL><P>
<H3>
Undefined Global Symbols
</H3><HR></body></html>
