<html>
<body>
<pre>
<h1>µVision Build Log</h1>
<h2>Tool Versions:</h2>
IDE-Version: ¦ÌVision V5.18.0.0
Copyright (C) 2016 ARM Ltd and ARM Germany GmbH. All rights reserved.
License Information: jack jackjzhao, china, LIC=585GK-ZF7EQ-Z9ZG9-4G6NJ-4LU2I-XHC5X
 
Tool Versions:
Toolchain:       MDK-ARM Standard  Version: 5.18
Toolchain Path:  C:\Keil_v5\ARM\ARMCC\Bin
C Compiler:      Armcc.exe V5.06 update 1 (build 61)
Assembler:       Armasm.exe V5.06 update 1 (build 61)
Linker/Locator:  ArmLink.exe V5.06 update 1 (build 61)
Library Manager: ArmAr.exe V5.06 update 1 (build 61)
Hex Converter:   FromElf.exe V5.06 update 1 (build 61)
CPU DLL:         SARMCM3.DLL V5.18
Dialog DLL:      DCM.DLL V1.13.6.0
Target DLL:      STLink\ST-LINKIII-KEIL_SWO.dll V2.0.18.0
Dialog DLL:      TCM.DLL V1.14.8.0
 
<h2>Project:</h2>
D:\project\os\tencentOS\sw\TencentOS-tiny\board\TencentOS_tiny_EVB_MX\KEIL\farm_ai_demo\TencentOS_tiny.uvprojx
Project File Date:  07/24/2019

<h2>Output:</h2>
*** Using Compiler 'V5.06 update 1 (build 61)', folder: 'C:\Keil_v5\ARM\ARMCC\Bin'
Build target 'TencentOS_tiny'
compiling farm_ai_demo.c...
..\..\..\..\examples\farm_ai_demo\farm_ai_demo.c(44): warning:  #177-D: variable "topic" was declared but never referenced
  	char topic[50]={0};	
..\..\..\..\examples\farm_ai_demo\farm_ai_demo.c(105): warning:  #223-D: function "motor_control" declared implicitly
              motor_control(1);
..\..\..\..\examples\farm_ai_demo\farm_ai_demo.c(109): warning:  #223-D: function "motor_control" declared implicitly
              motor_control(0);
..\..\..\..\examples\farm_ai_demo\farm_ai_demo.c(122): warning:  #223-D: function "light_control" declared implicitly
              light_control(1);
..\..\..\..\examples\farm_ai_demo\farm_ai_demo.c(126): warning:  #223-D: function "light_control" declared implicitly
              light_control(0);
..\..\..\..\examples\farm_ai_demo\farm_ai_demo.c(172): warning:  #167-D: argument of type "uint8_t *" is incompatible with parameter of type "char *"
              parse_dev_cmd(read_data);
..\..\..\..\examples\farm_ai_demo\farm_ai_demo.c(175): warning:  #940-D: missing return statement at end of non-void function "mq_dev_receiv"
  }
..\..\..\..\examples\farm_ai_demo\farm_ai_demo.c(158): warning:  #177-D: variable "topic" was declared but never referenced
      char topic[50];
..\..\..\..\examples\farm_ai_demo\farm_ai_demo.c(192): warning:  #940-D: missing return statement at end of non-void function "mq_dev_subscribe"
  }
..\..\..\..\examples\farm_ai_demo\farm_ai_demo.c(178): warning:  #177-D: variable "topic" was declared but never referenced
     char topic[50];
..\..\..\..\examples\farm_ai_demo\farm_ai_demo.c(256): warning:  #167-D: argument of type "char *" is incompatible with parameter of type "uint8_t *"
      HAL_UART_Transmit(&huart3,data,len+3,1000);
..\..\..\..\examples\farm_ai_demo\farm_ai_demo.c(244): warning:  #177-D: variable "code" was declared but never referenced
      char code=0;
..\..\..\..\examples\farm_ai_demo\farm_ai_demo.c(245): warning:  #177-D: variable "times" was declared but never referenced
      char times=10;
..\..\..\..\examples\farm_ai_demo\farm_ai_demo.c(246): warning:  #177-D: variable "ret" was declared but never referenced
      int ret;
..\..\..\..\examples\farm_ai_demo\farm_ai_demo.c: 14 warnings, 0 errors
linking...
Program Size: Code=43140 RO-data=2912 RW-data=548 ZI-data=38340  
FromELF: creating hex file...
".\obj\TencentOS_tiny.axf" - 0 Error(s), 14 Warning(s).

<h2>Software Packages used:</h2>

Package Vendor: ARM
                http://www.keil.com/pack/ARM.CMSIS.4.5.0.pack
                ARM::CMSIS:CORE:4.3.0
                CMSIS (Cortex Microcontroller Software Interface Standard)
   * Component: CORE Version: 4.3.0

<h2>Collection of Component include folders:</h2>
  D:\project\os\tencentOS\sw\TencentOS-tiny\board\TencentOS_tiny_EVB_MX\KEIL\farm_ai_demo\RTE
  C:\Keil_v5\ARM\PACK\ARM\CMSIS\4.5.0\CMSIS\Include
  C:\Keil_v5\ARM\PACK\Keil\STM32L4xx_DFP\2.0.0\Drivers\CMSIS\Device\ST\STM32L4xx\Include

<h2>Collection of Component Files used:</h2>

   * Component: ARM::CMSIS:CORE:4.3.0
Build Time Elapsed:  00:00:03
</pre>
</body>
</html>
