<html>
<body>
<pre>
<h1>µVision Build Log</h1>
<h2>Tool Versions:</h2>
IDE-Version: ¦ÌVision V5.26.2.0
Copyright (C) 2018 ARM Ltd and ARM Germany GmbH. All rights reserved.
License Information: sheldon dai, tencent, LIC=AK1CX-H5HPV-SGF7K-ZGDWF-QC6LB-GRJE8
 
Tool Versions:
Toolchain:       MDK-ARM Professional  Version: 5.26.2.0
Toolchain Path:  C:\Keil_v5\ARM\ARMCC\Bin
C Compiler:      Armcc.exe V5.06 update 6 (build 750)
Assembler:       Armasm.exe V5.06 update 6 (build 750)
Linker/Locator:  ArmLink.exe V5.06 update 6 (build 750)
Library Manager: ArmAr.exe V5.06 update 6 (build 750)
Hex Converter:   FromElf.exe V5.06 update 6 (build 750)
CPU DLL:         SARMCM3.DLL V5.26.2.0
Dialog DLL:      DCM.DLL V1.17.2.0
Target DLL:      STLink\ST-LINKIII-KEIL_SWO.dll V3.0.5.0
Dialog DLL:      TCM.DLL V1.36.1.0
 
<h2>Project:</h2>
D:\github\ble_dev\TencentOS-tiny\board\Nordic_NRF52840\KEIL\nimble_heart_rate_sensor\TencentOS_tiny.uvprojx
Project File Date:  11/11/2019

<h2>Output:</h2>
*** Using Compiler 'V5.06 update 6 (build 750)', folder: 'C:\Keil_v5\ARM\ARMCC\Bin'
Build target 'TencentOS_tiny'
compiling main.c...
..\..\..\..\examples\nimble_heart_rate_sensor\main.c(152): warning:  #231-D: declaration is not visible outside of function
  blehr_tx_hrate(struct os_event *ev)
..\..\..\..\examples\nimble_heart_rate_sensor\main.c(258): warning:  #223-D: function "nimble_port_get_dflt_eventq" declared implicitly
      ble_npl_callout_init(&blehr_tx_timer, nimble_port_get_dflt_eventq(),
..\..\..\..\examples\nimble_heart_rate_sensor\main.c(258): warning:  #167-D: argument of type "int" is incompatible with parameter of type "struct ble_npl_eventq *"
      ble_npl_callout_init(&blehr_tx_timer, nimble_port_get_dflt_eventq(),
..\..\..\..\examples\nimble_heart_rate_sensor\main.c(259): warning:  #167-D: argument of type "void (*)(struct os_event *)" is incompatible with parameter of type "ble_npl_event_fn *"
                      blehr_tx_hrate, NULL);
..\..\..\..\examples\nimble_heart_rate_sensor\main.c(271): warning:  #167-D: argument of type "void (*)(void)" is incompatible with parameter of type "k_task_entry_t"
      nimble_port_tencentos_tiny_init(nimble_port_run);
..\..\..\..\examples\nimble_heart_rate_sensor\main.c(281): warning:  #223-D: function "board_init" declared implicitly
      board_init();
..\..\..\..\examples\nimble_heart_rate_sensor\main.c(286): warning:  #223-D: function "nimble_port_init" declared implicitly
      nimble_port_init();
..\..\..\..\examples\nimble_heart_rate_sensor\main.c(288): warning:  #167-D: argument of type "int (*)(void)" is incompatible with parameter of type "k_task_entry_t"
      tos_task_create(&ble_boot_task, "boot", ble_boot, NULL,
..\..\..\..\examples\nimble_heart_rate_sensor\main.c: 8 warnings, 0 errors
linking...
Program Size: Code=144772 RO-data=6220 RW-data=1080 ZI-data=44296  
".\Objects\TencentOS_tiny.axf" - 0 Error(s), 8 Warning(s).

<h2>Software Packages used:</h2>

Package Vendor: ARM
                http://www.keil.com/pack/ARM.CMSIS.5.6.0.pack
                ARM.CMSIS.5.6.0
                CMSIS (Cortex Microcontroller Software Interface Standard)
   * Component: CORE Version: 5.3.0

Package Vendor: NordicSemiconductor
                http://developer.nordicsemi.com/nRF5_SDK/pieces/nRF_DeviceFamilyPack/NordicSemiconductor.nRF_DeviceFamilyPack.8.24.1.pack
                NordicSemiconductor.nRF_DeviceFamilyPack.8.24.1
                Nordic Semiconductor nRF ARM devices Device Family Pack.

<h2>Collection of Component include folders:</h2>
  .\RTE\_TencentOS_tiny
  C:\Keil_v5\ARM\PACK\ARM\CMSIS\5.6.0\CMSIS\Core\Include
  C:\Keil_v5\ARM\PACK\NordicSemiconductor\nRF_DeviceFamilyPack\8.24.1\Device\Include

<h2>Collection of Component Files used:</h2>

   * Component: ARM::CMSIS:CORE:5.3.0
Build Time Elapsed:  00:00:02
</pre>
</body>
</html>
