<html>
<body>
<pre>
<h1>µVision Build Log</h1>
<h2>Tool Versions:</h2>
IDE-Version: ¦ÌVision V5.26.2.0
Copyright (C) 2018 ARM Ltd and ARM Germany GmbH. All rights reserved.
License Information: sheldon dai, tencent, LIC=AK1CX-H5HPV-SGF7K-ZGDWF-QC6LB-GRJE8
 
Tool Versions:
Toolchain:       MDK-ARM Professional  Version: 5.26.2.0
Toolchain Path:  C:\Keil_v5\ARM\ARMCC\Bin
C Compiler:      Armcc.exe V5.06 update 6 (build 750)
Assembler:       Armasm.exe V5.06 update 6 (build 750)
Linker/Locator:  ArmLink.exe V5.06 update 6 (build 750)
Library Manager: ArmAr.exe V5.06 update 6 (build 750)
Hex Converter:   FromElf.exe V5.06 update 6 (build 750)
CPU DLL:         SARMCM3.DLL V5.26.2.0
Dialog DLL:      DCM.DLL V1.17.2.0
Target DLL:      STLink\ST-LINKIII-KEIL_SWO.dll V3.0.5.0
Dialog DLL:      TCM.DLL V1.36.1.0
 
<h2>Project:</h2>
D:\Code\tencentos_tiny\temp_develop\TencentOS-tiny\board\TencentOS_tiny_EVB_MX\KEIL\tencent_cloud_sdk_data_template\TencentOS_tiny.uvprojx
Project File Date:  09/05/2019

<h2>Output:</h2>
*** Using Compiler 'V5.06 update 6 (build 750)', folder: 'C:\Keil_v5\ARM\ARMCC\Bin'
Build target 'TencentOS_tiny'
compiling main.c...
compiling dac.c...
compiling mcu_init.c...
compiling gpio.c...
compiling usart.c...
compiling adc.c...
compiling stm32l4xx_hal_msp.c...
compiling i2c.c...
compiling spi.c...
compiling stm32l4xx_it_module.c...
compiling tencent_cloud_sdk_explorer.c...
..\..\..\..\examples\tencent_cloud_sdk_data_template\tencent_cloud_sdk_explorer.c(19): warning:  #223-D: function "data_template_light_thread" declared implicitly
      data_template_light_thread();
..\..\..\..\examples\tencent_cloud_sdk_data_template\tencent_cloud_sdk_explorer.c: 1 warning, 0 errors
compiling light_data_template_sample.c...
..\..\..\..\examples\tencent_cloud_sdk_data_template\light_data_template_sample.c(320): warning:  #223-D: function "OLED_ShowString" declared implicitly
      OLED_ShowString(0, 0, (uint8_t *)color, 8);
..\..\..\..\examples\tencent_cloud_sdk_data_template\light_data_template_sample.c(332): warning:  #223-D: function "OLED_ShowString" declared implicitly
      OLED_ShowString(0, 2, (uint8_t *)brightness_str, 8);
..\..\..\..\examples\tencent_cloud_sdk_data_template\light_data_template_sample.c(338): warning:  #223-D: function "OLED_Clear" declared implicitly
      OLED_Clear();
..\..\..\..\examples\tencent_cloud_sdk_data_template\light_data_template_sample.c(345): warning:  #223-D: function "OLED_Clear" declared implicitly
      OLED_Clear();
..\..\..\..\examples\tencent_cloud_sdk_data_template\light_data_template_sample.c(346): warning:  #223-D: function "OLED_ShowString" declared implicitly
      OLED_ShowString(0, 0, (uint8_t *)info, 16);
..\..\..\..\examples\tencent_cloud_sdk_data_template\light_data_template_sample.c: 5 warnings, 0 errors
compiling stm32l4xx_hal_tim.c...
compiling stm32l4xx_hal_tim_ex.c...
compiling stm32l4xx_hal_uart_ex.c...
compiling stm32l4xx_hal_uart.c...
compiling stm32l4xx_hal.c...
compiling stm32l4xx_hal_i2c_ex.c...
compiling stm32l4xx_hal_i2c.c...
compiling stm32l4xx_hal_rcc.c...
compiling stm32l4xx_hal_rcc_ex.c...
compiling stm32l4xx_hal_flash.c...
compiling stm32l4xx_hal_flash_ramfunc.c...
compiling stm32l4xx_hal_flash_ex.c...
compiling stm32l4xx_hal_gpio.c...
compiling stm32l4xx_hal_dma_ex.c...
compiling stm32l4xx_hal_dma.c...
compiling stm32l4xx_hal_pwr.c...
compiling stm32l4xx_hal_pwr_ex.c...
compiling stm32l4xx_hal_cortex.c...
compiling stm32l4xx_hal_adc_ex.c...
compiling stm32l4xx_hal_adc.c...
compiling stm32l4xx_hal_spi_ex.c...
compiling stm32l4xx_hal_dac_ex.c...
compiling stm32l4xx_hal_dac.c...
compiling system_stm32l4xx.c...
compiling DHT11_BUS.c...
compiling stm32l4xx_hal_spi.c...
compiling oled.c...
compiling BH1750.c...
compiling tos_mmblk.c...
compiling tos_msg.c...
compiling tos_mmheap.c...
compiling tos_mutex.c...
compiling tos_queue.c...
compiling tos_sched.c...
compiling tos_sem.c...
compiling tos_sys.c...
compiling tos_task.c...
compiling tos_tick.c...
compiling tos_time.c...
compiling tos_timer.c...
compiling tos_fifo.c...
compiling tos_global.c...
compiling tos_event.c...
compiling tos_pend.c...
compiling tos_robin.c...
compiling lora_module_wrapper.c...
compiling sal_module_wrapper.c...
compiling tencent_firmware_module_wrapper.c...
compiling tos_cpu.c...
compiling port_c.c...
compiling cmsis_os.c...
compiling esp8266.c...
..\..\..\..\devices\esp8266\esp8266.c(83): warning:  #177-D: function "esp8266_transparent_exit"  was declared but never referenced
  static void esp8266_transparent_exit(void)
..\..\..\..\devices\esp8266\esp8266.c: 1 warning, 0 errors
compiling RHF76.c...
compiling bc35_28_95.c...
compiling sim800a.c...
compiling esp8266_tencent_firmware.c...
compiling tos_hal_uart.c...
compiling entropy_hardware_alt.c...
compiling tos_at.c...
compiling aesni.c...
compiling aes.c...
compiling tos_at_utils.c...
compiling arc4.c...
compiling aria.c...
compiling net_module_alt.c...
compiling timing_alt.c...
compiling asn1parse.c...
compiling asn1write.c...
compiling base64.c...
compiling blowfish.c...
compiling bignum.c...
compiling ccm.c...
compiling camellia.c...
compiling certs.c...
compiling chachapoly.c...
compiling chacha20.c...
compiling cmac.c...
compiling cipher_wrap.c...
compiling ctr_drbg.c...
compiling cipher.c...
compiling dhm.c...
compiling ecdh.c...
compiling debug.c...
compiling ecdsa.c...
compiling des.c...
compiling ecjpake.c...
compiling havege.c...
compiling entropy.c...
compiling ecp.c...
compiling ecp_curves.c...
compiling gcm.c...
compiling entropy_poll.c...
compiling error.c...
compiling hmac_drbg.c...
compiling hkdf.c...
compiling md2.c...
compiling nist_kw.c...
compiling net_sockets.c...
compiling md.c...
compiling memory_buffer_alloc.c...
compiling md_wrap.c...
compiling md5.c...
compiling md4.c...
compiling oid.c...
compiling pkcs11.c...
compiling padlock.c...
compiling pk_wrap.c...
compiling pkparse.c...
compiling pk.c...
compiling pkwrite.c...
compiling platform.c...
compiling pem.c...
compiling pkcs12.c...
compiling pkcs5.c...
compiling poly1305.c...
compiling platform_util.c...
compiling rsa_internal.c...
compiling sha256.c...
compiling ripemd160.c...
compiling ssl_cache.c...
compiling ssl_ciphersuites.c...
compiling rsa.c...
compiling sha512.c...
compiling sha1.c...
compiling ssl_ticket.c...
compiling ssl_cookie.c...
compiling ssl_cli.c...
compiling version.c...
compiling timing.c...
compiling x509.c...
compiling threading.c...
compiling ssl_srv.c...
compiling ssl_tls.c...
compiling version_features.c...
compiling x509write_crt.c...
compiling x509_csr.c...
compiling x509_crt.c...
compiling x509_create.c...
compiling x509_crl.c...
compiling x509write_csr.c...
compiling qcloud_device.c...
compiling qcloud_network.c...
compiling qcloud_log.c...
compiling qcloud_tls.c...
compiling xtea.c...
compiling qcloud_base64.c...
compiling qcloud_json_token.c...
compiling qcloud_hmac.c...
compiling qcloud_aes.c...
compiling qcloud_mqtt_client.c...
compiling qcloud_string_utils.c...
compiling qcloud_md5.c...
compiling qcloud_httpc.c...
compiling qcloud_sha1.c...
compiling qcloud_json_parser.c...
compiling qcloud_mqtt_common.c...
compiling qcloud_mqtt_connect.c...
compiling qcloud_mqtt_publish.c...
compiling qcloud_mqtt_glue.c...
compiling osal_dtls.c...
compiling qcloud_mqtt_subscribe.c...
compiling qcloud_mqtt_unsubscribe.c...
compiling qcloud_mqtt_yield.c...
compiling qcloud_shadow_glue.c...
compiling qcloud_shadow_client.c...
compiling qcloud_shadow_json.c...
compiling qcloud_event.c...
compiling qcloud_event_json.c...
compiling osal_tls.c...
compiling osal_tcp_module.c...
compiling osal_os.c...
compiling osal_udp_module.c...
compiling osal_timer.c...
linking...
Program Size: Code=137036 RO-data=19676 RW-data=708 ZI-data=63044  
FromELF: creating hex file...
".\obj\TencentOS_tiny.axf" - 0 Error(s), 7 Warning(s).

<h2>Software Packages used:</h2>

Package Vendor: ARM
                http://www.keil.com/pack/ARM.CMSIS.5.4.0.pack
                ARM.CMSIS.5.4.0
                CMSIS (Cortex Microcontroller Software Interface Standard)
   * Component: CORE Version: 5.1.2

Package Vendor: Keil
                http://www.keil.com/pack/Keil.STM32L4xx_DFP.2.0.0.pack
                Keil.STM32L4xx_DFP.2.0.0
                STMicroelectronics STM32L4 Series Device Support, Drivers and Examples

<h2>Collection of Component include folders:</h2>
  .\RTE\_TencentOS_tiny
  C:\Keil_v5\ARM\PACK\ARM\CMSIS\5.4.0\CMSIS\Core\Include
  C:\Keil_v5\ARM\PACK\Keil\STM32L4xx_DFP\2.0.0\Drivers\CMSIS\Device\ST\STM32L4xx\Include

<h2>Collection of Component Files used:</h2>

   * Component: ARM::CMSIS:CORE:5.1.2
Build Time Elapsed:  00:00:19
</pre>
</body>
</html>
