<html>
<body>
<pre>
<h1>µVision Build Log</h1>
<h2>Tool Versions:</h2>
IDE-Version: ¦ÌVision V5.30.0.0
Copyright (C) 2020 ARM Ltd and ARM Germany GmbH. All rights reserved.
License Information: 1 2, 3, LIC=VGXG8-3EBEY-FWM2N-Y5VPW-1RV7D-LEXKU
 
Tool Versions:
Toolchain:       MDK-ARM Plus  Version: 5.30.0.0
Toolchain Path:  D:\software\Keil\ARM\ARMCLANG\Bin
C Compiler:      ArmClang.exe V6.14
Assembler:       Armasm.exe V6.14
Linker/Locator:  ArmLink.exe V6.14
Library Manager: ArmAr.exe V6.14
Hex Converter:   FromElf.exe V6.14
CPU DLL:         SARMCM3.DLL V5.30.0.0
Dialog DLL:      DCM.DLL V1.17.3.0
Target DLL:      STLink\ST-LINKIII-KEIL_SWO.dll V3.0.7.0
Dialog DLL:      TCM.DLL V1.42.0.0
 
<h2>Project:</h2>
D:\Code\Project\tencentos\TencentOS-tiny\board\NUCLEO_STM32L496ZG\KEIL\hello_world\TencentOS_tiny.uvprojx
Project File Date:  09/08/2021

<h2>Output:</h2>
*** Using Compiler 'V6.14', folder: 'D:\software\Keil\ARM\ARMCLANG\Bin'
Build target 'TencentOS_tiny'
compiling gpio.c...
compiling sys.c...
compiling stm32l4xx_hal_msp.c...
compiling main.c...
compiling stm32l4xx_it.c...
compiling usart.c...
compiling mcu_init.c...
compiling dcmi.c...
compiling dma.c...
compiling tim.c...
compiling spi.c...
compiling i2c.c...
compiling stm32l4xx_hal_uart_ex.c...
compiling stm32l4xx_hal.c...
compiling stm32l4xx_hal_uart.c...
compiling stm32l4xx_hal_i2c_ex.c...
compiling stm32l4xx_hal_flash.c...
compiling stm32l4xx_hal_rcc.c...
compiling stm32l4xx_hal_rcc_ex.c...
compiling stm32l4xx_hal_flash_ex.c...
compiling stm32l4xx_hal_flash_ramfunc.c...
compiling stm32l4xx_hal_dma_ex.c...
compiling stm32l4xx_hal_i2c.c...
compiling stm32l4xx_hal_gpio.c...
compiling stm32l4xx_hal_dma.c...
compiling stm32l4xx_hal_pwr.c...
compiling stm32l4xx_hal_cortex.c...
compiling stm32l4xx_hal_pwr_ex.c...
compiling stm32l4xx_hal_exti.c...
compiling stm32l4xx_hal_dcmi.c...
compiling stm32l4xx_hal_spi_ex.c...
compiling stm32l4xx_hal_tim_ex.c...
compiling system_stm32l4xx.c...
compiling tos_cpu.c...
compiling stm32l4xx_hal_tim.c...
compiling tos_completion.c...
compiling stm32l4xx_hal_spi.c...
compiling port_c.c...
compiling tos_char_fifo.c...
compiling tos_binary_heap.c...
compiling tos_countdownlatch.c...
compiling tos_event.c...
compiling tos_global.c...
compiling tos_mmheap.c...
compiling tos_mail_queue.c...
compiling tos_message_queue.c...
compiling tos_mmblk.c...
compiling tos_mutex.c...
compiling tos_pend.c...
compiling tos_priority_mail_queue.c...
compiling tos_priority_message_queue.c...
compiling tos_robin.c...
compiling tos_ring_queue.c...
compiling tos_priority_queue.c...
compiling tos_sched.c...
compiling tos_sem.c...
compiling tos_sys.c...
compiling tos_tick.c...
compiling tos_time.c...
compiling tos_timer.c...
compiling delay.c...
compiling tos_task.c...
compiling cmsis_os.c...
compiling lcd_config.c...
compiling lcd_2inch4.c...
compiling hello_world.c...
compiling ov2640.c...
compiling sccb.c...
linking...
Program Size: Code=20332 RO-data=728 RW-data=56 ZI-data=45088  
FromELF: creating hex file...
"TencentOS_tiny\TencentOS_tiny.axf" - 0 Error(s), 0 Warning(s).

<h2>Software Packages used:</h2>

Package Vendor: ARM
                http://www.keil.com/pack/ARM.CMSIS.5.7.0.pack
                ARM.CMSIS.5.7.0
                CMSIS (Cortex Microcontroller Software Interface Standard)
   * Component: CORE Version: 5.4.0

Package Vendor: Keil
                https://www.keil.com/pack/Keil.STM32L4xx_DFP.2.5.0.pack
                Keil.STM32L4xx_DFP.2.5.0
                STMicroelectronics STM32L4 Series Device Support, Drivers and Examples

<h2>Collection of Component include folders:</h2>
  .\RTE\_TencentOS_tiny
  D:\software\Keil\ARM\CMSIS\5.7.0\CMSIS\Core\Include
  D:\software\Keil\Keil\STM32L4xx_DFP\2.5.0\Drivers\CMSIS\Device\ST\STM32L4xx\Include

<h2>Collection of Component Files used:</h2>

   * Component: ARM::CMSIS:CORE:5.4.0
Build Time Elapsed:  00:00:12
</pre>
</body>
</html>
