<html>
<body>
<pre>
<h1>µVision Build Log</h1>
<h2>Tool Versions:</h2>
IDE-Version: ¦ÌVision V5.26.2.0
Copyright (C) 2018 ARM Ltd and ARM Germany GmbH. All rights reserved.
License Information: sheldon dai, tencent, LIC=AK1CX-H5HPV-SGF7K-ZGDWF-QC6LB-GRJE8
 
Tool Versions:
Toolchain:       MDK-ARM Professional  Version: 5.26.2.0
Toolchain Path:  C:\Keil_v5\ARM\ARMCC\Bin
C Compiler:      Armcc.exe V5.06 update 6 (build 750)
Assembler:       Armasm.exe V5.06 update 6 (build 750)
Linker/Locator:  ArmLink.exe V5.06 update 6 (build 750)
Library Manager: ArmAr.exe V5.06 update 6 (build 750)
Hex Converter:   FromElf.exe V5.06 update 6 (build 750)
CPU DLL:         SARMCM3.DLL V5.26.2.0
Dialog DLL:      DCM.DLL V1.17.2.0
Target DLL:      STLink\ST-LINKIII-KEIL_SWO.dll V3.0.5.0
Dialog DLL:      TCM.DLL V1.36.1.0
 
<h2>Project:</h2>
D:\github\ble_dev\TencentOS-tiny\board\Nordic_NRF52840\KEIL\nimble_gatt\TencentOS_tiny.uvprojx
Project File Date:  11/12/2019

<h2>Output:</h2>
*** Using Compiler 'V5.06 update 6 (build 750)', folder: 'C:\Keil_v5\ARM\ARMCC\Bin'
Build target 'TencentOS_tiny'
compiling main.c...
..\..\..\..\examples\nimble_gatt\main.c(97): warning:  #177-D: variable "adv_params"  was declared but never referenced
      struct ble_gap_adv_params adv_params;
..\..\..\..\examples\nimble_gatt\main.c(165): warning:  #167-D: argument of type "void (*)(void)" is incompatible with parameter of type "k_task_entry_t"
      nimble_port_tencentos_tiny_init(nimble_port_run);
..\..\..\..\examples\nimble_gatt\main.c(206): warning:  #223-D: function "board_init" declared implicitly
      board_init();
..\..\..\..\examples\nimble_gatt\main.c(211): warning:  #223-D: function "nimble_port_init" declared implicitly
      nimble_port_init();
..\..\..\..\examples\nimble_gatt\main.c(218): warning:  #167-D: argument of type "int (*)(void)" is incompatible with parameter of type "k_task_entry_t"
      tos_task_create(&ble_boot_task, "boot", ble_boot, NULL,
..\..\..\..\examples\nimble_gatt\main.c(78): warning:  #177-D: variable "gatt_svr_svc_rw_demo_uuid"  was declared but never referenced
  static const ble_uuid128_t gatt_svr_svc_rw_demo_uuid
..\..\..\..\examples\nimble_gatt\main.c(82): warning:  #177-D: variable "svc_adv_uuids_128"  was declared but never referenced
  static ble_uuid128_t svc_adv_uuids_128[] =
..\..\..\..\examples\nimble_gatt\main.c: 7 warnings, 0 errors
compiling nimble_port_tencentos_tiny.c...
linking...
Program Size: Code=145348 RO-data=6336 RW-data=1040 ZI-data=45856  
".\Objects\TencentOS_tiny.axf" - 0 Error(s), 7 Warning(s).

<h2>Software Packages used:</h2>

Package Vendor: ARM
                http://www.keil.com/pack/ARM.CMSIS.5.6.0.pack
                ARM.CMSIS.5.6.0
                CMSIS (Cortex Microcontroller Software Interface Standard)
   * Component: CORE Version: 5.3.0

Package Vendor: NordicSemiconductor
                http://developer.nordicsemi.com/nRF5_SDK/pieces/nRF_DeviceFamilyPack/NordicSemiconductor.nRF_DeviceFamilyPack.8.24.1.pack
                NordicSemiconductor.nRF_DeviceFamilyPack.8.24.1
                Nordic Semiconductor nRF ARM devices Device Family Pack.

<h2>Collection of Component include folders:</h2>
  .\RTE\_TencentOS_tiny
  C:\Keil_v5\ARM\PACK\ARM\CMSIS\5.6.0\CMSIS\Core\Include
  C:\Keil_v5\ARM\PACK\NordicSemiconductor\nRF_DeviceFamilyPack\8.24.1\Device\Include

<h2>Collection of Component Files used:</h2>

   * Component: ARM::CMSIS:CORE:5.3.0
Build Time Elapsed:  00:00:04
</pre>
</body>
</html>
