<html>
<body>
<pre>
<h1>礦ision Build Log</h1>
<h2>Tool Versions:</h2>
IDE-Version: μVision V5.26.2.0
Copyright (C) 2018 ARM Ltd and ARM Germany GmbH. All rights reserved.
License Information: sheldon dai, tencent, LIC=AK1CX-H5HPV-SGF7K-ZGDWF-QC6LB-GRJE8
 
Tool Versions:
Toolchain:       MDK-ARM Professional  Version: 5.26.2.0
Toolchain Path:  C:\Keil_v5\ARM\ARMCC\Bin
C Compiler:      Armcc.exe V5.06 update 6 (build 750)
Assembler:       Armasm.exe V5.06 update 6 (build 750)
Linker/Locator:  ArmLink.exe V5.06 update 6 (build 750)
Library Manager: ArmAr.exe V5.06 update 6 (build 750)
Hex Converter:   FromElf.exe V5.06 update 6 (build 750)
CPU DLL:         SARMCM3.DLL V5.26.2.0
Dialog DLL:      DCM.DLL V1.17.2.0
Target DLL:      STLink\ST-LINKIII-KEIL_SWO.dll V3.0.5.0
Dialog DLL:      TCM.DLL V1.36.1.0
 
<h2>Project:</h2>
D:\github\master\TencentOS-tiny\board\ALIENTEK_W601\KEIL\hello_world\TencentOS_tiny.uvprojx
Project File Date:  10/28/2019

<h2>Output:</h2>
*** Using Compiler 'V5.06 update 6 (build 750)', folder: 'C:\Keil_v5\ARM\ARMCC\Bin'
Build target 'TencentOS_tiny'
compiling beep.c...
compiling usart.c...
compiling key.c...
compiling dwt.c...
compiling main.c...
compiling sys.c...
compiling led.c...
assembling startup.s...
compiling misc.c...
compiling wm_gpio.c...
compiling wm_cpu.c...
compiling wm_gpio_afsel.c...
compiling wm_io.c...
compiling wm_timer.c...
compiling wm_pmu.c...
compiling wm_irq.c...
compiling tos_cpu.c...
assembling port_s.S...
compiling tos_event.c...
compiling port_c.c...
compiling tos_global.c...
compiling tos_mmblk.c...
compiling tos_mutex.c...
compiling tos_mmheap.c...
compiling tos_pend.c...
compiling tos_robin.c...
compiling tos_sched.c...
compiling tos_sem.c...
compiling tos_sys.c...
compiling tos_tick.c...
compiling tos_time.c...
compiling tos_task.c...
compiling tos_timer.c...
compiling tos_binary_heap.c...
compiling tos_completion.c...
compiling tos_char_fifo.c...
compiling tos_countdownlatch.c...
compiling tos_message_queue.c...
compiling tos_mail_queue.c...
compiling tos_priority_mail_queue.c...
compiling tos_priority_message_queue.c...
compiling tos_priority_queue.c...
compiling tos_ring_queue.c...
compiling hello_world.c...
compiling cmsis_os.c...
linking...
Program Size: Code=9164 RO-data=408 RW-data=120 ZI-data=11304  
FromELF: creating hex file...
After Build - User command #1: fromelf.exe --bin -o "..\OBJ\TencentOS_tiny.bin" "..\OBJ\TencentOS_tiny.axf"
After Build - User command #2: makeimg.bat
已复制         1 个文件。
已复制         1 个文件。
secboot_len:4948, app_imglen:2614, total:10614
"..\OBJ\TencentOS_tiny.axf" - 0 Error(s), 0 Warning(s).

<h2>Software Packages used:</h2>

Package Vendor: ARM
                http://www.keil.com/pack/ARM.CMSIS.5.6.0.pack
                ARM.CMSIS.5.6.0
                CMSIS (Cortex Microcontroller Software Interface Standard)

<h2>Collection of Component include folders:</h2>
  .\RTE\_TencentOS_tiny
  C:\Keil_v5\ARM\PACK\ARM\CMSIS\5.6.0\Device\ARM\ARMCM3\Include

<h2>Collection of Component Files used:</h2>
Build Time Elapsed:  00:00:07
</pre>
</body>
</html>
