<html>
<body>
<pre>
<h1>µVision Build Log</h1>
<h2>Tool Versions:</h2>
IDE-Version: µVision V5.26.2.0
Copyright (C) 2018 ARM Ltd and ARM Germany GmbH. All rights reserved.
License Information: arthur Microsoft, Microsoft, LIC=2TTQ1-CJN11-8Y7VV-PZWYN-PU1X8-9S4FH
 
Tool Versions:
Toolchain:       MDK-ARM Professional  Version: 5.26.2.0
Toolchain Path:  d:\Keil_v5\ARM\ARMCC\Bin
C Compiler:      Armcc.exe V5.06 update 6 (build 750)
Assembler:       Armasm.exe V5.06 update 6 (build 750)
Linker/Locator:  ArmLink.exe V5.06 update 6 (build 750)
Library Manager: ArmAr.exe V5.06 update 6 (build 750)
Hex Converter:   FromElf.exe V5.06 update 6 (build 750)
CPU DLL:         SARMCM3.DLL V5.26.2.0
Dialog DLL:      DCM.DLL V1.17.2.0
Target DLL:      STLink\ST-LINKIII-KEIL_SWO.dll V3.0.5.0
Dialog DLL:      TCM.DLL V1.36.1.0
 
<h2>Project:</h2>
D:\TOS\TencentOS-tiny\board\TencentOS_tiny_EVB_MX_Plus\KEIL\posix\TencentOS_tiny.uvprojx
Project File Date:  02/27/2020

<h2>Output:</h2>
*** Using Compiler 'V5.06 update 6 (build 750)', folder: 'd:\Keil_v5\ARM\ARMCC\Bin'
Rebuild target 'TencentOS_tiny'
assembling startup_stm32l431xx.s...
compiling gpio.c...
compiling stm32l4xx_it.c...
compiling stm32l4xx_hal_msp.c...
compiling main.c...
compiling mcu_init.c...
compiling usart.c...
compiling adc.c...
compiling dac.c...
compiling stm32l4xx_hal_tim_ex.c...
compiling i2c.c...
compiling posix_sample.c...
compiling spi.c...
compiling stm32l4xx_hal_tim.c...
compiling stm32l4xx_hal_uart.c...
compiling stm32l4xx_hal_uart_ex.c...
compiling stm32l4xx_hal_i2c_ex.c...
compiling stm32l4xx_hal_i2c.c...
compiling stm32l4xx_hal_rcc.c...
compiling stm32l4xx_hal.c...
compiling stm32l4xx_hal_flash.c...
compiling stm32l4xx_hal_rcc_ex.c...
compiling stm32l4xx_hal_flash_ex.c...
compiling stm32l4xx_hal_flash_ramfunc.c...
compiling stm32l4xx_hal_dma.c...
compiling stm32l4xx_hal_gpio.c...
compiling stm32l4xx_hal_dma_ex.c...
compiling stm32l4xx_hal_pwr_ex.c...
compiling stm32l4xx_hal_pwr.c...
compiling stm32l4xx_hal_cortex.c...
compiling stm32l4xx_hal_dac_ex.c...
compiling stm32l4xx_hal_adc_ex.c...
compiling stm32l4xx_hal_dac.c...
compiling stm32l4xx_hal_adc.c...
compiling stm32l4xx_hal_spi_ex.c...
compiling stm32l4xx_hal_spi.c...
compiling system_stm32l4xx.c...
compiling tos_binary_heap.c...
compiling oled.c...
compiling DHT11_BUS.c...
compiling tos_char_fifo.c...
compiling tos_completion.c...
compiling tos_countdownlatch.c...
compiling tos_event.c...
compiling tos_mail_queue.c...
compiling tos_global.c...
compiling tos_message_queue.c...
compiling tos_mmblk.c...
compiling tos_mutex.c...
compiling tos_mmheap.c...
compiling tos_pend.c...
compiling tos_priority_message_queue.c...
compiling tos_ring_queue.c...
compiling tos_priority_queue.c...
compiling tos_priority_mail_queue.c...
compiling tos_sched.c...
compiling tos_robin.c...
compiling tos_sem.c...
compiling tos_tick.c...
compiling tos_sys.c...
compiling tos_task.c...
compiling tos_time.c...
compiling tos_timer.c...
compiling tos_barrier.c...
assembling port_s.S...
compiling tos_bitmap.c...
compiling tos_cpu.c...
compiling tos_stopwatch.c...
compiling tos_rwlock.c...
compiling cmsis_os.c...
compiling pthread.c...
compiling port_c.c...
compiling pthread_prv.c...
compiling time_prv.c...
compiling semaphore.c...
compiling time.c...
compiling timer_prv.c...
compiling mqueue_prv.c...
compiling mqueue.c...
compiling sched.c...
compiling tos_posix.c...
linking...
Program Size: Code=23380 RO-data=2664 RW-data=312 ZI-data=42888  
FromELF: creating hex file...
".\obj\TencentOS_tiny.axf" - 0 Error(s), 0 Warning(s).

<h2>Software Packages used:</h2>

Package Vendor: ARM
                http://www.keil.com/pack/ARM.CMSIS.5.4.0.pack
                ARM.CMSIS.5.4.0
                CMSIS (Cortex Microcontroller Software Interface Standard)
   * Component: CORE Version: 5.1.2

Package Vendor: Keil
                http://www.keil.com/pack/Keil.STM32L4xx_DFP.2.2.0.pack
                Keil.STM32L4xx_DFP.2.2.0
                STMicroelectronics STM32L4 Series Device Support, Drivers and Examples

<h2>Collection of Component include folders:</h2>
  .\RTE\_TencentOS_tiny
  d:\Keil_v5\ARM\PACK\ARM\CMSIS\5.4.0\CMSIS\Core\Include
  d:\Keil_v5\ARM\PACK\Keil\STM32L4xx_DFP\2.2.0\Drivers\CMSIS\Device\ST\STM32L4xx\Include

<h2>Collection of Component Files used:</h2>

   * Component: ARM::CMSIS:CORE:5.1.2
Build Time Elapsed:  00:00:22
</pre>
</body>
</html>
